The MPI test test_mpi for C in mode normal failed to compile with the following output:
Change Dir: /home/user/fast_lio2_ws/fast_lio2_ws/build/fast_lio/CMakeFiles/CMakeTmp

Run Build Command(s):/usr/bin/gmake -f Makefile cmTC_648d6/fast && /usr/bin/gmake  -f CMakeFiles/cmTC_648d6.dir/build.make CMakeFiles/cmTC_648d6.dir/build
gmake[1]: Entering directory '/home/user/fast_lio2_ws/fast_lio2_ws/build/fast_lio/CMakeFiles/CMakeTmp'
Building C object CMakeFiles/cmTC_648d6.dir/test_mpi.c.o
/usr/bin/cc  -isystem /usr/lib/aarch64-linux-gnu/openmpi/include/openmpi -fexceptions   -fopenmp  -fPIE -o CMakeFiles/cmTC_648d6.dir/test_mpi.c.o -c /usr/share/cmake-3.22/Modules/FindMPI/test_mpi.c
/usr/share/cmake-3.22/Modules/FindMPI/test_mpi.c:1:10: fatal error: mpi.h: No such file or directory
    1 | #include <mpi.h>
      |          ^~~~~~~
compilation terminated.
gmake[1]: *** [CMakeFiles/cmTC_648d6.dir/build.make:78: CMakeFiles/cmTC_648d6.dir/test_mpi.c.o] Error 1
gmake[1]: Leaving directory '/home/user/fast_lio2_ws/fast_lio2_ws/build/fast_lio/CMakeFiles/CMakeTmp'
gmake: *** [Makefile:127: cmTC_648d6/fast] Error 2



The MPI test test_mpi for C in mode normal failed to compile with the following output:
Change Dir: /home/user/fast_lio2_ws/fast_lio2_ws/build/fast_lio/CMakeFiles/CMakeTmp

Run Build Command(s):/usr/bin/gmake -f Makefile cmTC_e5816/fast && /usr/bin/gmake  -f CMakeFiles/cmTC_e5816.dir/build.make CMakeFiles/cmTC_e5816.dir/build
gmake[1]: Entering directory '/home/user/fast_lio2_ws/fast_lio2_ws/build/fast_lio/CMakeFiles/CMakeTmp'
Building C object CMakeFiles/cmTC_e5816.dir/test_mpi.c.o
/usr/bin/cc  -isystem /usr/lib/aarch64-linux-gnu/openmpi/include/openmpi -fexceptions   -fopenmp  -fPIE -o CMakeFiles/cmTC_e5816.dir/test_mpi.c.o -c /usr/share/cmake-3.22/Modules/FindMPI/test_mpi.c
/usr/share/cmake-3.22/Modules/FindMPI/test_mpi.c:1:10: fatal error: mpi.h: No such file or directory
    1 | #include <mpi.h>
      |          ^~~~~~~
compilation terminated.
gmake[1]: *** [CMakeFiles/cmTC_e5816.dir/build.make:78: CMakeFiles/cmTC_e5816.dir/test_mpi.c.o] Error 1
gmake[1]: Leaving directory '/home/user/fast_lio2_ws/fast_lio2_ws/build/fast_lio/CMakeFiles/CMakeTmp'
gmake: *** [Makefile:127: cmTC_e5816/fast] Error 2



The MPI test test_mpi for C in mode normal failed to compile with the following output:
Change Dir: /home/user/fast_lio2_ws/fast_lio2_ws/build/fast_lio/CMakeFiles/CMakeTmp

Run Build Command(s):/usr/bin/gmake -f Makefile cmTC_93ff1/fast && /usr/bin/gmake  -f CMakeFiles/cmTC_93ff1.dir/build.make CMakeFiles/cmTC_93ff1.dir/build
gmake[1]: Entering directory '/home/user/fast_lio2_ws/fast_lio2_ws/build/fast_lio/CMakeFiles/CMakeTmp'
Building C object CMakeFiles/cmTC_93ff1.dir/test_mpi.c.o
/usr/bin/cc  -isystem /usr/lib/aarch64-linux-gnu/openmpi/include/openmpi -fexceptions   -fopenmp  -fPIE -o CMakeFiles/cmTC_93ff1.dir/test_mpi.c.o -c /usr/share/cmake-3.22/Modules/FindMPI/test_mpi.c
/usr/share/cmake-3.22/Modules/FindMPI/test_mpi.c:1:10: fatal error: mpi.h: No such file or directory
    1 | #include <mpi.h>
      |          ^~~~~~~
compilation terminated.
gmake[1]: *** [CMakeFiles/cmTC_93ff1.dir/build.make:78: CMakeFiles/cmTC_93ff1.dir/test_mpi.c.o] Error 1
gmake[1]: Leaving directory '/home/user/fast_lio2_ws/fast_lio2_ws/build/fast_lio/CMakeFiles/CMakeTmp'
gmake: *** [Makefile:127: cmTC_93ff1/fast] Error 2



The MPI test test_mpi for C in mode normal failed to compile with the following output:
Change Dir: /home/user/fast_lio2_ws/fast_lio2_ws/build/fast_lio/CMakeFiles/CMakeTmp

Run Build Command(s):/usr/bin/gmake -f Makefile cmTC_ddfa9/fast && /usr/bin/gmake  -f CMakeFiles/cmTC_ddfa9.dir/build.make CMakeFiles/cmTC_ddfa9.dir/build
gmake[1]: Entering directory '/home/user/fast_lio2_ws/fast_lio2_ws/build/fast_lio/CMakeFiles/CMakeTmp'
Building C object CMakeFiles/cmTC_ddfa9.dir/test_mpi.c.o
/usr/bin/cc  -isystem /usr/lib/aarch64-linux-gnu/openmpi/include/openmpi -fexceptions   -fopenmp  -fPIE -o CMakeFiles/cmTC_ddfa9.dir/test_mpi.c.o -c /usr/share/cmake-3.22/Modules/FindMPI/test_mpi.c
/usr/share/cmake-3.22/Modules/FindMPI/test_mpi.c:1:10: fatal error: mpi.h: No such file or directory
    1 | #include <mpi.h>
      |          ^~~~~~~
compilation terminated.
gmake[1]: *** [CMakeFiles/cmTC_ddfa9.dir/build.make:78: CMakeFiles/cmTC_ddfa9.dir/test_mpi.c.o] Error 1
gmake[1]: Leaving directory '/home/user/fast_lio2_ws/fast_lio2_ws/build/fast_lio/CMakeFiles/CMakeTmp'
gmake: *** [Makefile:127: cmTC_ddfa9/fast] Error 2



The MPI test test_mpi for C in mode normal failed to compile with the following output:
Change Dir: /home/user/fast_lio2_ws/fast_lio2_ws/build/fast_lio/CMakeFiles/CMakeTmp

Run Build Command(s):/usr/bin/gmake -f Makefile cmTC_6fd5a/fast && /usr/bin/gmake  -f CMakeFiles/cmTC_6fd5a.dir/build.make CMakeFiles/cmTC_6fd5a.dir/build
gmake[1]: Entering directory '/home/user/fast_lio2_ws/fast_lio2_ws/build/fast_lio/CMakeFiles/CMakeTmp'
Building C object CMakeFiles/cmTC_6fd5a.dir/test_mpi.c.o
/usr/bin/cc  -isystem /usr/lib/aarch64-linux-gnu/openmpi/include/openmpi -fexceptions   -fopenmp  -fPIE -o CMakeFiles/cmTC_6fd5a.dir/test_mpi.c.o -c /usr/share/cmake-3.22/Modules/FindMPI/test_mpi.c
/usr/share/cmake-3.22/Modules/FindMPI/test_mpi.c:1:10: fatal error: mpi.h: No such file or directory
    1 | #include <mpi.h>
      |          ^~~~~~~
compilation terminated.
gmake[1]: *** [CMakeFiles/cmTC_6fd5a.dir/build.make:78: CMakeFiles/cmTC_6fd5a.dir/test_mpi.c.o] Error 1
gmake[1]: Leaving directory '/home/user/fast_lio2_ws/fast_lio2_ws/build/fast_lio/CMakeFiles/CMakeTmp'
gmake: *** [Makefile:127: cmTC_6fd5a/fast] Error 2



