[0.021s] Invoking command in '/home/user/fast_lio2_ws/fast_lio2_ws/build/livox_ros_driver2': CMAKE_PREFIX_PATH=/opt/ros/humble /usr/bin/cmake /home/user/fast_lio2_ws/fast_lio2_ws/src/FAST_LIO_ROS2/livox_ros_driver2 -DAMENT_CMAKE_SYMLINK_INSTALL=1 -DCMAKE_INSTALL_PREFIX=/home/user/fast_lio2_ws/fast_lio2_ws/install/livox_ros_driver2
[0.141s] -- The C compiler identification is GNU 11.4.0
[0.247s] -- The CXX compiler identification is GNU 11.4.0
[0.262s] -- Detecting C compiler ABI info
[0.397s] -- Detecting C compiler ABI info - done
[0.410s] -- Check for working C compiler: /usr/bin/cc - skipped
[0.411s] -- Detecting C compile features
[0.411s] -- Detecting C compile features - done
[0.418s] -- Detecting CXX compiler ABI info
[0.566s] -- Detecting CXX compiler ABI info - done
[0.581s] -- Check for working CXX compiler: /usr/bin/c++ - skipped
[0.582s] -- Detecting CXX compile features
[0.582s] -- Detecting CXX compile features - done
[0.584s] -- livox_ros_driver2 version: 1.0.0
[0.586s] -- Found ament_cmake_auto: 1.3.14 (/opt/ros/humble/share/ament_cmake_auto/cmake)
[0.931s] -- Found Python3: /usr/bin/python3 (found version "3.10.12") found components: Interpreter 
[1.128s] -- Override CMake install command with custom implementation using symlinks instead of copying resources
[1.430s] -- Using all available rosidl_typesupport_c: rosidl_typesupport_fastrtps_c;rosidl_typesupport_introspection_c
[1.449s] -- Found rosidl_adapter: 3.1.8 (/opt/ros/humble/share/rosidl_adapter/cmake)
[1.598s] -- Using all available rosidl_typesupport_cpp: rosidl_typesupport_fastrtps_cpp;rosidl_typesupport_introspection_cpp
[1.819s] -- Found rmw_implementation_cmake: 6.1.2 (/opt/ros/humble/share/rmw_implementation_cmake/cmake)
[1.825s] -- Found rmw_fastrtps_cpp: 6.2.10 (/opt/ros/humble/share/rmw_fastrtps_cpp/cmake)
[2.312s] -- Found OpenSSL: /usr/lib/aarch64-linux-gnu/libcrypto.so (found version "3.0.2")  
[2.406s] -- Found FastRTPS: /opt/ros/humble/include  
[2.569s] -- Using RMW implementation 'rmw_fastrtps_cpp' as default
[2.601s] -- Looking for pthread.h
[3.018s] -- Looking for pthread.h - found
[3.018s] -- Performing Test CMAKE_HAVE_LIBC_PTHREAD
[3.525s] -- Performing Test CMAKE_HAVE_LIBC_PTHREAD - Success
[3.529s] -- Found Threads: TRUE  
[4.020s] -- Checking for module 'eigen3'
[4.109s] --   Found eigen3, version 3.4.0
[4.389s] -- Found Eigen: /usr/include/eigen3 (Required is at least version "3.1") 
[4.389s] -- Eigen found (include: /usr/include/eigen3, version: 3.4.0)
[4.510s] -- Checking for module 'flann'
[4.641s] --   Found flann, version 1.9.1
[4.943s] -- Found FLANN: /usr/lib/aarch64-linux-gnu/libflann_cpp.so  
[4.943s] -- FLANN found (include: /usr/include, lib: /usr/lib/aarch64-linux-gnu/libflann_cpp.so)
[9.958s] -- Checking for module 'libusb-1.0'
[10.070s] --   Found libusb-1.0, version 1.0.25
[10.328s] -- Found libusb: /usr/lib/aarch64-linux-gnu/libusb-1.0.so  
[10.331s] -- OpenNI found (version: 1.5.4.0, include: /usr/include/ni, lib: /usr/lib/libOpenNI.so;libusb::libusb)
[10.766s] -- OpenNI2 found (version: 2.2.0.33, include: /usr/include/openni2, lib: /usr/lib/aarch64-linux-gnu/libOpenNI2.so;libusb::libusb)
[11.312s] -- Eigen found (include: /usr/include/eigen3, version: 3.4.0)
[11.328s] -- OpenNI found (version: 1.5.4.0, include: /usr/include/ni, lib: /usr/lib/libOpenNI.so;libusb::libusb)
[11.353s] -- OpenNI2 found (version: 2.2.0.33, include: /usr/include/openni2, lib: /usr/lib/aarch64-linux-gnu/libOpenNI2.so;libusb::libusb)
[12.134s] -- Found Qhull version 8.0.2
[13.001s] -- OpenNI found (version: 1.5.4.0, include: /usr/include/ni, lib: /usr/lib/libOpenNI.so;libusb::libusb)
[13.671s] -- Found PCL_COMMON: /usr/lib/aarch64-linux-gnu/libpcl_common.so  
[13.675s] -- Found PCL_KDTREE: /usr/lib/aarch64-linux-gnu/libpcl_kdtree.so  
[13.678s] -- Found PCL_OCTREE: /usr/lib/aarch64-linux-gnu/libpcl_octree.so  
[13.682s] -- Found PCL_SEARCH: /usr/lib/aarch64-linux-gnu/libpcl_search.so  
[13.685s] -- Found PCL_SAMPLE_CONSENSUS: /usr/lib/aarch64-linux-gnu/libpcl_sample_consensus.so  
[13.689s] -- Found PCL_FILTERS: /usr/lib/aarch64-linux-gnu/libpcl_filters.so  
[13.690s] -- Found PCL_2D: /usr/include/pcl-1.12  
[13.692s] -- Found PCL_GEOMETRY: /usr/include/pcl-1.12  
[13.695s] -- Found PCL_IO: /usr/lib/aarch64-linux-gnu/libpcl_io.so  
[13.700s] -- Found PCL_FEATURES: /usr/lib/aarch64-linux-gnu/libpcl_features.so  
[13.703s] -- Found PCL_ML: /usr/lib/aarch64-linux-gnu/libpcl_ml.so  
[13.707s] -- Found PCL_SEGMENTATION: /usr/lib/aarch64-linux-gnu/libpcl_segmentation.so  
[13.711s] -- Found PCL_VISUALIZATION: /usr/lib/aarch64-linux-gnu/libpcl_visualization.so  
[13.715s] -- Found PCL_SURFACE: /usr/lib/aarch64-linux-gnu/libpcl_surface.so  
[13.718s] -- Found PCL_REGISTRATION: /usr/lib/aarch64-linux-gnu/libpcl_registration.so  
[13.723s] -- Found PCL_KEYPOINTS: /usr/lib/aarch64-linux-gnu/libpcl_keypoints.so  
[13.727s] -- Found PCL_TRACKING: /usr/lib/aarch64-linux-gnu/libpcl_tracking.so  
[13.730s] -- Found PCL_RECOGNITION: /usr/lib/aarch64-linux-gnu/libpcl_recognition.so  
[13.734s] -- Found PCL_STEREO: /usr/lib/aarch64-linux-gnu/libpcl_stereo.so  
[13.738s] -- Found PCL_APPS: /usr/lib/aarch64-linux-gnu/libpcl_apps.so  
[13.740s] -- Found PCL_IN_HAND_SCANNER: /usr/include/pcl-1.12  
[13.742s] -- Found PCL_MODELER: /usr/include/pcl-1.12  
[13.745s] -- Found PCL_POINT_CLOUD_EDITOR: /usr/include/pcl-1.12  
[13.749s] -- Found PCL_OUTOFCORE: /usr/lib/aarch64-linux-gnu/libpcl_outofcore.so  
[13.753s] -- Found PCL_PEOPLE: /usr/lib/aarch64-linux-gnu/libpcl_people.so  
[13.859s] -- Found PkgConfig: /usr/bin/pkg-config (found version "0.29.2") 
[13.859s] -- Checking for module 'apr-1'
[13.881s] --   No package 'apr-1' found
[14.587s] -- Found ament_cmake_ros: 0.10.0 (/opt/ros/humble/share/ament_cmake_ros/cmake)
[15.273s] -- Using all available rosidl_typesupport_c: rosidl_typesupport_fastrtps_c;rosidl_typesupport_introspection_c
[16.496s] -- Using all available rosidl_typesupport_cpp: rosidl_typesupport_fastrtps_cpp;rosidl_typesupport_introspection_cpp
[16.576s] -- Found PythonInterp: /usr/bin/python3 (found suitable version "3.10.12", minimum required is "3.6") 
[16.578s] -- Found python_cmake_module: 0.10.0 (/opt/ros/humble/share/python_cmake_module/cmake)
[16.664s] -- Found PythonLibs: /usr/lib/aarch64-linux-gnu/libpython3.10.so (found suitable version "3.10.12", minimum required is "3.5") 
[16.665s] -- Using PYTHON_EXECUTABLE: /usr/bin/python3
[16.665s] -- Using PYTHON_INCLUDE_DIRS: /usr/include/python3.10
[16.665s] -- Using PYTHON_LIBRARIES: /usr/lib/aarch64-linux-gnu/libpython3.10.so
[16.776s] -- Found PythonExtra: .so  
[17.347s] -- Found ament_lint_auto: 0.12.15 (/opt/ros/humble/share/ament_lint_auto/cmake)
[17.416s] -- Added test 'copyright' to check source files copyright and LICENSE
[17.427s] -- Added test 'cppcheck' to perform static code analysis on C / C++ code
[17.430s] -- Configured cppcheck include dirs: /home/user/fast_lio2_ws/fast_lio2_ws/src/FAST_LIO_ROS2/livox_ros_driver2/3rdparty;/home/user/fast_lio2_ws/fast_lio2_ws/src/FAST_LIO_ROS2/livox_ros_driver2/src
[17.430s] -- Configured cppcheck exclude dirs and/or files: 
[17.440s] -- Added test 'cpplint' to check C / C++ code against the Google style
[17.441s] -- Configured cpplint exclude dirs and/or files: 
[17.444s] -- Added test 'flake8' to check Python code syntax and style conventions
[17.448s] -- Added test 'lint_cmake' to check CMake code style
[17.452s] -- Added test 'pep257' to check Python code against some of the docstring style conventions in PEP 257
[17.462s] -- Added test 'uncrustify' to check C / C++ code style
[17.462s] -- Configured uncrustify additional arguments: 
[17.466s] -- Added test 'xmllint' to check XML markup files
[17.480s] -- Configuring done
[17.499s] CMake Error: The following variables are used in this project, but they are set to NOTFOUND.
[17.499s] Please set them or make sure they are set and tested correctly in the CMake files:
[17.499s] /home/user/fast_lio2_ws/fast_lio2_ws/src/FAST_LIO_ROS2/livox_ros_driver2/LIVOX_INTERFACES_INCLUDE_DIRECTORIES
[17.500s]    used as include directory in directory /home/user/fast_lio2_ws/fast_lio2_ws/src/FAST_LIO_ROS2/livox_ros_driver2
[17.500s] 
[17.740s] -- Generating done
[17.759s] CMake Generate step failed.  Build files cannot be regenerated correctly.
[19.585s] Invoked command in '/home/user/fast_lio2_ws/fast_lio2_ws/build/livox_ros_driver2' returned '1': CMAKE_PREFIX_PATH=/opt/ros/humble /usr/bin/cmake /home/user/fast_lio2_ws/fast_lio2_ws/src/FAST_LIO_ROS2/livox_ros_driver2 -DAMENT_CMAKE_SYMLINK_INSTALL=1 -DCMAKE_INSTALL_PREFIX=/home/user/fast_lio2_ws/fast_lio2_ws/install/livox_ros_driver2
