In file included from /home/user/fast_lio2_ws/fast_lio2_ws/src/Livox-SDK2/sdk_core/../3rdparty/rapidjson/stream.h:19,
                 from /home/user/fast_lio2_ws/fast_lio2_ws/src/Livox-SDK2/sdk_core/../3rdparty/rapidjson/memorystream.h:22,
                 from /home/user/fast_lio2_ws/fast_lio2_ws/src/Livox-SDK2/sdk_core/../3rdparty/rapidjson/encodedstream.h:22,
                 from /home/user/fast_lio2_ws/fast_lio2_ws/src/Livox-SDK2/sdk_core/../3rdparty/rapidjson/document.h:26,
                 from /home/user/fast_lio2_ws/fast_lio2_ws/src/Livox-SDK2/sdk_core/command_handler/parse_lidar_state_info.h:38,
                 from /home/user/fast_lio2_ws/fast_lio2_ws/src/Livox-SDK2/sdk_core/command_handler/parse_lidar_state_info.cpp:2:
/home/user/fast_lio2_ws/fast_lio2_ws/src/Livox-SDK2/sdk_core/../3rdparty/rapidjson/rapidjson.h:542:29: warning: unknown option after ‘#pragma GCC diagnostic’ kind [-Wpragmas]
  542 | #define RAPIDJSON_PRAGMA(x) _Pragma(RAPIDJSON_STRINGIFY(x))
      |                             ^~~~~~~
/home/user/fast_lio2_ws/fast_lio2_ws/src/Livox-SDK2/sdk_core/../3rdparty/rapidjson/rapidjson.h:543:34: note: in expansion of macro ‘RAPIDJSON_PRAGMA’
  543 | #define RAPIDJSON_DIAG_PRAGMA(x) RAPIDJSON_PRAGMA(GCC diagnostic x)
      |                                  ^~~~~~~~~~~~~~~~
/home/user/fast_lio2_ws/fast_lio2_ws/src/Livox-SDK2/sdk_core/../3rdparty/rapidjson/rapidjson.h:545:3: note: in expansion of macro ‘RAPIDJSON_DIAG_PRAGMA’
  545 |   RAPIDJSON_DIAG_PRAGMA(ignored RAPIDJSON_STRINGIFY(RAPIDJSON_JOIN(-W, x)))
      |   ^~~~~~~~~~~~~~~~~~~~~
/home/user/fast_lio2_ws/fast_lio2_ws/src/Livox-SDK2/sdk_core/../3rdparty/rapidjson/internal/dtoa.h:36:1: note: in expansion of macro ‘RAPIDJSON_DIAG_OFF’
   36 | RAPIDJSON_DIAG_OFF(array - bounds)  // some gcc versions generate wrong warnings
      | ^~~~~~~~~~~~~~~~~~
/home/user/fast_lio2_ws/fast_lio2_ws/src/Livox-SDK2/sdk_core/../3rdparty/rapidjson/rapidjson.h:542:29: note: did you mean ‘-Warray-bounds’?
  542 | #define RAPIDJSON_PRAGMA(x) _Pragma(RAPIDJSON_STRINGIFY(x))
      |                             ^~~~~~~
/home/user/fast_lio2_ws/fast_lio2_ws/src/Livox-SDK2/sdk_core/../3rdparty/rapidjson/rapidjson.h:543:34: note: in expansion of macro ‘RAPIDJSON_PRAGMA’
  543 | #define RAPIDJSON_DIAG_PRAGMA(x) RAPIDJSON_PRAGMA(GCC diagnostic x)
      |                                  ^~~~~~~~~~~~~~~~
/home/user/fast_lio2_ws/fast_lio2_ws/src/Livox-SDK2/sdk_core/../3rdparty/rapidjson/rapidjson.h:545:3: note: in expansion of macro ‘RAPIDJSON_DIAG_PRAGMA’
  545 |   RAPIDJSON_DIAG_PRAGMA(ignored RAPIDJSON_STRINGIFY(RAPIDJSON_JOIN(-W, x)))
      |   ^~~~~~~~~~~~~~~~~~~~~
/home/user/fast_lio2_ws/fast_lio2_ws/src/Livox-SDK2/sdk_core/../3rdparty/rapidjson/internal/dtoa.h:36:1: note: in expansion of macro ‘RAPIDJSON_DIAG_OFF’
   36 | RAPIDJSON_DIAG_OFF(array - bounds)  // some gcc versions generate wrong warnings
      | ^~~~~~~~~~~~~~~~~~
In file included from /home/user/fast_lio2_ws/fast_lio2_ws/src/Livox-SDK2/sdk_core/../3rdparty/rapidjson/stream.h:19,
                 from /home/user/fast_lio2_ws/fast_lio2_ws/src/Livox-SDK2/sdk_core/../3rdparty/rapidjson/memorystream.h:22,
                 from /home/user/fast_lio2_ws/fast_lio2_ws/src/Livox-SDK2/sdk_core/../3rdparty/rapidjson/encodedstream.h:22,
                 from /home/user/fast_lio2_ws/fast_lio2_ws/src/Livox-SDK2/sdk_core/../3rdparty/rapidjson/document.h:26,
                 from /home/user/fast_lio2_ws/fast_lio2_ws/src/Livox-SDK2/sdk_core/command_handler/parse_lidar_state_info.h:38,
                 from /home/user/fast_lio2_ws/fast_lio2_ws/src/Livox-SDK2/sdk_core/command_handler/hap_command_handler.cpp:37:
/home/user/fast_lio2_ws/fast_lio2_ws/src/Livox-SDK2/sdk_core/../3rdparty/rapidjson/rapidjson.h:542:29: warning: unknown option after ‘#pragma GCC diagnostic’ kind [-Wpragmas]
  542 | #define RAPIDJSON_PRAGMA(x) _Pragma(RAPIDJSON_STRINGIFY(x))
      |                             ^~~~~~~
/home/user/fast_lio2_ws/fast_lio2_ws/src/Livox-SDK2/sdk_core/../3rdparty/rapidjson/rapidjson.h:543:34: note: in expansion of macro ‘RAPIDJSON_PRAGMA’
  543 | #define RAPIDJSON_DIAG_PRAGMA(x) RAPIDJSON_PRAGMA(GCC diagnostic x)
      |                                  ^~~~~~~~~~~~~~~~
/home/user/fast_lio2_ws/fast_lio2_ws/src/Livox-SDK2/sdk_core/../3rdparty/rapidjson/rapidjson.h:545:3: note: in expansion of macro ‘RAPIDJSON_DIAG_PRAGMA’
  545 |   RAPIDJSON_DIAG_PRAGMA(ignored RAPIDJSON_STRINGIFY(RAPIDJSON_JOIN(-W, x)))
      |   ^~~~~~~~~~~~~~~~~~~~~
/home/user/fast_lio2_ws/fast_lio2_ws/src/Livox-SDK2/sdk_core/../3rdparty/rapidjson/internal/dtoa.h:36:1: note: in expansion of macro ‘RAPIDJSON_DIAG_OFF’
   36 | RAPIDJSON_DIAG_OFF(array - bounds)  // some gcc versions generate wrong warnings
      | ^~~~~~~~~~~~~~~~~~
/home/user/fast_lio2_ws/fast_lio2_ws/src/Livox-SDK2/sdk_core/../3rdparty/rapidjson/rapidjson.h:542:29: note: did you mean ‘-Warray-bounds’?
  542 | #define RAPIDJSON_PRAGMA(x) _Pragma(RAPIDJSON_STRINGIFY(x))
      |                             ^~~~~~~
/home/user/fast_lio2_ws/fast_lio2_ws/src/Livox-SDK2/sdk_core/../3rdparty/rapidjson/rapidjson.h:543:34: note: in expansion of macro ‘RAPIDJSON_PRAGMA’
  543 | #define RAPIDJSON_DIAG_PRAGMA(x) RAPIDJSON_PRAGMA(GCC diagnostic x)
      |                                  ^~~~~~~~~~~~~~~~
/home/user/fast_lio2_ws/fast_lio2_ws/src/Livox-SDK2/sdk_core/../3rdparty/rapidjson/rapidjson.h:545:3: note: in expansion of macro ‘RAPIDJSON_DIAG_PRAGMA’
  545 |   RAPIDJSON_DIAG_PRAGMA(ignored RAPIDJSON_STRINGIFY(RAPIDJSON_JOIN(-W, x)))
      |   ^~~~~~~~~~~~~~~~~~~~~
/home/user/fast_lio2_ws/fast_lio2_ws/src/Livox-SDK2/sdk_core/../3rdparty/rapidjson/internal/dtoa.h:36:1: note: in expansion of macro ‘RAPIDJSON_DIAG_OFF’
   36 | RAPIDJSON_DIAG_OFF(array - bounds)  // some gcc versions generate wrong warnings
      | ^~~~~~~~~~~~~~~~~~
In file included from /home/user/fast_lio2_ws/fast_lio2_ws/src/Livox-SDK2/sdk_core/../3rdparty/rapidjson/stream.h:19,
                 from /home/user/fast_lio2_ws/fast_lio2_ws/src/Livox-SDK2/sdk_core/../3rdparty/rapidjson/memorystream.h:22,
                 from /home/user/fast_lio2_ws/fast_lio2_ws/src/Livox-SDK2/sdk_core/../3rdparty/rapidjson/encodedstream.h:22,
                 from /home/user/fast_lio2_ws/fast_lio2_ws/src/Livox-SDK2/sdk_core/../3rdparty/rapidjson/document.h:26,
                 from /home/user/fast_lio2_ws/fast_lio2_ws/src/Livox-SDK2/sdk_core/command_handler/parse_lidar_state_info.h:38,
                 from /home/user/fast_lio2_ws/fast_lio2_ws/src/Livox-SDK2/sdk_core/command_handler/mid360_command_handler.cpp:37:
/home/user/fast_lio2_ws/fast_lio2_ws/src/Livox-SDK2/sdk_core/../3rdparty/rapidjson/rapidjson.h:542:29: warning: unknown option after ‘#pragma GCC diagnostic’ kind [-Wpragmas]
  542 | #define RAPIDJSON_PRAGMA(x) _Pragma(RAPIDJSON_STRINGIFY(x))
      |                             ^~~~~~~
/home/user/fast_lio2_ws/fast_lio2_ws/src/Livox-SDK2/sdk_core/../3rdparty/rapidjson/rapidjson.h:543:34: note: in expansion of macro ‘RAPIDJSON_PRAGMA’
  543 | #define RAPIDJSON_DIAG_PRAGMA(x) RAPIDJSON_PRAGMA(GCC diagnostic x)
      |                                  ^~~~~~~~~~~~~~~~
/home/user/fast_lio2_ws/fast_lio2_ws/src/Livox-SDK2/sdk_core/../3rdparty/rapidjson/rapidjson.h:545:3: note: in expansion of macro ‘RAPIDJSON_DIAG_PRAGMA’
  545 |   RAPIDJSON_DIAG_PRAGMA(ignored RAPIDJSON_STRINGIFY(RAPIDJSON_JOIN(-W, x)))
      |   ^~~~~~~~~~~~~~~~~~~~~
/home/user/fast_lio2_ws/fast_lio2_ws/src/Livox-SDK2/sdk_core/../3rdparty/rapidjson/internal/dtoa.h:36:1: note: in expansion of macro ‘RAPIDJSON_DIAG_OFF’
   36 | RAPIDJSON_DIAG_OFF(array - bounds)  // some gcc versions generate wrong warnings
      | ^~~~~~~~~~~~~~~~~~
/home/user/fast_lio2_ws/fast_lio2_ws/src/Livox-SDK2/sdk_core/../3rdparty/rapidjson/rapidjson.h:542:29: note: did you mean ‘-Warray-bounds’?
  542 | #define RAPIDJSON_PRAGMA(x) _Pragma(RAPIDJSON_STRINGIFY(x))
      |                             ^~~~~~~
/home/user/fast_lio2_ws/fast_lio2_ws/src/Livox-SDK2/sdk_core/../3rdparty/rapidjson/rapidjson.h:543:34: note: in expansion of macro ‘RAPIDJSON_PRAGMA’
  543 | #define RAPIDJSON_DIAG_PRAGMA(x) RAPIDJSON_PRAGMA(GCC diagnostic x)
      |                                  ^~~~~~~~~~~~~~~~
/home/user/fast_lio2_ws/fast_lio2_ws/src/Livox-SDK2/sdk_core/../3rdparty/rapidjson/rapidjson.h:545:3: note: in expansion of macro ‘RAPIDJSON_DIAG_PRAGMA’
  545 |   RAPIDJSON_DIAG_PRAGMA(ignored RAPIDJSON_STRINGIFY(RAPIDJSON_JOIN(-W, x)))
      |   ^~~~~~~~~~~~~~~~~~~~~
/home/user/fast_lio2_ws/fast_lio2_ws/src/Livox-SDK2/sdk_core/../3rdparty/rapidjson/internal/dtoa.h:36:1: note: in expansion of macro ‘RAPIDJSON_DIAG_OFF’
   36 | RAPIDJSON_DIAG_OFF(array - bounds)  // some gcc versions generate wrong warnings
      | ^~~~~~~~~~~~~~~~~~
In file included from /home/user/fast_lio2_ws/fast_lio2_ws/src/Livox-SDK2/sdk_core/../3rdparty/rapidjson/stream.h:19,
                 from /home/user/fast_lio2_ws/fast_lio2_ws/src/Livox-SDK2/sdk_core/../3rdparty/rapidjson/memorystream.h:22,
                 from /home/user/fast_lio2_ws/fast_lio2_ws/src/Livox-SDK2/sdk_core/../3rdparty/rapidjson/encodedstream.h:22,
                 from /home/user/fast_lio2_ws/fast_lio2_ws/src/Livox-SDK2/sdk_core/../3rdparty/rapidjson/document.h:26,
                 from /home/user/fast_lio2_ws/fast_lio2_ws/src/Livox-SDK2/sdk_core/command_handler/parse_lidar_state_info.h:38,
                 from /home/user/fast_lio2_ws/fast_lio2_ws/src/Livox-SDK2/sdk_core/command_handler/mid360s_command_handler.cpp:37:
/home/user/fast_lio2_ws/fast_lio2_ws/src/Livox-SDK2/sdk_core/../3rdparty/rapidjson/rapidjson.h:542:29: warning: unknown option after ‘#pragma GCC diagnostic’ kind [-Wpragmas]
  542 | #define RAPIDJSON_PRAGMA(x) _Pragma(RAPIDJSON_STRINGIFY(x))
      |                             ^~~~~~~
/home/user/fast_lio2_ws/fast_lio2_ws/src/Livox-SDK2/sdk_core/../3rdparty/rapidjson/rapidjson.h:543:34: note: in expansion of macro ‘RAPIDJSON_PRAGMA’
  543 | #define RAPIDJSON_DIAG_PRAGMA(x) RAPIDJSON_PRAGMA(GCC diagnostic x)
      |                                  ^~~~~~~~~~~~~~~~
/home/user/fast_lio2_ws/fast_lio2_ws/src/Livox-SDK2/sdk_core/../3rdparty/rapidjson/rapidjson.h:545:3: note: in expansion of macro ‘RAPIDJSON_DIAG_PRAGMA’
  545 |   RAPIDJSON_DIAG_PRAGMA(ignored RAPIDJSON_STRINGIFY(RAPIDJSON_JOIN(-W, x)))
      |   ^~~~~~~~~~~~~~~~~~~~~
/home/user/fast_lio2_ws/fast_lio2_ws/src/Livox-SDK2/sdk_core/../3rdparty/rapidjson/internal/dtoa.h:36:1: note: in expansion of macro ‘RAPIDJSON_DIAG_OFF’
   36 | RAPIDJSON_DIAG_OFF(array - bounds)  // some gcc versions generate wrong warnings
      | ^~~~~~~~~~~~~~~~~~
/home/user/fast_lio2_ws/fast_lio2_ws/src/Livox-SDK2/sdk_core/../3rdparty/rapidjson/rapidjson.h:542:29: note: did you mean ‘-Warray-bounds’?
  542 | #define RAPIDJSON_PRAGMA(x) _Pragma(RAPIDJSON_STRINGIFY(x))
      |                             ^~~~~~~
/home/user/fast_lio2_ws/fast_lio2_ws/src/Livox-SDK2/sdk_core/../3rdparty/rapidjson/rapidjson.h:543:34: note: in expansion of macro ‘RAPIDJSON_PRAGMA’
  543 | #define RAPIDJSON_DIAG_PRAGMA(x) RAPIDJSON_PRAGMA(GCC diagnostic x)
      |                                  ^~~~~~~~~~~~~~~~
/home/user/fast_lio2_ws/fast_lio2_ws/src/Livox-SDK2/sdk_core/../3rdparty/rapidjson/rapidjson.h:545:3: note: in expansion of macro ‘RAPIDJSON_DIAG_PRAGMA’
  545 |   RAPIDJSON_DIAG_PRAGMA(ignored RAPIDJSON_STRINGIFY(RAPIDJSON_JOIN(-W, x)))
      |   ^~~~~~~~~~~~~~~~~~~~~
/home/user/fast_lio2_ws/fast_lio2_ws/src/Livox-SDK2/sdk_core/../3rdparty/rapidjson/internal/dtoa.h:36:1: note: in expansion of macro ‘RAPIDJSON_DIAG_OFF’
   36 | RAPIDJSON_DIAG_OFF(array - bounds)  // some gcc versions generate wrong warnings
      | ^~~~~~~~~~~~~~~~~~
In file included from /home/user/fast_lio2_ws/fast_lio2_ws/src/Livox-SDK2/sdk_core/../3rdparty/rapidjson/stream.h:19,
                 from /home/user/fast_lio2_ws/fast_lio2_ws/src/Livox-SDK2/sdk_core/../3rdparty/rapidjson/memorystream.h:22,
                 from /home/user/fast_lio2_ws/fast_lio2_ws/src/Livox-SDK2/sdk_core/../3rdparty/rapidjson/encodedstream.h:22,
                 from /home/user/fast_lio2_ws/fast_lio2_ws/src/Livox-SDK2/sdk_core/../3rdparty/rapidjson/document.h:26,
                 from /home/user/fast_lio2_ws/fast_lio2_ws/src/Livox-SDK2/sdk_core/command_handler/parse_lidar_state_info.h:38,
                 from /home/user/fast_lio2_ws/fast_lio2_ws/src/Livox-SDK2/sdk_core/command_handler/hap_command_handler.cpp:37:
/home/user/fast_lio2_ws/fast_lio2_ws/src/Livox-SDK2/sdk_core/../3rdparty/rapidjson/rapidjson.h:542:29: warning: unknown option after ‘#pragma GCC diagnostic’ kind [-Wpragmas]
  542 | #define RAPIDJSON_PRAGMA(x) _Pragma(RAPIDJSON_STRINGIFY(x))
      |                             ^~~~~~~
/home/user/fast_lio2_ws/fast_lio2_ws/src/Livox-SDK2/sdk_core/../3rdparty/rapidjson/rapidjson.h:543:34: note: in expansion of macro ‘RAPIDJSON_PRAGMA’
  543 | #define RAPIDJSON_DIAG_PRAGMA(x) RAPIDJSON_PRAGMA(GCC diagnostic x)
      |                                  ^~~~~~~~~~~~~~~~
/home/user/fast_lio2_ws/fast_lio2_ws/src/Livox-SDK2/sdk_core/../3rdparty/rapidjson/rapidjson.h:545:3: note: in expansion of macro ‘RAPIDJSON_DIAG_PRAGMA’
  545 |   RAPIDJSON_DIAG_PRAGMA(ignored RAPIDJSON_STRINGIFY(RAPIDJSON_JOIN(-W, x)))
      |   ^~~~~~~~~~~~~~~~~~~~~
/home/user/fast_lio2_ws/fast_lio2_ws/src/Livox-SDK2/sdk_core/../3rdparty/rapidjson/internal/dtoa.h:36:1: note: in expansion of macro ‘RAPIDJSON_DIAG_OFF’
   36 | RAPIDJSON_DIAG_OFF(array - bounds)  // some gcc versions generate wrong warnings
      | ^~~~~~~~~~~~~~~~~~
/home/user/fast_lio2_ws/fast_lio2_ws/src/Livox-SDK2/sdk_core/../3rdparty/rapidjson/rapidjson.h:542:29: note: did you mean ‘-Warray-bounds’?
  542 | #define RAPIDJSON_PRAGMA(x) _Pragma(RAPIDJSON_STRINGIFY(x))
      |                             ^~~~~~~
/home/user/fast_lio2_ws/fast_lio2_ws/src/Livox-SDK2/sdk_core/../3rdparty/rapidjson/rapidjson.h:543:34: note: in expansion of macro ‘RAPIDJSON_PRAGMA’
  543 | #define RAPIDJSON_DIAG_PRAGMA(x) RAPIDJSON_PRAGMA(GCC diagnostic x)
      |                                  ^~~~~~~~~~~~~~~~
/home/user/fast_lio2_ws/fast_lio2_ws/src/Livox-SDK2/sdk_core/../3rdparty/rapidjson/rapidjson.h:545:3: note: in expansion of macro ‘RAPIDJSON_DIAG_PRAGMA’
  545 |   RAPIDJSON_DIAG_PRAGMA(ignored RAPIDJSON_STRINGIFY(RAPIDJSON_JOIN(-W, x)))
      |   ^~~~~~~~~~~~~~~~~~~~~
/home/user/fast_lio2_ws/fast_lio2_ws/src/Livox-SDK2/sdk_core/../3rdparty/rapidjson/internal/dtoa.h:36:1: note: in expansion of macro ‘RAPIDJSON_DIAG_OFF’
   36 | RAPIDJSON_DIAG_OFF(array - bounds)  // some gcc versions generate wrong warnings
      | ^~~~~~~~~~~~~~~~~~
In file included from /home/user/fast_lio2_ws/fast_lio2_ws/src/Livox-SDK2/sdk_core/../3rdparty/rapidjson/stream.h:19,
                 from /home/user/fast_lio2_ws/fast_lio2_ws/src/Livox-SDK2/sdk_core/../3rdparty/rapidjson/memorystream.h:22,
                 from /home/user/fast_lio2_ws/fast_lio2_ws/src/Livox-SDK2/sdk_core/../3rdparty/rapidjson/encodedstream.h:22,
                 from /home/user/fast_lio2_ws/fast_lio2_ws/src/Livox-SDK2/sdk_core/../3rdparty/rapidjson/document.h:26,
                 from /home/user/fast_lio2_ws/fast_lio2_ws/src/Livox-SDK2/sdk_core/command_handler/parse_lidar_state_info.h:38,
                 from /home/user/fast_lio2_ws/fast_lio2_ws/src/Livox-SDK2/sdk_core/command_handler/mid360_command_handler.cpp:37:
/home/user/fast_lio2_ws/fast_lio2_ws/src/Livox-SDK2/sdk_core/../3rdparty/rapidjson/rapidjson.h:542:29: warning: unknown option after ‘#pragma GCC diagnostic’ kind [-Wpragmas]
  542 | #define RAPIDJSON_PRAGMA(x) _Pragma(RAPIDJSON_STRINGIFY(x))
      |                             ^~~~~~~
/home/user/fast_lio2_ws/fast_lio2_ws/src/Livox-SDK2/sdk_core/../3rdparty/rapidjson/rapidjson.h:543:34: note: in expansion of macro ‘RAPIDJSON_PRAGMA’
  543 | #define RAPIDJSON_DIAG_PRAGMA(x) RAPIDJSON_PRAGMA(GCC diagnostic x)
      |                                  ^~~~~~~~~~~~~~~~
/home/user/fast_lio2_ws/fast_lio2_ws/src/Livox-SDK2/sdk_core/../3rdparty/rapidjson/rapidjson.h:545:3: note: in expansion of macro ‘RAPIDJSON_DIAG_PRAGMA’
  545 |   RAPIDJSON_DIAG_PRAGMA(ignored RAPIDJSON_STRINGIFY(RAPIDJSON_JOIN(-W, x)))
      |   ^~~~~~~~~~~~~~~~~~~~~
/home/user/fast_lio2_ws/fast_lio2_ws/src/Livox-SDK2/sdk_core/../3rdparty/rapidjson/internal/dtoa.h:36:1: note: in expansion of macro ‘RAPIDJSON_DIAG_OFF’
   36 | RAPIDJSON_DIAG_OFF(array - bounds)  // some gcc versions generate wrong warnings
      | ^~~~~~~~~~~~~~~~~~
/home/user/fast_lio2_ws/fast_lio2_ws/src/Livox-SDK2/sdk_core/../3rdparty/rapidjson/rapidjson.h:542:29: note: did you mean ‘-Warray-bounds’?
  542 | #define RAPIDJSON_PRAGMA(x) _Pragma(RAPIDJSON_STRINGIFY(x))
      |                             ^~~~~~~
/home/user/fast_lio2_ws/fast_lio2_ws/src/Livox-SDK2/sdk_core/../3rdparty/rapidjson/rapidjson.h:543:34: note: in expansion of macro ‘RAPIDJSON_PRAGMA’
  543 | #define RAPIDJSON_DIAG_PRAGMA(x) RAPIDJSON_PRAGMA(GCC diagnostic x)
      |                                  ^~~~~~~~~~~~~~~~
/home/user/fast_lio2_ws/fast_lio2_ws/src/Livox-SDK2/sdk_core/../3rdparty/rapidjson/rapidjson.h:545:3: note: in expansion of macro ‘RAPIDJSON_DIAG_PRAGMA’
  545 |   RAPIDJSON_DIAG_PRAGMA(ignored RAPIDJSON_STRINGIFY(RAPIDJSON_JOIN(-W, x)))
      |   ^~~~~~~~~~~~~~~~~~~~~
/home/user/fast_lio2_ws/fast_lio2_ws/src/Livox-SDK2/sdk_core/../3rdparty/rapidjson/internal/dtoa.h:36:1: note: in expansion of macro ‘RAPIDJSON_DIAG_OFF’
   36 | RAPIDJSON_DIAG_OFF(array - bounds)  // some gcc versions generate wrong warnings
      | ^~~~~~~~~~~~~~~~~~
In file included from /home/user/fast_lio2_ws/fast_lio2_ws/src/Livox-SDK2/sdk_core/../3rdparty/rapidjson/stream.h:19,
                 from /home/user/fast_lio2_ws/fast_lio2_ws/src/Livox-SDK2/sdk_core/../3rdparty/rapidjson/memorystream.h:22,
                 from /home/user/fast_lio2_ws/fast_lio2_ws/src/Livox-SDK2/sdk_core/../3rdparty/rapidjson/encodedstream.h:22,
                 from /home/user/fast_lio2_ws/fast_lio2_ws/src/Livox-SDK2/sdk_core/../3rdparty/rapidjson/document.h:26,
                 from /home/user/fast_lio2_ws/fast_lio2_ws/src/Livox-SDK2/sdk_core/command_handler/parse_lidar_state_info.h:38,
                 from /home/user/fast_lio2_ws/fast_lio2_ws/src/Livox-SDK2/sdk_core/command_handler/parse_lidar_state_info.cpp:2:
/home/user/fast_lio2_ws/fast_lio2_ws/src/Livox-SDK2/sdk_core/../3rdparty/rapidjson/rapidjson.h:542:29: warning: unknown option after ‘#pragma GCC diagnostic’ kind [-Wpragmas]
  542 | #define RAPIDJSON_PRAGMA(x) _Pragma(RAPIDJSON_STRINGIFY(x))
      |                             ^~~~~~~
/home/user/fast_lio2_ws/fast_lio2_ws/src/Livox-SDK2/sdk_core/../3rdparty/rapidjson/rapidjson.h:543:34: note: in expansion of macro ‘RAPIDJSON_PRAGMA’
  543 | #define RAPIDJSON_DIAG_PRAGMA(x) RAPIDJSON_PRAGMA(GCC diagnostic x)
      |                                  ^~~~~~~~~~~~~~~~
/home/user/fast_lio2_ws/fast_lio2_ws/src/Livox-SDK2/sdk_core/../3rdparty/rapidjson/rapidjson.h:545:3: note: in expansion of macro ‘RAPIDJSON_DIAG_PRAGMA’
  545 |   RAPIDJSON_DIAG_PRAGMA(ignored RAPIDJSON_STRINGIFY(RAPIDJSON_JOIN(-W, x)))
      |   ^~~~~~~~~~~~~~~~~~~~~
/home/user/fast_lio2_ws/fast_lio2_ws/src/Livox-SDK2/sdk_core/../3rdparty/rapidjson/internal/dtoa.h:36:1: note: in expansion of macro ‘RAPIDJSON_DIAG_OFF’
   36 | RAPIDJSON_DIAG_OFF(array - bounds)  // some gcc versions generate wrong warnings
      | ^~~~~~~~~~~~~~~~~~
/home/user/fast_lio2_ws/fast_lio2_ws/src/Livox-SDK2/sdk_core/../3rdparty/rapidjson/rapidjson.h:542:29: note: did you mean ‘-Warray-bounds’?
  542 | #define RAPIDJSON_PRAGMA(x) _Pragma(RAPIDJSON_STRINGIFY(x))
      |                             ^~~~~~~
/home/user/fast_lio2_ws/fast_lio2_ws/src/Livox-SDK2/sdk_core/../3rdparty/rapidjson/rapidjson.h:543:34: note: in expansion of macro ‘RAPIDJSON_PRAGMA’
  543 | #define RAPIDJSON_DIAG_PRAGMA(x) RAPIDJSON_PRAGMA(GCC diagnostic x)
      |                                  ^~~~~~~~~~~~~~~~
/home/user/fast_lio2_ws/fast_lio2_ws/src/Livox-SDK2/sdk_core/../3rdparty/rapidjson/rapidjson.h:545:3: note: in expansion of macro ‘RAPIDJSON_DIAG_PRAGMA’
  545 |   RAPIDJSON_DIAG_PRAGMA(ignored RAPIDJSON_STRINGIFY(RAPIDJSON_JOIN(-W, x)))
      |   ^~~~~~~~~~~~~~~~~~~~~
/home/user/fast_lio2_ws/fast_lio2_ws/src/Livox-SDK2/sdk_core/../3rdparty/rapidjson/internal/dtoa.h:36:1: note: in expansion of macro ‘RAPIDJSON_DIAG_OFF’
   36 | RAPIDJSON_DIAG_OFF(array - bounds)  // some gcc versions generate wrong warnings
      | ^~~~~~~~~~~~~~~~~~
In file included from /home/user/fast_lio2_ws/fast_lio2_ws/src/Livox-SDK2/sdk_core/../3rdparty/rapidjson/stream.h:19,
                 from /home/user/fast_lio2_ws/fast_lio2_ws/src/Livox-SDK2/sdk_core/../3rdparty/rapidjson/memorystream.h:22,
                 from /home/user/fast_lio2_ws/fast_lio2_ws/src/Livox-SDK2/sdk_core/../3rdparty/rapidjson/encodedstream.h:22,
                 from /home/user/fast_lio2_ws/fast_lio2_ws/src/Livox-SDK2/sdk_core/../3rdparty/rapidjson/document.h:26,
                 from /home/user/fast_lio2_ws/fast_lio2_ws/src/Livox-SDK2/sdk_core/command_handler/parse_lidar_state_info.h:38,
                 from /home/user/fast_lio2_ws/fast_lio2_ws/src/Livox-SDK2/sdk_core/command_handler/mid360s_command_handler.cpp:37:
/home/user/fast_lio2_ws/fast_lio2_ws/src/Livox-SDK2/sdk_core/../3rdparty/rapidjson/rapidjson.h:542:29: warning: unknown option after ‘#pragma GCC diagnostic’ kind [-Wpragmas]
  542 | #define RAPIDJSON_PRAGMA(x) _Pragma(RAPIDJSON_STRINGIFY(x))
      |                             ^~~~~~~
/home/user/fast_lio2_ws/fast_lio2_ws/src/Livox-SDK2/sdk_core/../3rdparty/rapidjson/rapidjson.h:543:34: note: in expansion of macro ‘RAPIDJSON_PRAGMA’
  543 | #define RAPIDJSON_DIAG_PRAGMA(x) RAPIDJSON_PRAGMA(GCC diagnostic x)
      |                                  ^~~~~~~~~~~~~~~~
/home/user/fast_lio2_ws/fast_lio2_ws/src/Livox-SDK2/sdk_core/../3rdparty/rapidjson/rapidjson.h:545:3: note: in expansion of macro ‘RAPIDJSON_DIAG_PRAGMA’
  545 |   RAPIDJSON_DIAG_PRAGMA(ignored RAPIDJSON_STRINGIFY(RAPIDJSON_JOIN(-W, x)))
      |   ^~~~~~~~~~~~~~~~~~~~~
/home/user/fast_lio2_ws/fast_lio2_ws/src/Livox-SDK2/sdk_core/../3rdparty/rapidjson/internal/dtoa.h:36:1: note: in expansion of macro ‘RAPIDJSON_DIAG_OFF’
   36 | RAPIDJSON_DIAG_OFF(array - bounds)  // some gcc versions generate wrong warnings
      | ^~~~~~~~~~~~~~~~~~
/home/user/fast_lio2_ws/fast_lio2_ws/src/Livox-SDK2/sdk_core/../3rdparty/rapidjson/rapidjson.h:542:29: note: did you mean ‘-Warray-bounds’?
  542 | #define RAPIDJSON_PRAGMA(x) _Pragma(RAPIDJSON_STRINGIFY(x))
      |                             ^~~~~~~
/home/user/fast_lio2_ws/fast_lio2_ws/src/Livox-SDK2/sdk_core/../3rdparty/rapidjson/rapidjson.h:543:34: note: in expansion of macro ‘RAPIDJSON_PRAGMA’
  543 | #define RAPIDJSON_DIAG_PRAGMA(x) RAPIDJSON_PRAGMA(GCC diagnostic x)
      |                                  ^~~~~~~~~~~~~~~~
/home/user/fast_lio2_ws/fast_lio2_ws/src/Livox-SDK2/sdk_core/../3rdparty/rapidjson/rapidjson.h:545:3: note: in expansion of macro ‘RAPIDJSON_DIAG_PRAGMA’
  545 |   RAPIDJSON_DIAG_PRAGMA(ignored RAPIDJSON_STRINGIFY(RAPIDJSON_JOIN(-W, x)))
      |   ^~~~~~~~~~~~~~~~~~~~~
/home/user/fast_lio2_ws/fast_lio2_ws/src/Livox-SDK2/sdk_core/../3rdparty/rapidjson/internal/dtoa.h:36:1: note: in expansion of macro ‘RAPIDJSON_DIAG_OFF’
   36 | RAPIDJSON_DIAG_OFF(array - bounds)  // some gcc versions generate wrong warnings
      | ^~~~~~~~~~~~~~~~~~
