-- The C compiler identification is GNU 11.4.0
-- The CXX compiler identification is GNU 11.4.0
-- Detecting C compiler ABI info
-- Detecting C compiler ABI info - done
-- Check for working C compiler: /usr/bin/cc - skipped
-- Detecting C compile features
-- Detecting C compile features - done
-- Detecting CXX compiler ABI info
-- Detecting CXX compiler ABI info - done
-- Check for working CXX compiler: /usr/bin/c++ - skipped
-- Detecting CXX compile features
-- Detecting CXX compile features - done
-- main project dir: /home/user/fast_lio2_ws/fast_lio2_ws/src/Livox-SDK2
-- main project dir: /home/user/fast_lio2_ws/fast_lio2_ws/src/Livox-SDK2/samples
-- Configuring done
-- Generating done
-- Build files have been written to: /home/user/fast_lio2_ws/fast_lio2_ws/build/livox_sdk2
[  2%] Building CXX object sdk_core/CMakeFiles/livox_lidar_sdk_static.dir/__/3rdparty/FastCRC/FastCRCsw.cpp.o
[  2%] Building CXX object sdk_core/CMakeFiles/livox_lidar_sdk_shared.dir/device_manager.cpp.o
[  4%] Building CXX object sdk_core/CMakeFiles/livox_lidar_sdk_static.dir/livox_lidar_sdk.cpp.o
[  4%] Building CXX object sdk_core/CMakeFiles/livox_lidar_sdk_static.dir/device_manager.cpp.o
[  5%] Building CXX object sdk_core/CMakeFiles/livox_lidar_sdk_shared.dir/livox_lidar_sdk.cpp.o
[  7%] Building CXX object sdk_core/CMakeFiles/livox_lidar_sdk_shared.dir/__/3rdparty/FastCRC/FastCRCsw.cpp.o
[  8%] Building CXX object sdk_core/CMakeFiles/livox_lidar_sdk_static.dir/params_check.cpp.o
[  9%] Building CXX object sdk_core/CMakeFiles/livox_lidar_sdk_shared.dir/params_check.cpp.o
[ 10%] Building CXX object sdk_core/CMakeFiles/livox_lidar_sdk_static.dir/parse_cfg_file.cpp.o
[ 11%] Building CXX object sdk_core/CMakeFiles/livox_lidar_sdk_shared.dir/parse_cfg_file.cpp.o
[ 12%] Building CXX object sdk_core/CMakeFiles/livox_lidar_sdk_shared.dir/upgrade_manager.cpp.o
[ 14%] Building CXX object sdk_core/CMakeFiles/livox_lidar_sdk_static.dir/upgrade_manager.cpp.o
[ 15%] Building CXX object sdk_core/CMakeFiles/livox_lidar_sdk_shared.dir/base/io_loop.cpp.o
[ 16%] Building CXX object sdk_core/CMakeFiles/livox_lidar_sdk_static.dir/base/io_loop.cpp.o
[ 17%] Building CXX object sdk_core/CMakeFiles/livox_lidar_sdk_static.dir/base/thread_base.cpp.o
[ 18%] Building CXX object sdk_core/CMakeFiles/livox_lidar_sdk_static.dir/base/io_thread.cpp.o
[ 20%] Building CXX object sdk_core/CMakeFiles/livox_lidar_sdk_shared.dir/base/thread_base.cpp.o
[ 21%] Building CXX object sdk_core/CMakeFiles/livox_lidar_sdk_shared.dir/base/io_thread.cpp.o
[ 22%] Building CXX object sdk_core/CMakeFiles/livox_lidar_sdk_static.dir/base/logging.cpp.o
[ 23%] Building CXX object sdk_core/CMakeFiles/livox_lidar_sdk_shared.dir/base/logging.cpp.o
[ 24%] Building CXX object sdk_core/CMakeFiles/livox_lidar_sdk_static.dir/base/network/unix/network_util.cpp.o
[ 25%] Building CXX object sdk_core/CMakeFiles/livox_lidar_sdk_static.dir/base/multiple_io/multiple_io_base.cpp.o
[ 27%] Building CXX object sdk_core/CMakeFiles/livox_lidar_sdk_shared.dir/base/network/unix/network_util.cpp.o
[ 28%] Building CXX object sdk_core/CMakeFiles/livox_lidar_sdk_shared.dir/base/multiple_io/multiple_io_base.cpp.o
[ 29%] Building CXX object sdk_core/CMakeFiles/livox_lidar_sdk_static.dir/base/multiple_io/multiple_io_epoll.cpp.o
[ 30%] Building CXX object sdk_core/CMakeFiles/livox_lidar_sdk_static.dir/base/multiple_io/multiple_io_poll.cpp.o
[ 31%] Building CXX object sdk_core/CMakeFiles/livox_lidar_sdk_shared.dir/base/multiple_io/multiple_io_epoll.cpp.o
[ 32%] Building CXX object sdk_core/CMakeFiles/livox_lidar_sdk_shared.dir/base/multiple_io/multiple_io_poll.cpp.o
[ 34%] Building CXX object sdk_core/CMakeFiles/livox_lidar_sdk_static.dir/base/multiple_io/multiple_io_select.cpp.o
[ 35%] Building CXX object sdk_core/CMakeFiles/livox_lidar_sdk_static.dir/base/multiple_io/multiple_io_kqueue.cpp.o
[ 36%] Building CXX object sdk_core/CMakeFiles/livox_lidar_sdk_shared.dir/base/multiple_io/multiple_io_select.cpp.o
[ 37%] Building CXX object sdk_core/CMakeFiles/livox_lidar_sdk_shared.dir/base/multiple_io/multiple_io_kqueue.cpp.o
[ 38%] Building CXX object sdk_core/CMakeFiles/livox_lidar_sdk_static.dir/base/wake_up/unix/wake_up_pipe.cpp.o
[ 40%] Building CXX object sdk_core/CMakeFiles/livox_lidar_sdk_shared.dir/base/wake_up/unix/wake_up_pipe.cpp.o
[ 41%] Building CXX object sdk_core/CMakeFiles/livox_lidar_sdk_shared.dir/comm/comm_port.cpp.o
[ 42%] Building CXX object sdk_core/CMakeFiles/livox_lidar_sdk_static.dir/comm/comm_port.cpp.o
[ 43%] Building CXX object sdk_core/CMakeFiles/livox_lidar_sdk_shared.dir/comm/sdk_protocol.cpp.o
[ 44%] Building CXX object sdk_core/CMakeFiles/livox_lidar_sdk_shared.dir/comm/generate_seq.cpp.o
[ 45%] Building CXX object sdk_core/CMakeFiles/livox_lidar_sdk_shared.dir/upgrade/firmware.cpp.o
[ 47%] Building CXX object sdk_core/CMakeFiles/livox_lidar_sdk_shared.dir/upgrade/livox_lidar_upgrader.cpp.o
[ 48%] Building CXX object sdk_core/CMakeFiles/livox_lidar_sdk_shared.dir/logger_handler/logger_manager.cpp.o
[ 49%] Building CXX object sdk_core/CMakeFiles/livox_lidar_sdk_static.dir/comm/sdk_protocol.cpp.o
[ 50%] Building CXX object sdk_core/CMakeFiles/livox_lidar_sdk_static.dir/comm/generate_seq.cpp.o
[ 51%] Building CXX object sdk_core/CMakeFiles/livox_lidar_sdk_shared.dir/logger_handler/logger_handler.cpp.o
[ 52%] Building CXX object sdk_core/CMakeFiles/livox_lidar_sdk_static.dir/upgrade/firmware.cpp.o
[ 54%] Building CXX object sdk_core/CMakeFiles/livox_lidar_sdk_static.dir/upgrade/livox_lidar_upgrader.cpp.o
[ 55%] Building CXX object sdk_core/CMakeFiles/livox_lidar_sdk_static.dir/logger_handler/logger_manager.cpp.o
[ 56%] Building CXX object sdk_core/CMakeFiles/livox_lidar_sdk_shared.dir/logger_handler/file_manager.cpp.o
[ 57%] Building CXX object sdk_core/CMakeFiles/livox_lidar_sdk_shared.dir/data_handler/data_handler.cpp.o
[ 58%] Building CXX object sdk_core/CMakeFiles/livox_lidar_sdk_static.dir/logger_handler/logger_handler.cpp.o
[ 60%] Building CXX object sdk_core/CMakeFiles/livox_lidar_sdk_shared.dir/command_handler/command_impl.cpp.o
[ 61%] Building CXX object sdk_core/CMakeFiles/livox_lidar_sdk_shared.dir/command_handler/general_command_handler.cpp.o
[ 62%] Building CXX object sdk_core/CMakeFiles/livox_lidar_sdk_static.dir/logger_handler/file_manager.cpp.o
[ 63%] Building CXX object sdk_core/CMakeFiles/livox_lidar_sdk_shared.dir/command_handler/hap_command_handler.cpp.o
[ 64%] Building CXX object sdk_core/CMakeFiles/livox_lidar_sdk_shared.dir/command_handler/mid360_command_handler.cpp.o
[ 65%] Building CXX object sdk_core/CMakeFiles/livox_lidar_sdk_shared.dir/command_handler/build_request.cpp.o
[ 67%] Building CXX object sdk_core/CMakeFiles/livox_lidar_sdk_shared.dir/command_handler/parse_lidar_state_info.cpp.o
In file included from /home/user/fast_lio2_ws/fast_lio2_ws/src/Livox-SDK2/sdk_core/../3rdparty/rapidjson/stream.h:19,
                 from /home/user/fast_lio2_ws/fast_lio2_ws/src/Livox-SDK2/sdk_core/../3rdparty/rapidjson/memorystream.h:22,
                 from /home/user/fast_lio2_ws/fast_lio2_ws/src/Livox-SDK2/sdk_core/../3rdparty/rapidjson/encodedstream.h:22,
                 from /home/user/fast_lio2_ws/fast_lio2_ws/src/Livox-SDK2/sdk_core/../3rdparty/rapidjson/document.h:26,
                 from /home/user/fast_lio2_ws/fast_lio2_ws/src/Livox-SDK2/sdk_core/command_handler/parse_lidar_state_info.h:38,
                 from /home/user/fast_lio2_ws/fast_lio2_ws/src/Livox-SDK2/sdk_core/command_handler/parse_lidar_state_info.cpp:2:
/home/user/fast_lio2_ws/fast_lio2_ws/src/Livox-SDK2/sdk_core/../3rdparty/rapidjson/rapidjson.h:542:29: warning: unknown option after ‘#pragma GCC diagnostic’ kind [-Wpragmas]
  542 | #define RAPIDJSON_PRAGMA(x) _Pragma(RAPIDJSON_STRINGIFY(x))
      |                             ^~~~~~~
/home/user/fast_lio2_ws/fast_lio2_ws/src/Livox-SDK2/sdk_core/../3rdparty/rapidjson/rapidjson.h:543:34: note: in expansion of macro ‘RAPIDJSON_PRAGMA’
  543 | #define RAPIDJSON_DIAG_PRAGMA(x) RAPIDJSON_PRAGMA(GCC diagnostic x)
      |                                  ^~~~~~~~~~~~~~~~
/home/user/fast_lio2_ws/fast_lio2_ws/src/Livox-SDK2/sdk_core/../3rdparty/rapidjson/rapidjson.h:545:3: note: in expansion of macro ‘RAPIDJSON_DIAG_PRAGMA’
  545 |   RAPIDJSON_DIAG_PRAGMA(ignored RAPIDJSON_STRINGIFY(RAPIDJSON_JOIN(-W, x)))
      |   ^~~~~~~~~~~~~~~~~~~~~
/home/user/fast_lio2_ws/fast_lio2_ws/src/Livox-SDK2/sdk_core/../3rdparty/rapidjson/internal/dtoa.h:36:1: note: in expansion of macro ‘RAPIDJSON_DIAG_OFF’
   36 | RAPIDJSON_DIAG_OFF(array - bounds)  // some gcc versions generate wrong warnings
      | ^~~~~~~~~~~~~~~~~~
/home/user/fast_lio2_ws/fast_lio2_ws/src/Livox-SDK2/sdk_core/../3rdparty/rapidjson/rapidjson.h:542:29: note: did you mean ‘-Warray-bounds’?
  542 | #define RAPIDJSON_PRAGMA(x) _Pragma(RAPIDJSON_STRINGIFY(x))
      |                             ^~~~~~~
/home/user/fast_lio2_ws/fast_lio2_ws/src/Livox-SDK2/sdk_core/../3rdparty/rapidjson/rapidjson.h:543:34: note: in expansion of macro ‘RAPIDJSON_PRAGMA’
  543 | #define RAPIDJSON_DIAG_PRAGMA(x) RAPIDJSON_PRAGMA(GCC diagnostic x)
      |                                  ^~~~~~~~~~~~~~~~
/home/user/fast_lio2_ws/fast_lio2_ws/src/Livox-SDK2/sdk_core/../3rdparty/rapidjson/rapidjson.h:545:3: note: in expansion of macro ‘RAPIDJSON_DIAG_PRAGMA’
  545 |   RAPIDJSON_DIAG_PRAGMA(ignored RAPIDJSON_STRINGIFY(RAPIDJSON_JOIN(-W, x)))
      |   ^~~~~~~~~~~~~~~~~~~~~
/home/user/fast_lio2_ws/fast_lio2_ws/src/Livox-SDK2/sdk_core/../3rdparty/rapidjson/internal/dtoa.h:36:1: note: in expansion of macro ‘RAPIDJSON_DIAG_OFF’
   36 | RAPIDJSON_DIAG_OFF(array - bounds)  // some gcc versions generate wrong warnings
      | ^~~~~~~~~~~~~~~~~~
In file included from /home/user/fast_lio2_ws/fast_lio2_ws/src/Livox-SDK2/sdk_core/../3rdparty/rapidjson/stream.h:19,
                 from /home/user/fast_lio2_ws/fast_lio2_ws/src/Livox-SDK2/sdk_core/../3rdparty/rapidjson/memorystream.h:22,
                 from /home/user/fast_lio2_ws/fast_lio2_ws/src/Livox-SDK2/sdk_core/../3rdparty/rapidjson/encodedstream.h:22,
                 from /home/user/fast_lio2_ws/fast_lio2_ws/src/Livox-SDK2/sdk_core/../3rdparty/rapidjson/document.h:26,
                 from /home/user/fast_lio2_ws/fast_lio2_ws/src/Livox-SDK2/sdk_core/command_handler/parse_lidar_state_info.h:38,
                 from /home/user/fast_lio2_ws/fast_lio2_ws/src/Livox-SDK2/sdk_core/command_handler/hap_command_handler.cpp:37:
/home/user/fast_lio2_ws/fast_lio2_ws/src/Livox-SDK2/sdk_core/../3rdparty/rapidjson/rapidjson.h:542:29: warning: unknown option after ‘#pragma GCC diagnostic’ kind [-Wpragmas]
  542 | #define RAPIDJSON_PRAGMA(x) _Pragma(RAPIDJSON_STRINGIFY(x))
      |                             ^~~~~~~
/home/user/fast_lio2_ws/fast_lio2_ws/src/Livox-SDK2/sdk_core/../3rdparty/rapidjson/rapidjson.h:543:34: note: in expansion of macro ‘RAPIDJSON_PRAGMA’
  543 | #define RAPIDJSON_DIAG_PRAGMA(x) RAPIDJSON_PRAGMA(GCC diagnostic x)
      |                                  ^~~~~~~~~~~~~~~~
/home/user/fast_lio2_ws/fast_lio2_ws/src/Livox-SDK2/sdk_core/../3rdparty/rapidjson/rapidjson.h:545:3: note: in expansion of macro ‘RAPIDJSON_DIAG_PRAGMA’
  545 |   RAPIDJSON_DIAG_PRAGMA(ignored RAPIDJSON_STRINGIFY(RAPIDJSON_JOIN(-W, x)))
      |   ^~~~~~~~~~~~~~~~~~~~~
/home/user/fast_lio2_ws/fast_lio2_ws/src/Livox-SDK2/sdk_core/../3rdparty/rapidjson/internal/dtoa.h:36:1: note: in expansion of macro ‘RAPIDJSON_DIAG_OFF’
   36 | RAPIDJSON_DIAG_OFF(array - bounds)  // some gcc versions generate wrong warnings
      | ^~~~~~~~~~~~~~~~~~
/home/user/fast_lio2_ws/fast_lio2_ws/src/Livox-SDK2/sdk_core/../3rdparty/rapidjson/rapidjson.h:542:29: note: did you mean ‘-Warray-bounds’?
  542 | #define RAPIDJSON_PRAGMA(x) _Pragma(RAPIDJSON_STRINGIFY(x))
      |                             ^~~~~~~
/home/user/fast_lio2_ws/fast_lio2_ws/src/Livox-SDK2/sdk_core/../3rdparty/rapidjson/rapidjson.h:543:34: note: in expansion of macro ‘RAPIDJSON_PRAGMA’
  543 | #define RAPIDJSON_DIAG_PRAGMA(x) RAPIDJSON_PRAGMA(GCC diagnostic x)
      |                                  ^~~~~~~~~~~~~~~~
/home/user/fast_lio2_ws/fast_lio2_ws/src/Livox-SDK2/sdk_core/../3rdparty/rapidjson/rapidjson.h:545:3: note: in expansion of macro ‘RAPIDJSON_DIAG_PRAGMA’
  545 |   RAPIDJSON_DIAG_PRAGMA(ignored RAPIDJSON_STRINGIFY(RAPIDJSON_JOIN(-W, x)))
      |   ^~~~~~~~~~~~~~~~~~~~~
/home/user/fast_lio2_ws/fast_lio2_ws/src/Livox-SDK2/sdk_core/../3rdparty/rapidjson/internal/dtoa.h:36:1: note: in expansion of macro ‘RAPIDJSON_DIAG_OFF’
   36 | RAPIDJSON_DIAG_OFF(array - bounds)  // some gcc versions generate wrong warnings
      | ^~~~~~~~~~~~~~~~~~
[ 68%] Building CXX object sdk_core/CMakeFiles/livox_lidar_sdk_static.dir/data_handler/data_handler.cpp.o
In file included from /home/user/fast_lio2_ws/fast_lio2_ws/src/Livox-SDK2/sdk_core/../3rdparty/rapidjson/stream.h:19,
                 from /home/user/fast_lio2_ws/fast_lio2_ws/src/Livox-SDK2/sdk_core/../3rdparty/rapidjson/memorystream.h:22,
                 from /home/user/fast_lio2_ws/fast_lio2_ws/src/Livox-SDK2/sdk_core/../3rdparty/rapidjson/encodedstream.h:22,
                 from /home/user/fast_lio2_ws/fast_lio2_ws/src/Livox-SDK2/sdk_core/../3rdparty/rapidjson/document.h:26,
                 from /home/user/fast_lio2_ws/fast_lio2_ws/src/Livox-SDK2/sdk_core/command_handler/parse_lidar_state_info.h:38,
                 from /home/user/fast_lio2_ws/fast_lio2_ws/src/Livox-SDK2/sdk_core/command_handler/mid360_command_handler.cpp:37:
/home/user/fast_lio2_ws/fast_lio2_ws/src/Livox-SDK2/sdk_core/../3rdparty/rapidjson/rapidjson.h:542:29: warning: unknown option after ‘#pragma GCC diagnostic’ kind [-Wpragmas]
  542 | #define RAPIDJSON_PRAGMA(x) _Pragma(RAPIDJSON_STRINGIFY(x))
      |                             ^~~~~~~
/home/user/fast_lio2_ws/fast_lio2_ws/src/Livox-SDK2/sdk_core/../3rdparty/rapidjson/rapidjson.h:543:34: note: in expansion of macro ‘RAPIDJSON_PRAGMA’
  543 | #define RAPIDJSON_DIAG_PRAGMA(x) RAPIDJSON_PRAGMA(GCC diagnostic x)
      |                                  ^~~~~~~~~~~~~~~~
/home/user/fast_lio2_ws/fast_lio2_ws/src/Livox-SDK2/sdk_core/../3rdparty/rapidjson/rapidjson.h:545:3: note: in expansion of macro ‘RAPIDJSON_DIAG_PRAGMA’
  545 |   RAPIDJSON_DIAG_PRAGMA(ignored RAPIDJSON_STRINGIFY(RAPIDJSON_JOIN(-W, x)))
      |   ^~~~~~~~~~~~~~~~~~~~~
/home/user/fast_lio2_ws/fast_lio2_ws/src/Livox-SDK2/sdk_core/../3rdparty/rapidjson/internal/dtoa.h:36:1: note: in expansion of macro ‘RAPIDJSON_DIAG_OFF’
   36 | RAPIDJSON_DIAG_OFF(array - bounds)  // some gcc versions generate wrong warnings
      | ^~~~~~~~~~~~~~~~~~
/home/user/fast_lio2_ws/fast_lio2_ws/src/Livox-SDK2/sdk_core/../3rdparty/rapidjson/rapidjson.h:542:29: note: did you mean ‘-Warray-bounds’?
  542 | #define RAPIDJSON_PRAGMA(x) _Pragma(RAPIDJSON_STRINGIFY(x))
      |                             ^~~~~~~
/home/user/fast_lio2_ws/fast_lio2_ws/src/Livox-SDK2/sdk_core/../3rdparty/rapidjson/rapidjson.h:543:34: note: in expansion of macro ‘RAPIDJSON_PRAGMA’
  543 | #define RAPIDJSON_DIAG_PRAGMA(x) RAPIDJSON_PRAGMA(GCC diagnostic x)
      |                                  ^~~~~~~~~~~~~~~~
/home/user/fast_lio2_ws/fast_lio2_ws/src/Livox-SDK2/sdk_core/../3rdparty/rapidjson/rapidjson.h:545:3: note: in expansion of macro ‘RAPIDJSON_DIAG_PRAGMA’
  545 |   RAPIDJSON_DIAG_PRAGMA(ignored RAPIDJSON_STRINGIFY(RAPIDJSON_JOIN(-W, x)))
      |   ^~~~~~~~~~~~~~~~~~~~~
/home/user/fast_lio2_ws/fast_lio2_ws/src/Livox-SDK2/sdk_core/../3rdparty/rapidjson/internal/dtoa.h:36:1: note: in expansion of macro ‘RAPIDJSON_DIAG_OFF’
   36 | RAPIDJSON_DIAG_OFF(array - bounds)  // some gcc versions generate wrong warnings
      | ^~~~~~~~~~~~~~~~~~
[ 69%] Building CXX object sdk_core/CMakeFiles/livox_lidar_sdk_shared.dir/command_handler/mid360s_command_handler.cpp.o
[ 70%] Building CXX object sdk_core/CMakeFiles/livox_lidar_sdk_static.dir/command_handler/command_impl.cpp.o
[ 71%] Building CXX object sdk_core/CMakeFiles/livox_lidar_sdk_shared.dir/debug_point_cloud_handler/debug_point_cloud_manager.cpp.o
[ 72%] Building CXX object sdk_core/CMakeFiles/livox_lidar_sdk_shared.dir/debug_point_cloud_handler/debug_point_cloud_handler.cpp.o
In file included from /home/user/fast_lio2_ws/fast_lio2_ws/src/Livox-SDK2/sdk_core/../3rdparty/rapidjson/stream.h:19,
                 from /home/user/fast_lio2_ws/fast_lio2_ws/src/Livox-SDK2/sdk_core/../3rdparty/rapidjson/memorystream.h:22,
                 from /home/user/fast_lio2_ws/fast_lio2_ws/src/Livox-SDK2/sdk_core/../3rdparty/rapidjson/encodedstream.h:22,
                 from /home/user/fast_lio2_ws/fast_lio2_ws/src/Livox-SDK2/sdk_core/../3rdparty/rapidjson/document.h:26,
                 from /home/user/fast_lio2_ws/fast_lio2_ws/src/Livox-SDK2/sdk_core/command_handler/parse_lidar_state_info.h:38,
                 from /home/user/fast_lio2_ws/fast_lio2_ws/src/Livox-SDK2/sdk_core/command_handler/mid360s_command_handler.cpp:37:
/home/user/fast_lio2_ws/fast_lio2_ws/src/Livox-SDK2/sdk_core/../3rdparty/rapidjson/rapidjson.h:542:29: warning: unknown option after ‘#pragma GCC diagnostic’ kind [-Wpragmas]
  542 | #define RAPIDJSON_PRAGMA(x) _Pragma(RAPIDJSON_STRINGIFY(x))
      |                             ^~~~~~~
/home/user/fast_lio2_ws/fast_lio2_ws/src/Livox-SDK2/sdk_core/../3rdparty/rapidjson/rapidjson.h:543:34: note: in expansion of macro ‘RAPIDJSON_PRAGMA’
  543 | #define RAPIDJSON_DIAG_PRAGMA(x) RAPIDJSON_PRAGMA(GCC diagnostic x)
      |                                  ^~~~~~~~~~~~~~~~
/home/user/fast_lio2_ws/fast_lio2_ws/src/Livox-SDK2/sdk_core/../3rdparty/rapidjson/rapidjson.h:545:3: note: in expansion of macro ‘RAPIDJSON_DIAG_PRAGMA’
  545 |   RAPIDJSON_DIAG_PRAGMA(ignored RAPIDJSON_STRINGIFY(RAPIDJSON_JOIN(-W, x)))
      |   ^~~~~~~~~~~~~~~~~~~~~
/home/user/fast_lio2_ws/fast_lio2_ws/src/Livox-SDK2/sdk_core/../3rdparty/rapidjson/internal/dtoa.h:36:1: note: in expansion of macro ‘RAPIDJSON_DIAG_OFF’
   36 | RAPIDJSON_DIAG_OFF(array - bounds)  // some gcc versions generate wrong warnings
      | ^~~~~~~~~~~~~~~~~~
/home/user/fast_lio2_ws/fast_lio2_ws/src/Livox-SDK2/sdk_core/../3rdparty/rapidjson/rapidjson.h:542:29: note: did you mean ‘-Warray-bounds’?
  542 | #define RAPIDJSON_PRAGMA(x) _Pragma(RAPIDJSON_STRINGIFY(x))
      |                             ^~~~~~~
/home/user/fast_lio2_ws/fast_lio2_ws/src/Livox-SDK2/sdk_core/../3rdparty/rapidjson/rapidjson.h:543:34: note: in expansion of macro ‘RAPIDJSON_PRAGMA’
  543 | #define RAPIDJSON_DIAG_PRAGMA(x) RAPIDJSON_PRAGMA(GCC diagnostic x)
      |                                  ^~~~~~~~~~~~~~~~
/home/user/fast_lio2_ws/fast_lio2_ws/src/Livox-SDK2/sdk_core/../3rdparty/rapidjson/rapidjson.h:545:3: note: in expansion of macro ‘RAPIDJSON_DIAG_PRAGMA’
  545 |   RAPIDJSON_DIAG_PRAGMA(ignored RAPIDJSON_STRINGIFY(RAPIDJSON_JOIN(-W, x)))
      |   ^~~~~~~~~~~~~~~~~~~~~
/home/user/fast_lio2_ws/fast_lio2_ws/src/Livox-SDK2/sdk_core/../3rdparty/rapidjson/internal/dtoa.h:36:1: note: in expansion of macro ‘RAPIDJSON_DIAG_OFF’
   36 | RAPIDJSON_DIAG_OFF(array - bounds)  // some gcc versions generate wrong warnings
      | ^~~~~~~~~~~~~~~~~~
[ 74%] Building CXX object sdk_core/CMakeFiles/livox_lidar_sdk_static.dir/command_handler/general_command_handler.cpp.o
[ 75%] Building CXX object sdk_core/CMakeFiles/livox_lidar_sdk_static.dir/command_handler/hap_command_handler.cpp.o
[ 76%] Building CXX object sdk_core/CMakeFiles/livox_lidar_sdk_static.dir/command_handler/mid360_command_handler.cpp.o
[ 77%] Building CXX object sdk_core/CMakeFiles/livox_lidar_sdk_static.dir/command_handler/build_request.cpp.o
In file included from /home/user/fast_lio2_ws/fast_lio2_ws/src/Livox-SDK2/sdk_core/../3rdparty/rapidjson/stream.h:19,
                 from /home/user/fast_lio2_ws/fast_lio2_ws/src/Livox-SDK2/sdk_core/../3rdparty/rapidjson/memorystream.h:22,
                 from /home/user/fast_lio2_ws/fast_lio2_ws/src/Livox-SDK2/sdk_core/../3rdparty/rapidjson/encodedstream.h:22,
                 from /home/user/fast_lio2_ws/fast_lio2_ws/src/Livox-SDK2/sdk_core/../3rdparty/rapidjson/document.h:26,
                 from /home/user/fast_lio2_ws/fast_lio2_ws/src/Livox-SDK2/sdk_core/command_handler/parse_lidar_state_info.h:38,
                 from /home/user/fast_lio2_ws/fast_lio2_ws/src/Livox-SDK2/sdk_core/command_handler/hap_command_handler.cpp:37:
/home/user/fast_lio2_ws/fast_lio2_ws/src/Livox-SDK2/sdk_core/../3rdparty/rapidjson/rapidjson.h:542:29: warning: unknown option after ‘#pragma GCC diagnostic’ kind [-Wpragmas]
  542 | #define RAPIDJSON_PRAGMA(x) _Pragma(RAPIDJSON_STRINGIFY(x))
      |                             ^~~~~~~
/home/user/fast_lio2_ws/fast_lio2_ws/src/Livox-SDK2/sdk_core/../3rdparty/rapidjson/rapidjson.h:543:34: note: in expansion of macro ‘RAPIDJSON_PRAGMA’
  543 | #define RAPIDJSON_DIAG_PRAGMA(x) RAPIDJSON_PRAGMA(GCC diagnostic x)
      |                                  ^~~~~~~~~~~~~~~~
/home/user/fast_lio2_ws/fast_lio2_ws/src/Livox-SDK2/sdk_core/../3rdparty/rapidjson/rapidjson.h:545:3: note: in expansion of macro ‘RAPIDJSON_DIAG_PRAGMA’
  545 |   RAPIDJSON_DIAG_PRAGMA(ignored RAPIDJSON_STRINGIFY(RAPIDJSON_JOIN(-W, x)))
      |   ^~~~~~~~~~~~~~~~~~~~~
/home/user/fast_lio2_ws/fast_lio2_ws/src/Livox-SDK2/sdk_core/../3rdparty/rapidjson/internal/dtoa.h:36:1: note: in expansion of macro ‘RAPIDJSON_DIAG_OFF’
   36 | RAPIDJSON_DIAG_OFF(array - bounds)  // some gcc versions generate wrong warnings
      | ^~~~~~~~~~~~~~~~~~
/home/user/fast_lio2_ws/fast_lio2_ws/src/Livox-SDK2/sdk_core/../3rdparty/rapidjson/rapidjson.h:542:29: note: did you mean ‘-Warray-bounds’?
  542 | #define RAPIDJSON_PRAGMA(x) _Pragma(RAPIDJSON_STRINGIFY(x))
      |                             ^~~~~~~
/home/user/fast_lio2_ws/fast_lio2_ws/src/Livox-SDK2/sdk_core/../3rdparty/rapidjson/rapidjson.h:543:34: note: in expansion of macro ‘RAPIDJSON_PRAGMA’
  543 | #define RAPIDJSON_DIAG_PRAGMA(x) RAPIDJSON_PRAGMA(GCC diagnostic x)
      |                                  ^~~~~~~~~~~~~~~~
/home/user/fast_lio2_ws/fast_lio2_ws/src/Livox-SDK2/sdk_core/../3rdparty/rapidjson/rapidjson.h:545:3: note: in expansion of macro ‘RAPIDJSON_DIAG_PRAGMA’
  545 |   RAPIDJSON_DIAG_PRAGMA(ignored RAPIDJSON_STRINGIFY(RAPIDJSON_JOIN(-W, x)))
      |   ^~~~~~~~~~~~~~~~~~~~~
/home/user/fast_lio2_ws/fast_lio2_ws/src/Livox-SDK2/sdk_core/../3rdparty/rapidjson/internal/dtoa.h:36:1: note: in expansion of macro ‘RAPIDJSON_DIAG_OFF’
   36 | RAPIDJSON_DIAG_OFF(array - bounds)  // some gcc versions generate wrong warnings
      | ^~~~~~~~~~~~~~~~~~
In file included from /home/user/fast_lio2_ws/fast_lio2_ws/src/Livox-SDK2/sdk_core/../3rdparty/rapidjson/stream.h:19,
                 from /home/user/fast_lio2_ws/fast_lio2_ws/src/Livox-SDK2/sdk_core/../3rdparty/rapidjson/memorystream.h:22,
                 from /home/user/fast_lio2_ws/fast_lio2_ws/src/Livox-SDK2/sdk_core/../3rdparty/rapidjson/encodedstream.h:22,
                 from /home/user/fast_lio2_ws/fast_lio2_ws/src/Livox-SDK2/sdk_core/../3rdparty/rapidjson/document.h:26,
                 from /home/user/fast_lio2_ws/fast_lio2_ws/src/Livox-SDK2/sdk_core/command_handler/parse_lidar_state_info.h:38,
                 from /home/user/fast_lio2_ws/fast_lio2_ws/src/Livox-SDK2/sdk_core/command_handler/mid360_command_handler.cpp:37:
/home/user/fast_lio2_ws/fast_lio2_ws/src/Livox-SDK2/sdk_core/../3rdparty/rapidjson/rapidjson.h:542:29: warning: unknown option after ‘#pragma GCC diagnostic’ kind [-Wpragmas]
  542 | #define RAPIDJSON_PRAGMA(x) _Pragma(RAPIDJSON_STRINGIFY(x))
      |                             ^~~~~~~
/home/user/fast_lio2_ws/fast_lio2_ws/src/Livox-SDK2/sdk_core/../3rdparty/rapidjson/rapidjson.h:543:34: note: in expansion of macro ‘RAPIDJSON_PRAGMA’
  543 | #define RAPIDJSON_DIAG_PRAGMA(x) RAPIDJSON_PRAGMA(GCC diagnostic x)
      |                                  ^~~~~~~~~~~~~~~~
/home/user/fast_lio2_ws/fast_lio2_ws/src/Livox-SDK2/sdk_core/../3rdparty/rapidjson/rapidjson.h:545:3: note: in expansion of macro ‘RAPIDJSON_DIAG_PRAGMA’
  545 |   RAPIDJSON_DIAG_PRAGMA(ignored RAPIDJSON_STRINGIFY(RAPIDJSON_JOIN(-W, x)))
      |   ^~~~~~~~~~~~~~~~~~~~~
/home/user/fast_lio2_ws/fast_lio2_ws/src/Livox-SDK2/sdk_core/../3rdparty/rapidjson/internal/dtoa.h:36:1: note: in expansion of macro ‘RAPIDJSON_DIAG_OFF’
   36 | RAPIDJSON_DIAG_OFF(array - bounds)  // some gcc versions generate wrong warnings
      | ^~~~~~~~~~~~~~~~~~
/home/user/fast_lio2_ws/fast_lio2_ws/src/Livox-SDK2/sdk_core/../3rdparty/rapidjson/rapidjson.h:542:29: note: did you mean ‘-Warray-bounds’?
  542 | #define RAPIDJSON_PRAGMA(x) _Pragma(RAPIDJSON_STRINGIFY(x))
      |                             ^~~~~~~
/home/user/fast_lio2_ws/fast_lio2_ws/src/Livox-SDK2/sdk_core/../3rdparty/rapidjson/rapidjson.h:543:34: note: in expansion of macro ‘RAPIDJSON_PRAGMA’
  543 | #define RAPIDJSON_DIAG_PRAGMA(x) RAPIDJSON_PRAGMA(GCC diagnostic x)
      |                                  ^~~~~~~~~~~~~~~~
/home/user/fast_lio2_ws/fast_lio2_ws/src/Livox-SDK2/sdk_core/../3rdparty/rapidjson/rapidjson.h:545:3: note: in expansion of macro ‘RAPIDJSON_DIAG_PRAGMA’
  545 |   RAPIDJSON_DIAG_PRAGMA(ignored RAPIDJSON_STRINGIFY(RAPIDJSON_JOIN(-W, x)))
      |   ^~~~~~~~~~~~~~~~~~~~~
/home/user/fast_lio2_ws/fast_lio2_ws/src/Livox-SDK2/sdk_core/../3rdparty/rapidjson/internal/dtoa.h:36:1: note: in expansion of macro ‘RAPIDJSON_DIAG_OFF’
   36 | RAPIDJSON_DIAG_OFF(array - bounds)  // some gcc versions generate wrong warnings
      | ^~~~~~~~~~~~~~~~~~
[ 78%] Building CXX object sdk_core/CMakeFiles/livox_lidar_sdk_static.dir/command_handler/parse_lidar_state_info.cpp.o
In file included from /home/user/fast_lio2_ws/fast_lio2_ws/src/Livox-SDK2/sdk_core/../3rdparty/rapidjson/stream.h:19,
                 from /home/user/fast_lio2_ws/fast_lio2_ws/src/Livox-SDK2/sdk_core/../3rdparty/rapidjson/memorystream.h:22,
                 from /home/user/fast_lio2_ws/fast_lio2_ws/src/Livox-SDK2/sdk_core/../3rdparty/rapidjson/encodedstream.h:22,
                 from /home/user/fast_lio2_ws/fast_lio2_ws/src/Livox-SDK2/sdk_core/../3rdparty/rapidjson/document.h:26,
                 from /home/user/fast_lio2_ws/fast_lio2_ws/src/Livox-SDK2/sdk_core/command_handler/parse_lidar_state_info.h:38,
                 from /home/user/fast_lio2_ws/fast_lio2_ws/src/Livox-SDK2/sdk_core/command_handler/parse_lidar_state_info.cpp:2:
/home/user/fast_lio2_ws/fast_lio2_ws/src/Livox-SDK2/sdk_core/../3rdparty/rapidjson/rapidjson.h:542:29: warning: unknown option after ‘#pragma GCC diagnostic’ kind [-Wpragmas]
  542 | #define RAPIDJSON_PRAGMA(x) _Pragma(RAPIDJSON_STRINGIFY(x))
      |                             ^~~~~~~
/home/user/fast_lio2_ws/fast_lio2_ws/src/Livox-SDK2/sdk_core/../3rdparty/rapidjson/rapidjson.h:543:34: note: in expansion of macro ‘RAPIDJSON_PRAGMA’
  543 | #define RAPIDJSON_DIAG_PRAGMA(x) RAPIDJSON_PRAGMA(GCC diagnostic x)
      |                                  ^~~~~~~~~~~~~~~~
/home/user/fast_lio2_ws/fast_lio2_ws/src/Livox-SDK2/sdk_core/../3rdparty/rapidjson/rapidjson.h:545:3: note: in expansion of macro ‘RAPIDJSON_DIAG_PRAGMA’
  545 |   RAPIDJSON_DIAG_PRAGMA(ignored RAPIDJSON_STRINGIFY(RAPIDJSON_JOIN(-W, x)))
      |   ^~~~~~~~~~~~~~~~~~~~~
/home/user/fast_lio2_ws/fast_lio2_ws/src/Livox-SDK2/sdk_core/../3rdparty/rapidjson/internal/dtoa.h:36:1: note: in expansion of macro ‘RAPIDJSON_DIAG_OFF’
   36 | RAPIDJSON_DIAG_OFF(array - bounds)  // some gcc versions generate wrong warnings
      | ^~~~~~~~~~~~~~~~~~
/home/user/fast_lio2_ws/fast_lio2_ws/src/Livox-SDK2/sdk_core/../3rdparty/rapidjson/rapidjson.h:542:29: note: did you mean ‘-Warray-bounds’?
  542 | #define RAPIDJSON_PRAGMA(x) _Pragma(RAPIDJSON_STRINGIFY(x))
      |                             ^~~~~~~
/home/user/fast_lio2_ws/fast_lio2_ws/src/Livox-SDK2/sdk_core/../3rdparty/rapidjson/rapidjson.h:543:34: note: in expansion of macro ‘RAPIDJSON_PRAGMA’
  543 | #define RAPIDJSON_DIAG_PRAGMA(x) RAPIDJSON_PRAGMA(GCC diagnostic x)
      |                                  ^~~~~~~~~~~~~~~~
/home/user/fast_lio2_ws/fast_lio2_ws/src/Livox-SDK2/sdk_core/../3rdparty/rapidjson/rapidjson.h:545:3: note: in expansion of macro ‘RAPIDJSON_DIAG_PRAGMA’
  545 |   RAPIDJSON_DIAG_PRAGMA(ignored RAPIDJSON_STRINGIFY(RAPIDJSON_JOIN(-W, x)))
      |   ^~~~~~~~~~~~~~~~~~~~~
/home/user/fast_lio2_ws/fast_lio2_ws/src/Livox-SDK2/sdk_core/../3rdparty/rapidjson/internal/dtoa.h:36:1: note: in expansion of macro ‘RAPIDJSON_DIAG_OFF’
   36 | RAPIDJSON_DIAG_OFF(array - bounds)  // some gcc versions generate wrong warnings
      | ^~~~~~~~~~~~~~~~~~
[ 80%] Building CXX object sdk_core/CMakeFiles/livox_lidar_sdk_static.dir/command_handler/mid360s_command_handler.cpp.o
[ 81%] Building CXX object sdk_core/CMakeFiles/livox_lidar_sdk_static.dir/debug_point_cloud_handler/debug_point_cloud_manager.cpp.o
[ 82%] Linking CXX shared library liblivox_lidar_sdk_shared.so
[ 83%] Building CXX object sdk_core/CMakeFiles/livox_lidar_sdk_static.dir/debug_point_cloud_handler/debug_point_cloud_handler.cpp.o
In file included from /home/user/fast_lio2_ws/fast_lio2_ws/src/Livox-SDK2/sdk_core/../3rdparty/rapidjson/stream.h:19,
                 from /home/user/fast_lio2_ws/fast_lio2_ws/src/Livox-SDK2/sdk_core/../3rdparty/rapidjson/memorystream.h:22,
                 from /home/user/fast_lio2_ws/fast_lio2_ws/src/Livox-SDK2/sdk_core/../3rdparty/rapidjson/encodedstream.h:22,
                 from /home/user/fast_lio2_ws/fast_lio2_ws/src/Livox-SDK2/sdk_core/../3rdparty/rapidjson/document.h:26,
                 from /home/user/fast_lio2_ws/fast_lio2_ws/src/Livox-SDK2/sdk_core/command_handler/parse_lidar_state_info.h:38,
                 from /home/user/fast_lio2_ws/fast_lio2_ws/src/Livox-SDK2/sdk_core/command_handler/mid360s_command_handler.cpp:37:
/home/user/fast_lio2_ws/fast_lio2_ws/src/Livox-SDK2/sdk_core/../3rdparty/rapidjson/rapidjson.h:542:29: warning: unknown option after ‘#pragma GCC diagnostic’ kind [-Wpragmas]
  542 | #define RAPIDJSON_PRAGMA(x) _Pragma(RAPIDJSON_STRINGIFY(x))
      |                             ^~~~~~~
/home/user/fast_lio2_ws/fast_lio2_ws/src/Livox-SDK2/sdk_core/../3rdparty/rapidjson/rapidjson.h:543:34: note: in expansion of macro ‘RAPIDJSON_PRAGMA’
  543 | #define RAPIDJSON_DIAG_PRAGMA(x) RAPIDJSON_PRAGMA(GCC diagnostic x)
      |                                  ^~~~~~~~~~~~~~~~
/home/user/fast_lio2_ws/fast_lio2_ws/src/Livox-SDK2/sdk_core/../3rdparty/rapidjson/rapidjson.h:545:3: note: in expansion of macro ‘RAPIDJSON_DIAG_PRAGMA’
  545 |   RAPIDJSON_DIAG_PRAGMA(ignored RAPIDJSON_STRINGIFY(RAPIDJSON_JOIN(-W, x)))
      |   ^~~~~~~~~~~~~~~~~~~~~
/home/user/fast_lio2_ws/fast_lio2_ws/src/Livox-SDK2/sdk_core/../3rdparty/rapidjson/internal/dtoa.h:36:1: note: in expansion of macro ‘RAPIDJSON_DIAG_OFF’
   36 | RAPIDJSON_DIAG_OFF(array - bounds)  // some gcc versions generate wrong warnings
      | ^~~~~~~~~~~~~~~~~~
/home/user/fast_lio2_ws/fast_lio2_ws/src/Livox-SDK2/sdk_core/../3rdparty/rapidjson/rapidjson.h:542:29: note: did you mean ‘-Warray-bounds’?
  542 | #define RAPIDJSON_PRAGMA(x) _Pragma(RAPIDJSON_STRINGIFY(x))
      |                             ^~~~~~~
/home/user/fast_lio2_ws/fast_lio2_ws/src/Livox-SDK2/sdk_core/../3rdparty/rapidjson/rapidjson.h:543:34: note: in expansion of macro ‘RAPIDJSON_PRAGMA’
  543 | #define RAPIDJSON_DIAG_PRAGMA(x) RAPIDJSON_PRAGMA(GCC diagnostic x)
      |                                  ^~~~~~~~~~~~~~~~
/home/user/fast_lio2_ws/fast_lio2_ws/src/Livox-SDK2/sdk_core/../3rdparty/rapidjson/rapidjson.h:545:3: note: in expansion of macro ‘RAPIDJSON_DIAG_PRAGMA’
  545 |   RAPIDJSON_DIAG_PRAGMA(ignored RAPIDJSON_STRINGIFY(RAPIDJSON_JOIN(-W, x)))
      |   ^~~~~~~~~~~~~~~~~~~~~
/home/user/fast_lio2_ws/fast_lio2_ws/src/Livox-SDK2/sdk_core/../3rdparty/rapidjson/internal/dtoa.h:36:1: note: in expansion of macro ‘RAPIDJSON_DIAG_OFF’
   36 | RAPIDJSON_DIAG_OFF(array - bounds)  // some gcc versions generate wrong warnings
      | ^~~~~~~~~~~~~~~~~~
[ 83%] Built target livox_lidar_sdk_shared
[ 84%] Linking CXX static library liblivox_lidar_sdk_static.a
[ 84%] Built target livox_lidar_sdk_static
[ 88%] Building CXX object samples/livox_lidar_quick_start/CMakeFiles/livox_lidar_quick_start.dir/main.cpp.o
[ 88%] Building CXX object samples/multi_lidars_upgrade/CMakeFiles/multi_lidars_upgrade.dir/main.cpp.o
[ 88%] Building CXX object samples/logger/CMakeFiles/logger.dir/main.cpp.o
[ 90%] Building CXX object samples/lidar_cmd_observer/CMakeFiles/lidar_cmd_observer.dir/main.cpp.o
[ 90%] Building CXX object samples/debug_point_cloud/CMakeFiles/debug_point_cloud.dir/main.cpp.o
[ 91%] Linking CXX executable lidar_cmd_observer
[ 92%] Linking CXX executable debug_point_cloud
[ 94%] Linking CXX executable logger
[ 95%] Linking CXX executable livox_lidar_quick_start
[ 96%] Linking CXX executable multi_lidars_upgrade
[ 96%] Built target logger
[ 96%] Built target debug_point_cloud
[ 96%] Built target lidar_cmd_observer
[ 96%] Built target livox_lidar_quick_start
[ 98%] Building CXX object samples/livox_lidar_rmc_time_sync/CMakeFiles/livox_lidar_rmc_time_sync.dir/linux/synchro.cpp.o
[ 98%] Building CXX object samples/livox_lidar_rmc_time_sync/CMakeFiles/livox_lidar_rmc_time_sync.dir/main.cpp.o
[ 98%] Built target multi_lidars_upgrade
[100%] Linking CXX executable livox_lidar_rmc_time_sync
[100%] Built target livox_lidar_rmc_time_sync
