[0.022s] Invoking command in '/home/user/fast_lio2_ws/fast_lio2_ws/build/livox_sdk2': /usr/bin/cmake /home/user/fast_lio2_ws/fast_lio2_ws/src/Livox-SDK2 -DCMAKE_INSTALL_PREFIX=/home/user/fast_lio2_ws/fast_lio2_ws/install/livox_sdk2
[0.147s] -- The C compiler identification is GNU 11.4.0
[0.260s] -- The CXX compiler identification is GNU 11.4.0
[0.277s] -- Detecting C compiler ABI info
[0.405s] -- Detecting C compiler ABI info - done
[0.424s] -- Check for working C compiler: /usr/bin/cc - skipped
[0.424s] -- Detecting C compile features
[0.425s] -- Detecting C compile features - done
[0.434s] -- Detecting CXX compiler ABI info
[0.585s] -- Detecting CXX compiler ABI info - done
[0.602s] -- Check for working CXX compiler: /usr/bin/c++ - skipped
[0.602s] -- Detecting CXX compile features
[0.604s] -- Detecting CXX compile features - done
[0.606s] -- main project dir: /home/user/fast_lio2_ws/fast_lio2_ws/src/Livox-SDK2
[0.609s] -- main project dir: /home/user/fast_lio2_ws/fast_lio2_ws/src/Livox-SDK2/samples
[0.614s] -- Configuring done
[0.664s] -- Generating done
[0.675s] -- Build files have been written to: /home/user/fast_lio2_ws/fast_lio2_ws/build/livox_sdk2
[0.681s] Invoked command in '/home/user/fast_lio2_ws/fast_lio2_ws/build/livox_sdk2' returned '0': /usr/bin/cmake /home/user/fast_lio2_ws/fast_lio2_ws/src/Livox-SDK2 -DCMAKE_INSTALL_PREFIX=/home/user/fast_lio2_ws/fast_lio2_ws/install/livox_sdk2
[0.685s] Invoking command in '/home/user/fast_lio2_ws/fast_lio2_ws/build/livox_sdk2': /usr/bin/cmake --build /home/user/fast_lio2_ws/fast_lio2_ws/build/livox_sdk2 -- -j8 -l8
[0.783s] [  2%] Building CXX object sdk_core/CMakeFiles/livox_lidar_sdk_static.dir/__/3rdparty/FastCRC/FastCRCsw.cpp.o
[0.784s] [  2%] Building CXX object sdk_core/CMakeFiles/livox_lidar_sdk_shared.dir/device_manager.cpp.o
[0.784s] [  4%] Building CXX object sdk_core/CMakeFiles/livox_lidar_sdk_static.dir/livox_lidar_sdk.cpp.o
[0.785s] [  4%] Building CXX object sdk_core/CMakeFiles/livox_lidar_sdk_static.dir/device_manager.cpp.o
[0.786s] [  5%] Building CXX object sdk_core/CMakeFiles/livox_lidar_sdk_shared.dir/livox_lidar_sdk.cpp.o
[0.788s] [  7%] Building CXX object sdk_core/CMakeFiles/livox_lidar_sdk_shared.dir/__/3rdparty/FastCRC/FastCRCsw.cpp.o
[0.794s] [  8%] Building CXX object sdk_core/CMakeFiles/livox_lidar_sdk_static.dir/params_check.cpp.o
[0.800s] [  9%] Building CXX object sdk_core/CMakeFiles/livox_lidar_sdk_shared.dir/params_check.cpp.o
[1.080s] [ 10%] Building CXX object sdk_core/CMakeFiles/livox_lidar_sdk_static.dir/parse_cfg_file.cpp.o
[1.192s] [ 11%] Building CXX object sdk_core/CMakeFiles/livox_lidar_sdk_shared.dir/parse_cfg_file.cpp.o
[7.867s] [ 12%] Building CXX object sdk_core/CMakeFiles/livox_lidar_sdk_shared.dir/upgrade_manager.cpp.o
[7.942s] [ 14%] Building CXX object sdk_core/CMakeFiles/livox_lidar_sdk_static.dir/upgrade_manager.cpp.o
[8.123s] [ 15%] Building CXX object sdk_core/CMakeFiles/livox_lidar_sdk_shared.dir/base/io_loop.cpp.o
[8.281s] [ 16%] Building CXX object sdk_core/CMakeFiles/livox_lidar_sdk_static.dir/base/io_loop.cpp.o
[8.743s] [ 17%] Building CXX object sdk_core/CMakeFiles/livox_lidar_sdk_static.dir/base/thread_base.cpp.o
[9.140s] [ 18%] Building CXX object sdk_core/CMakeFiles/livox_lidar_sdk_static.dir/base/io_thread.cpp.o
[9.227s] [ 20%] Building CXX object sdk_core/CMakeFiles/livox_lidar_sdk_shared.dir/base/thread_base.cpp.o
[9.588s] [ 21%] Building CXX object sdk_core/CMakeFiles/livox_lidar_sdk_shared.dir/base/io_thread.cpp.o
[9.854s] [ 22%] Building CXX object sdk_core/CMakeFiles/livox_lidar_sdk_static.dir/base/logging.cpp.o
[10.208s] [ 23%] Building CXX object sdk_core/CMakeFiles/livox_lidar_sdk_shared.dir/base/logging.cpp.o
[10.411s] [ 24%] Building CXX object sdk_core/CMakeFiles/livox_lidar_sdk_static.dir/base/network/unix/network_util.cpp.o
[10.798s] [ 25%] Building CXX object sdk_core/CMakeFiles/livox_lidar_sdk_static.dir/base/multiple_io/multiple_io_base.cpp.o
[10.821s] [ 27%] Building CXX object sdk_core/CMakeFiles/livox_lidar_sdk_shared.dir/base/network/unix/network_util.cpp.o
[11.296s] [ 28%] Building CXX object sdk_core/CMakeFiles/livox_lidar_sdk_shared.dir/base/multiple_io/multiple_io_base.cpp.o
[11.341s] [ 29%] Building CXX object sdk_core/CMakeFiles/livox_lidar_sdk_static.dir/base/multiple_io/multiple_io_epoll.cpp.o
[11.523s] [ 30%] Building CXX object sdk_core/CMakeFiles/livox_lidar_sdk_static.dir/base/multiple_io/multiple_io_poll.cpp.o
[11.566s] [ 31%] Building CXX object sdk_core/CMakeFiles/livox_lidar_sdk_shared.dir/base/multiple_io/multiple_io_epoll.cpp.o
[12.124s] [ 32%] Building CXX object sdk_core/CMakeFiles/livox_lidar_sdk_shared.dir/base/multiple_io/multiple_io_poll.cpp.o
[12.281s] [ 34%] Building CXX object sdk_core/CMakeFiles/livox_lidar_sdk_static.dir/base/multiple_io/multiple_io_select.cpp.o
[12.465s] [ 35%] Building CXX object sdk_core/CMakeFiles/livox_lidar_sdk_static.dir/base/multiple_io/multiple_io_kqueue.cpp.o
[12.667s] [ 36%] Building CXX object sdk_core/CMakeFiles/livox_lidar_sdk_shared.dir/base/multiple_io/multiple_io_select.cpp.o
[12.682s] [ 37%] Building CXX object sdk_core/CMakeFiles/livox_lidar_sdk_shared.dir/base/multiple_io/multiple_io_kqueue.cpp.o
[12.932s] [ 38%] Building CXX object sdk_core/CMakeFiles/livox_lidar_sdk_static.dir/base/wake_up/unix/wake_up_pipe.cpp.o
[13.135s] [ 40%] Building CXX object sdk_core/CMakeFiles/livox_lidar_sdk_shared.dir/base/wake_up/unix/wake_up_pipe.cpp.o
[13.156s] [ 41%] Building CXX object sdk_core/CMakeFiles/livox_lidar_sdk_shared.dir/comm/comm_port.cpp.o
[13.208s] [ 42%] Building CXX object sdk_core/CMakeFiles/livox_lidar_sdk_static.dir/comm/comm_port.cpp.o
[13.228s] [ 43%] Building CXX object sdk_core/CMakeFiles/livox_lidar_sdk_shared.dir/comm/sdk_protocol.cpp.o
[13.276s] [ 44%] Building CXX object sdk_core/CMakeFiles/livox_lidar_sdk_shared.dir/comm/generate_seq.cpp.o
[13.388s] [ 45%] Building CXX object sdk_core/CMakeFiles/livox_lidar_sdk_shared.dir/upgrade/firmware.cpp.o
[13.675s] [ 47%] Building CXX object sdk_core/CMakeFiles/livox_lidar_sdk_shared.dir/upgrade/livox_lidar_upgrader.cpp.o
[13.782s] [ 48%] Building CXX object sdk_core/CMakeFiles/livox_lidar_sdk_shared.dir/logger_handler/logger_manager.cpp.o
[13.801s] [ 49%] Building CXX object sdk_core/CMakeFiles/livox_lidar_sdk_static.dir/comm/sdk_protocol.cpp.o
[14.011s] [ 50%] Building CXX object sdk_core/CMakeFiles/livox_lidar_sdk_static.dir/comm/generate_seq.cpp.o
[14.122s] [ 51%] Building CXX object sdk_core/CMakeFiles/livox_lidar_sdk_shared.dir/logger_handler/logger_handler.cpp.o
[14.586s] [ 52%] Building CXX object sdk_core/CMakeFiles/livox_lidar_sdk_static.dir/upgrade/firmware.cpp.o
[15.191s] [ 54%] Building CXX object sdk_core/CMakeFiles/livox_lidar_sdk_static.dir/upgrade/livox_lidar_upgrader.cpp.o
[15.272s] [ 55%] Building CXX object sdk_core/CMakeFiles/livox_lidar_sdk_static.dir/logger_handler/logger_manager.cpp.o
[15.408s] [ 56%] Building CXX object sdk_core/CMakeFiles/livox_lidar_sdk_shared.dir/logger_handler/file_manager.cpp.o
[15.670s] [ 57%] Building CXX object sdk_core/CMakeFiles/livox_lidar_sdk_shared.dir/data_handler/data_handler.cpp.o
[17.325s] [ 58%] Building CXX object sdk_core/CMakeFiles/livox_lidar_sdk_static.dir/logger_handler/logger_handler.cpp.o
[19.572s] [ 60%] Building CXX object sdk_core/CMakeFiles/livox_lidar_sdk_shared.dir/command_handler/command_impl.cpp.o
[19.609s] [ 61%] Building CXX object sdk_core/CMakeFiles/livox_lidar_sdk_shared.dir/command_handler/general_command_handler.cpp.o
[21.551s] [ 62%] Building CXX object sdk_core/CMakeFiles/livox_lidar_sdk_static.dir/logger_handler/file_manager.cpp.o
[21.789s] [ 63%] Building CXX object sdk_core/CMakeFiles/livox_lidar_sdk_shared.dir/command_handler/hap_command_handler.cpp.o
[22.334s] [ 64%] Building CXX object sdk_core/CMakeFiles/livox_lidar_sdk_shared.dir/command_handler/mid360_command_handler.cpp.o
[23.103s] [ 65%] Building CXX object sdk_core/CMakeFiles/livox_lidar_sdk_shared.dir/command_handler/build_request.cpp.o
[23.627s] [ 67%] Building CXX object sdk_core/CMakeFiles/livox_lidar_sdk_shared.dir/command_handler/parse_lidar_state_info.cpp.o
[24.634s] In file included from /home/user/fast_lio2_ws/fast_lio2_ws/src/Livox-SDK2/sdk_core/../3rdparty/rapidjson/stream.h:19,
[24.634s]                  from /home/user/fast_lio2_ws/fast_lio2_ws/src/Livox-SDK2/sdk_core/../3rdparty/rapidjson/memorystream.h:22,
[24.634s]                  from /home/user/fast_lio2_ws/fast_lio2_ws/src/Livox-SDK2/sdk_core/../3rdparty/rapidjson/encodedstream.h:22,
[24.634s]                  from /home/user/fast_lio2_ws/fast_lio2_ws/src/Livox-SDK2/sdk_core/../3rdparty/rapidjson/document.h:26,
[24.634s]                  from /home/user/fast_lio2_ws/fast_lio2_ws/src/Livox-SDK2/sdk_core/command_handler/parse_lidar_state_info.h:38,
[24.634s]                  from /home/user/fast_lio2_ws/fast_lio2_ws/src/Livox-SDK2/sdk_core/command_handler/parse_lidar_state_info.cpp:2:
[24.635s] /home/user/fast_lio2_ws/fast_lio2_ws/src/Livox-SDK2/sdk_core/../3rdparty/rapidjson/rapidjson.h:542:29: warning: unknown option after ‘#pragma GCC diagnostic’ kind [-Wpragmas]
[24.635s]   542 | #define RAPIDJSON_PRAGMA(x) _Pragma(RAPIDJSON_STRINGIFY(x))
[24.635s]       |                             ^~~~~~~
[24.635s] /home/user/fast_lio2_ws/fast_lio2_ws/src/Livox-SDK2/sdk_core/../3rdparty/rapidjson/rapidjson.h:543:34: note: in expansion of macro ‘RAPIDJSON_PRAGMA’
[24.635s]   543 | #define RAPIDJSON_DIAG_PRAGMA(x) RAPIDJSON_PRAGMA(GCC diagnostic x)
[24.635s]       |                                  ^~~~~~~~~~~~~~~~
[24.635s] /home/user/fast_lio2_ws/fast_lio2_ws/src/Livox-SDK2/sdk_core/../3rdparty/rapidjson/rapidjson.h:545:3: note: in expansion of macro ‘RAPIDJSON_DIAG_PRAGMA’
[24.636s]   545 |   RAPIDJSON_DIAG_PRAGMA(ignored RAPIDJSON_STRINGIFY(RAPIDJSON_JOIN(-W, x)))
[24.636s]       |   ^~~~~~~~~~~~~~~~~~~~~
[24.636s] /home/user/fast_lio2_ws/fast_lio2_ws/src/Livox-SDK2/sdk_core/../3rdparty/rapidjson/internal/dtoa.h:36:1: note: in expansion of macro ‘RAPIDJSON_DIAG_OFF’
[24.636s]    36 | RAPIDJSON_DIAG_OFF(array - bounds)  // some gcc versions generate wrong warnings
[24.636s]       | ^~~~~~~~~~~~~~~~~~
[24.644s] /home/user/fast_lio2_ws/fast_lio2_ws/src/Livox-SDK2/sdk_core/../3rdparty/rapidjson/rapidjson.h:542:29: note: did you mean ‘-Warray-bounds’?
[24.644s]   542 | #define RAPIDJSON_PRAGMA(x) _Pragma(RAPIDJSON_STRINGIFY(x))
[24.644s]       |                             ^~~~~~~
[24.644s] /home/user/fast_lio2_ws/fast_lio2_ws/src/Livox-SDK2/sdk_core/../3rdparty/rapidjson/rapidjson.h:543:34: note: in expansion of macro ‘RAPIDJSON_PRAGMA’
[24.644s]   543 | #define RAPIDJSON_DIAG_PRAGMA(x) RAPIDJSON_PRAGMA(GCC diagnostic x)
[24.645s]       |                                  ^~~~~~~~~~~~~~~~
[24.645s] /home/user/fast_lio2_ws/fast_lio2_ws/src/Livox-SDK2/sdk_core/../3rdparty/rapidjson/rapidjson.h:545:3: note: in expansion of macro ‘RAPIDJSON_DIAG_PRAGMA’
[24.645s]   545 |   RAPIDJSON_DIAG_PRAGMA(ignored RAPIDJSON_STRINGIFY(RAPIDJSON_JOIN(-W, x)))
[24.645s]       |   ^~~~~~~~~~~~~~~~~~~~~
[24.645s] /home/user/fast_lio2_ws/fast_lio2_ws/src/Livox-SDK2/sdk_core/../3rdparty/rapidjson/internal/dtoa.h:36:1: note: in expansion of macro ‘RAPIDJSON_DIAG_OFF’
[24.645s]    36 | RAPIDJSON_DIAG_OFF(array - bounds)  // some gcc versions generate wrong warnings
[24.645s]       | ^~~~~~~~~~~~~~~~~~
[24.685s] In file included from /home/user/fast_lio2_ws/fast_lio2_ws/src/Livox-SDK2/sdk_core/../3rdparty/rapidjson/stream.h:19,
[24.685s]                  from /home/user/fast_lio2_ws/fast_lio2_ws/src/Livox-SDK2/sdk_core/../3rdparty/rapidjson/memorystream.h:22,
[24.685s]                  from /home/user/fast_lio2_ws/fast_lio2_ws/src/Livox-SDK2/sdk_core/../3rdparty/rapidjson/encodedstream.h:22,
[24.685s]                  from /home/user/fast_lio2_ws/fast_lio2_ws/src/Livox-SDK2/sdk_core/../3rdparty/rapidjson/document.h:26,
[24.686s]                  from /home/user/fast_lio2_ws/fast_lio2_ws/src/Livox-SDK2/sdk_core/command_handler/parse_lidar_state_info.h:38,
[24.686s]                  from /home/user/fast_lio2_ws/fast_lio2_ws/src/Livox-SDK2/sdk_core/command_handler/hap_command_handler.cpp:37:
[24.686s] /home/user/fast_lio2_ws/fast_lio2_ws/src/Livox-SDK2/sdk_core/../3rdparty/rapidjson/rapidjson.h:542:29: warning: unknown option after ‘#pragma GCC diagnostic’ kind [-Wpragmas]
[24.686s]   542 | #define RAPIDJSON_PRAGMA(x) _Pragma(RAPIDJSON_STRINGIFY(x))
[24.686s]       |                             ^~~~~~~
[24.686s] /home/user/fast_lio2_ws/fast_lio2_ws/src/Livox-SDK2/sdk_core/../3rdparty/rapidjson/rapidjson.h:543:34: note: in expansion of macro ‘RAPIDJSON_PRAGMA’
[24.686s]   543 | #define RAPIDJSON_DIAG_PRAGMA(x) RAPIDJSON_PRAGMA(GCC diagnostic x)
[24.687s]       |                                  ^~~~~~~~~~~~~~~~
[24.687s] /home/user/fast_lio2_ws/fast_lio2_ws/src/Livox-SDK2/sdk_core/../3rdparty/rapidjson/rapidjson.h:545:3: note: in expansion of macro ‘RAPIDJSON_DIAG_PRAGMA’
[24.687s]   545 |   RAPIDJSON_DIAG_PRAGMA(ignored RAPIDJSON_STRINGIFY(RAPIDJSON_JOIN(-W, x)))
[24.687s]       |   ^~~~~~~~~~~~~~~~~~~~~
[24.687s] /home/user/fast_lio2_ws/fast_lio2_ws/src/Livox-SDK2/sdk_core/../3rdparty/rapidjson/internal/dtoa.h:36:1: note: in expansion of macro ‘RAPIDJSON_DIAG_OFF’
[24.687s]    36 | RAPIDJSON_DIAG_OFF(array - bounds)  // some gcc versions generate wrong warnings
[24.687s]       | ^~~~~~~~~~~~~~~~~~
[24.691s] /home/user/fast_lio2_ws/fast_lio2_ws/src/Livox-SDK2/sdk_core/../3rdparty/rapidjson/rapidjson.h:542:29: note: did you mean ‘-Warray-bounds’?
[24.691s]   542 | #define RAPIDJSON_PRAGMA(x) _Pragma(RAPIDJSON_STRINGIFY(x))
[24.691s]       |                             ^~~~~~~
[24.691s] /home/user/fast_lio2_ws/fast_lio2_ws/src/Livox-SDK2/sdk_core/../3rdparty/rapidjson/rapidjson.h:543:34: note: in expansion of macro ‘RAPIDJSON_PRAGMA’
[24.691s]   543 | #define RAPIDJSON_DIAG_PRAGMA(x) RAPIDJSON_PRAGMA(GCC diagnostic x)
[24.692s]       |                                  ^~~~~~~~~~~~~~~~
[24.692s] /home/user/fast_lio2_ws/fast_lio2_ws/src/Livox-SDK2/sdk_core/../3rdparty/rapidjson/rapidjson.h:545:3: note: in expansion of macro ‘RAPIDJSON_DIAG_PRAGMA’
[24.692s]   545 |   RAPIDJSON_DIAG_PRAGMA(ignored RAPIDJSON_STRINGIFY(RAPIDJSON_JOIN(-W, x)))
[24.692s]       |   ^~~~~~~~~~~~~~~~~~~~~
[24.692s] /home/user/fast_lio2_ws/fast_lio2_ws/src/Livox-SDK2/sdk_core/../3rdparty/rapidjson/internal/dtoa.h:36:1: note: in expansion of macro ‘RAPIDJSON_DIAG_OFF’
[24.692s]    36 | RAPIDJSON_DIAG_OFF(array - bounds)  // some gcc versions generate wrong warnings
[24.692s]       | ^~~~~~~~~~~~~~~~~~
[25.143s] [ 68%] Building CXX object sdk_core/CMakeFiles/livox_lidar_sdk_static.dir/data_handler/data_handler.cpp.o
[25.199s] In file included from /home/user/fast_lio2_ws/fast_lio2_ws/src/Livox-SDK2/sdk_core/../3rdparty/rapidjson/stream.h:19,
[25.199s]                  from /home/user/fast_lio2_ws/fast_lio2_ws/src/Livox-SDK2/sdk_core/../3rdparty/rapidjson/memorystream.h:22,
[25.199s]                  from /home/user/fast_lio2_ws/fast_lio2_ws/src/Livox-SDK2/sdk_core/../3rdparty/rapidjson/encodedstream.h:22,
[25.199s]                  from /home/user/fast_lio2_ws/fast_lio2_ws/src/Livox-SDK2/sdk_core/../3rdparty/rapidjson/document.h:26,
[25.199s]                  from /home/user/fast_lio2_ws/fast_lio2_ws/src/Livox-SDK2/sdk_core/command_handler/parse_lidar_state_info.h:38,
[25.200s]                  from /home/user/fast_lio2_ws/fast_lio2_ws/src/Livox-SDK2/sdk_core/command_handler/mid360_command_handler.cpp:37:
[25.200s] /home/user/fast_lio2_ws/fast_lio2_ws/src/Livox-SDK2/sdk_core/../3rdparty/rapidjson/rapidjson.h:542:29: warning: unknown option after ‘#pragma GCC diagnostic’ kind [-Wpragmas]
[25.200s]   542 | #define RAPIDJSON_PRAGMA(x) _Pragma(RAPIDJSON_STRINGIFY(x))
[25.200s]       |                             ^~~~~~~
[25.200s] /home/user/fast_lio2_ws/fast_lio2_ws/src/Livox-SDK2/sdk_core/../3rdparty/rapidjson/rapidjson.h:543:34: note: in expansion of macro ‘RAPIDJSON_PRAGMA’
[25.200s]   543 | #define RAPIDJSON_DIAG_PRAGMA(x) RAPIDJSON_PRAGMA(GCC diagnostic x)
[25.200s]       |                                  ^~~~~~~~~~~~~~~~
[25.201s] /home/user/fast_lio2_ws/fast_lio2_ws/src/Livox-SDK2/sdk_core/../3rdparty/rapidjson/rapidjson.h:545:3: note: in expansion of macro ‘RAPIDJSON_DIAG_PRAGMA’
[25.201s]   545 |   RAPIDJSON_DIAG_PRAGMA(ignored RAPIDJSON_STRINGIFY(RAPIDJSON_JOIN(-W, x)))
[25.201s]       |   ^~~~~~~~~~~~~~~~~~~~~
[25.201s] /home/user/fast_lio2_ws/fast_lio2_ws/src/Livox-SDK2/sdk_core/../3rdparty/rapidjson/internal/dtoa.h:36:1: note: in expansion of macro ‘RAPIDJSON_DIAG_OFF’
[25.201s]    36 | RAPIDJSON_DIAG_OFF(array - bounds)  // some gcc versions generate wrong warnings
[25.201s]       | ^~~~~~~~~~~~~~~~~~
[25.205s] /home/user/fast_lio2_ws/fast_lio2_ws/src/Livox-SDK2/sdk_core/../3rdparty/rapidjson/rapidjson.h:542:29: note: did you mean ‘-Warray-bounds’?
[25.205s]   542 | #define RAPIDJSON_PRAGMA(x) _Pragma(RAPIDJSON_STRINGIFY(x))
[25.205s]       |                             ^~~~~~~
[25.205s] /home/user/fast_lio2_ws/fast_lio2_ws/src/Livox-SDK2/sdk_core/../3rdparty/rapidjson/rapidjson.h:543:34: note: in expansion of macro ‘RAPIDJSON_PRAGMA’
[25.205s]   543 | #define RAPIDJSON_DIAG_PRAGMA(x) RAPIDJSON_PRAGMA(GCC diagnostic x)
[25.205s]       |                                  ^~~~~~~~~~~~~~~~
[25.206s] /home/user/fast_lio2_ws/fast_lio2_ws/src/Livox-SDK2/sdk_core/../3rdparty/rapidjson/rapidjson.h:545:3: note: in expansion of macro ‘RAPIDJSON_DIAG_PRAGMA’
[25.206s]   545 |   RAPIDJSON_DIAG_PRAGMA(ignored RAPIDJSON_STRINGIFY(RAPIDJSON_JOIN(-W, x)))
[25.206s]       |   ^~~~~~~~~~~~~~~~~~~~~
[25.206s] /home/user/fast_lio2_ws/fast_lio2_ws/src/Livox-SDK2/sdk_core/../3rdparty/rapidjson/internal/dtoa.h:36:1: note: in expansion of macro ‘RAPIDJSON_DIAG_OFF’
[25.206s]    36 | RAPIDJSON_DIAG_OFF(array - bounds)  // some gcc versions generate wrong warnings
[25.206s]       | ^~~~~~~~~~~~~~~~~~
[26.957s] [ 69%] Building CXX object sdk_core/CMakeFiles/livox_lidar_sdk_shared.dir/command_handler/mid360s_command_handler.cpp.o
[27.950s] [ 70%] Building CXX object sdk_core/CMakeFiles/livox_lidar_sdk_static.dir/command_handler/command_impl.cpp.o
[28.941s] [ 71%] Building CXX object sdk_core/CMakeFiles/livox_lidar_sdk_shared.dir/debug_point_cloud_handler/debug_point_cloud_manager.cpp.o
[29.234s] [ 72%] Building CXX object sdk_core/CMakeFiles/livox_lidar_sdk_shared.dir/debug_point_cloud_handler/debug_point_cloud_handler.cpp.o
[29.454s] In file included from /home/user/fast_lio2_ws/fast_lio2_ws/src/Livox-SDK2/sdk_core/../3rdparty/rapidjson/stream.h:19,
[29.454s]                  from /home/user/fast_lio2_ws/fast_lio2_ws/src/Livox-SDK2/sdk_core/../3rdparty/rapidjson/memorystream.h:22,
[29.454s]                  from /home/user/fast_lio2_ws/fast_lio2_ws/src/Livox-SDK2/sdk_core/../3rdparty/rapidjson/encodedstream.h:22,
[29.454s]                  from /home/user/fast_lio2_ws/fast_lio2_ws/src/Livox-SDK2/sdk_core/../3rdparty/rapidjson/document.h:26,
[29.455s]                  from /home/user/fast_lio2_ws/fast_lio2_ws/src/Livox-SDK2/sdk_core/command_handler/parse_lidar_state_info.h:38,
[29.455s]                  from /home/user/fast_lio2_ws/fast_lio2_ws/src/Livox-SDK2/sdk_core/command_handler/mid360s_command_handler.cpp:37:
[29.455s] /home/user/fast_lio2_ws/fast_lio2_ws/src/Livox-SDK2/sdk_core/../3rdparty/rapidjson/rapidjson.h:542:29: warning: unknown option after ‘#pragma GCC diagnostic’ kind [-Wpragmas]
[29.455s]   542 | #define RAPIDJSON_PRAGMA(x) _Pragma(RAPIDJSON_STRINGIFY(x))
[29.455s]       |                             ^~~~~~~
[29.455s] /home/user/fast_lio2_ws/fast_lio2_ws/src/Livox-SDK2/sdk_core/../3rdparty/rapidjson/rapidjson.h:543:34: note: in expansion of macro ‘RAPIDJSON_PRAGMA’
[29.455s]   543 | #define RAPIDJSON_DIAG_PRAGMA(x) RAPIDJSON_PRAGMA(GCC diagnostic x)
[29.456s]       |                                  ^~~~~~~~~~~~~~~~
[29.456s] /home/user/fast_lio2_ws/fast_lio2_ws/src/Livox-SDK2/sdk_core/../3rdparty/rapidjson/rapidjson.h:545:3: note: in expansion of macro ‘RAPIDJSON_DIAG_PRAGMA’
[29.456s]   545 |   RAPIDJSON_DIAG_PRAGMA(ignored RAPIDJSON_STRINGIFY(RAPIDJSON_JOIN(-W, x)))
[29.456s]       |   ^~~~~~~~~~~~~~~~~~~~~
[29.456s] /home/user/fast_lio2_ws/fast_lio2_ws/src/Livox-SDK2/sdk_core/../3rdparty/rapidjson/internal/dtoa.h:36:1: note: in expansion of macro ‘RAPIDJSON_DIAG_OFF’
[29.456s]    36 | RAPIDJSON_DIAG_OFF(array - bounds)  // some gcc versions generate wrong warnings
[29.456s]       | ^~~~~~~~~~~~~~~~~~
[29.463s] /home/user/fast_lio2_ws/fast_lio2_ws/src/Livox-SDK2/sdk_core/../3rdparty/rapidjson/rapidjson.h:542:29: note: did you mean ‘-Warray-bounds’?
[29.463s]   542 | #define RAPIDJSON_PRAGMA(x) _Pragma(RAPIDJSON_STRINGIFY(x))
[29.464s]       |                             ^~~~~~~
[29.464s] /home/user/fast_lio2_ws/fast_lio2_ws/src/Livox-SDK2/sdk_core/../3rdparty/rapidjson/rapidjson.h:543:34: note: in expansion of macro ‘RAPIDJSON_PRAGMA’
[29.464s]   543 | #define RAPIDJSON_DIAG_PRAGMA(x) RAPIDJSON_PRAGMA(GCC diagnostic x)
[29.464s]       |                                  ^~~~~~~~~~~~~~~~
[29.464s] /home/user/fast_lio2_ws/fast_lio2_ws/src/Livox-SDK2/sdk_core/../3rdparty/rapidjson/rapidjson.h:545:3: note: in expansion of macro ‘RAPIDJSON_DIAG_PRAGMA’
[29.464s]   545 |   RAPIDJSON_DIAG_PRAGMA(ignored RAPIDJSON_STRINGIFY(RAPIDJSON_JOIN(-W, x)))
[29.464s]       |   ^~~~~~~~~~~~~~~~~~~~~
[29.465s] /home/user/fast_lio2_ws/fast_lio2_ws/src/Livox-SDK2/sdk_core/../3rdparty/rapidjson/internal/dtoa.h:36:1: note: in expansion of macro ‘RAPIDJSON_DIAG_OFF’
[29.465s]    36 | RAPIDJSON_DIAG_OFF(array - bounds)  // some gcc versions generate wrong warnings
[29.465s]       | ^~~~~~~~~~~~~~~~~~
[29.759s] [ 74%] Building CXX object sdk_core/CMakeFiles/livox_lidar_sdk_static.dir/command_handler/general_command_handler.cpp.o
[30.081s] [ 75%] Building CXX object sdk_core/CMakeFiles/livox_lidar_sdk_static.dir/command_handler/hap_command_handler.cpp.o
[30.469s] [ 76%] Building CXX object sdk_core/CMakeFiles/livox_lidar_sdk_static.dir/command_handler/mid360_command_handler.cpp.o
[32.053s] [ 77%] Building CXX object sdk_core/CMakeFiles/livox_lidar_sdk_static.dir/command_handler/build_request.cpp.o
[32.582s] In file included from /home/user/fast_lio2_ws/fast_lio2_ws/src/Livox-SDK2/sdk_core/../3rdparty/rapidjson/stream.h:19,
[32.582s]                  from /home/user/fast_lio2_ws/fast_lio2_ws/src/Livox-SDK2/sdk_core/../3rdparty/rapidjson/memorystream.h:22,
[32.582s]                  from /home/user/fast_lio2_ws/fast_lio2_ws/src/Livox-SDK2/sdk_core/../3rdparty/rapidjson/encodedstream.h:22,
[32.582s]                  from /home/user/fast_lio2_ws/fast_lio2_ws/src/Livox-SDK2/sdk_core/../3rdparty/rapidjson/document.h:26,
[32.582s]                  from /home/user/fast_lio2_ws/fast_lio2_ws/src/Livox-SDK2/sdk_core/command_handler/parse_lidar_state_info.h:38,
[32.583s]                  from /home/user/fast_lio2_ws/fast_lio2_ws/src/Livox-SDK2/sdk_core/command_handler/hap_command_handler.cpp:37:
[32.583s] /home/user/fast_lio2_ws/fast_lio2_ws/src/Livox-SDK2/sdk_core/../3rdparty/rapidjson/rapidjson.h:542:29: warning: unknown option after ‘#pragma GCC diagnostic’ kind [-Wpragmas]
[32.583s]   542 | #define RAPIDJSON_PRAGMA(x) _Pragma(RAPIDJSON_STRINGIFY(x))
[32.583s]       |                             ^~~~~~~
[32.583s] /home/user/fast_lio2_ws/fast_lio2_ws/src/Livox-SDK2/sdk_core/../3rdparty/rapidjson/rapidjson.h:543:34: note: in expansion of macro ‘RAPIDJSON_PRAGMA’
[32.583s]   543 | #define RAPIDJSON_DIAG_PRAGMA(x) RAPIDJSON_PRAGMA(GCC diagnostic x)
[32.583s]       |                                  ^~~~~~~~~~~~~~~~
[32.583s] /home/user/fast_lio2_ws/fast_lio2_ws/src/Livox-SDK2/sdk_core/../3rdparty/rapidjson/rapidjson.h:545:3: note: in expansion of macro ‘RAPIDJSON_DIAG_PRAGMA’
[32.584s]   545 |   RAPIDJSON_DIAG_PRAGMA(ignored RAPIDJSON_STRINGIFY(RAPIDJSON_JOIN(-W, x)))
[32.584s]       |   ^~~~~~~~~~~~~~~~~~~~~
[32.584s] /home/user/fast_lio2_ws/fast_lio2_ws/src/Livox-SDK2/sdk_core/../3rdparty/rapidjson/internal/dtoa.h:36:1: note: in expansion of macro ‘RAPIDJSON_DIAG_OFF’
[32.584s]    36 | RAPIDJSON_DIAG_OFF(array - bounds)  // some gcc versions generate wrong warnings
[32.584s]       | ^~~~~~~~~~~~~~~~~~
[32.588s] /home/user/fast_lio2_ws/fast_lio2_ws/src/Livox-SDK2/sdk_core/../3rdparty/rapidjson/rapidjson.h:542:29: note: did you mean ‘-Warray-bounds’?
[32.588s]   542 | #define RAPIDJSON_PRAGMA(x) _Pragma(RAPIDJSON_STRINGIFY(x))
[32.588s]       |                             ^~~~~~~
[32.588s] /home/user/fast_lio2_ws/fast_lio2_ws/src/Livox-SDK2/sdk_core/../3rdparty/rapidjson/rapidjson.h:543:34: note: in expansion of macro ‘RAPIDJSON_PRAGMA’
[32.588s]   543 | #define RAPIDJSON_DIAG_PRAGMA(x) RAPIDJSON_PRAGMA(GCC diagnostic x)
[32.589s]       |                                  ^~~~~~~~~~~~~~~~
[32.589s] /home/user/fast_lio2_ws/fast_lio2_ws/src/Livox-SDK2/sdk_core/../3rdparty/rapidjson/rapidjson.h:545:3: note: in expansion of macro ‘RAPIDJSON_DIAG_PRAGMA’
[32.589s]   545 |   RAPIDJSON_DIAG_PRAGMA(ignored RAPIDJSON_STRINGIFY(RAPIDJSON_JOIN(-W, x)))
[32.589s]       |   ^~~~~~~~~~~~~~~~~~~~~
[32.589s] /home/user/fast_lio2_ws/fast_lio2_ws/src/Livox-SDK2/sdk_core/../3rdparty/rapidjson/internal/dtoa.h:36:1: note: in expansion of macro ‘RAPIDJSON_DIAG_OFF’
[32.589s]    36 | RAPIDJSON_DIAG_OFF(array - bounds)  // some gcc versions generate wrong warnings
[32.589s]       | ^~~~~~~~~~~~~~~~~~
[32.936s] In file included from /home/user/fast_lio2_ws/fast_lio2_ws/src/Livox-SDK2/sdk_core/../3rdparty/rapidjson/stream.h:19,
[32.937s]                  from /home/user/fast_lio2_ws/fast_lio2_ws/src/Livox-SDK2/sdk_core/../3rdparty/rapidjson/memorystream.h:22,
[32.937s]                  from /home/user/fast_lio2_ws/fast_lio2_ws/src/Livox-SDK2/sdk_core/../3rdparty/rapidjson/encodedstream.h:22,
[32.937s]                  from /home/user/fast_lio2_ws/fast_lio2_ws/src/Livox-SDK2/sdk_core/../3rdparty/rapidjson/document.h:26,
[32.937s]                  from /home/user/fast_lio2_ws/fast_lio2_ws/src/Livox-SDK2/sdk_core/command_handler/parse_lidar_state_info.h:38,
[32.937s]                  from /home/user/fast_lio2_ws/fast_lio2_ws/src/Livox-SDK2/sdk_core/command_handler/mid360_command_handler.cpp:37:
[32.937s] /home/user/fast_lio2_ws/fast_lio2_ws/src/Livox-SDK2/sdk_core/../3rdparty/rapidjson/rapidjson.h:542:29: warning: unknown option after ‘#pragma GCC diagnostic’ kind [-Wpragmas]
[32.937s]   542 | #define RAPIDJSON_PRAGMA(x) _Pragma(RAPIDJSON_STRINGIFY(x))
[32.938s]       |                             ^~~~~~~
[32.938s] /home/user/fast_lio2_ws/fast_lio2_ws/src/Livox-SDK2/sdk_core/../3rdparty/rapidjson/rapidjson.h:543:34: note: in expansion of macro ‘RAPIDJSON_PRAGMA’
[32.938s]   543 | #define RAPIDJSON_DIAG_PRAGMA(x) RAPIDJSON_PRAGMA(GCC diagnostic x)
[32.938s]       |                                  ^~~~~~~~~~~~~~~~
[32.938s] /home/user/fast_lio2_ws/fast_lio2_ws/src/Livox-SDK2/sdk_core/../3rdparty/rapidjson/rapidjson.h:545:3: note: in expansion of macro ‘RAPIDJSON_DIAG_PRAGMA’
[32.938s]   545 |   RAPIDJSON_DIAG_PRAGMA(ignored RAPIDJSON_STRINGIFY(RAPIDJSON_JOIN(-W, x)))
[32.938s]       |   ^~~~~~~~~~~~~~~~~~~~~
[32.939s] /home/user/fast_lio2_ws/fast_lio2_ws/src/Livox-SDK2/sdk_core/../3rdparty/rapidjson/internal/dtoa.h:36:1: note: in expansion of macro ‘RAPIDJSON_DIAG_OFF’
[32.939s]    36 | RAPIDJSON_DIAG_OFF(array - bounds)  // some gcc versions generate wrong warnings
[32.939s]       | ^~~~~~~~~~~~~~~~~~
[32.943s] /home/user/fast_lio2_ws/fast_lio2_ws/src/Livox-SDK2/sdk_core/../3rdparty/rapidjson/rapidjson.h:542:29: note: did you mean ‘-Warray-bounds’?
[32.943s]   542 | #define RAPIDJSON_PRAGMA(x) _Pragma(RAPIDJSON_STRINGIFY(x))
[32.943s]       |                             ^~~~~~~
[32.943s] /home/user/fast_lio2_ws/fast_lio2_ws/src/Livox-SDK2/sdk_core/../3rdparty/rapidjson/rapidjson.h:543:34: note: in expansion of macro ‘RAPIDJSON_PRAGMA’
[32.943s]   543 | #define RAPIDJSON_DIAG_PRAGMA(x) RAPIDJSON_PRAGMA(GCC diagnostic x)
[32.944s]       |                                  ^~~~~~~~~~~~~~~~
[32.944s] /home/user/fast_lio2_ws/fast_lio2_ws/src/Livox-SDK2/sdk_core/../3rdparty/rapidjson/rapidjson.h:545:3: note: in expansion of macro ‘RAPIDJSON_DIAG_PRAGMA’
[32.944s]   545 |   RAPIDJSON_DIAG_PRAGMA(ignored RAPIDJSON_STRINGIFY(RAPIDJSON_JOIN(-W, x)))
[32.944s]       |   ^~~~~~~~~~~~~~~~~~~~~
[32.944s] /home/user/fast_lio2_ws/fast_lio2_ws/src/Livox-SDK2/sdk_core/../3rdparty/rapidjson/internal/dtoa.h:36:1: note: in expansion of macro ‘RAPIDJSON_DIAG_OFF’
[32.944s]    36 | RAPIDJSON_DIAG_OFF(array - bounds)  // some gcc versions generate wrong warnings
[32.944s]       | ^~~~~~~~~~~~~~~~~~
[34.070s] [ 78%] Building CXX object sdk_core/CMakeFiles/livox_lidar_sdk_static.dir/command_handler/parse_lidar_state_info.cpp.o
[34.922s] In file included from /home/user/fast_lio2_ws/fast_lio2_ws/src/Livox-SDK2/sdk_core/../3rdparty/rapidjson/stream.h:19,
[34.922s]                  from /home/user/fast_lio2_ws/fast_lio2_ws/src/Livox-SDK2/sdk_core/../3rdparty/rapidjson/memorystream.h:22,
[34.922s]                  from /home/user/fast_lio2_ws/fast_lio2_ws/src/Livox-SDK2/sdk_core/../3rdparty/rapidjson/encodedstream.h:22,
[34.923s]                  from /home/user/fast_lio2_ws/fast_lio2_ws/src/Livox-SDK2/sdk_core/../3rdparty/rapidjson/document.h:26,
[34.923s]                  from /home/user/fast_lio2_ws/fast_lio2_ws/src/Livox-SDK2/sdk_core/command_handler/parse_lidar_state_info.h:38,
[34.923s]                  from /home/user/fast_lio2_ws/fast_lio2_ws/src/Livox-SDK2/sdk_core/command_handler/parse_lidar_state_info.cpp:2:
[34.923s] /home/user/fast_lio2_ws/fast_lio2_ws/src/Livox-SDK2/sdk_core/../3rdparty/rapidjson/rapidjson.h:542:29: warning: unknown option after ‘#pragma GCC diagnostic’ kind [-Wpragmas]
[34.923s]   542 | #define RAPIDJSON_PRAGMA(x) _Pragma(RAPIDJSON_STRINGIFY(x))
[34.923s]       |                             ^~~~~~~
[34.923s] /home/user/fast_lio2_ws/fast_lio2_ws/src/Livox-SDK2/sdk_core/../3rdparty/rapidjson/rapidjson.h:543:34: note: in expansion of macro ‘RAPIDJSON_PRAGMA’
[34.924s]   543 | #define RAPIDJSON_DIAG_PRAGMA(x) RAPIDJSON_PRAGMA(GCC diagnostic x)
[34.924s]       |                                  ^~~~~~~~~~~~~~~~
[34.924s] /home/user/fast_lio2_ws/fast_lio2_ws/src/Livox-SDK2/sdk_core/../3rdparty/rapidjson/rapidjson.h:545:3: note: in expansion of macro ‘RAPIDJSON_DIAG_PRAGMA’
[34.924s]   545 |   RAPIDJSON_DIAG_PRAGMA(ignored RAPIDJSON_STRINGIFY(RAPIDJSON_JOIN(-W, x)))
[34.924s]       |   ^~~~~~~~~~~~~~~~~~~~~
[34.924s] /home/user/fast_lio2_ws/fast_lio2_ws/src/Livox-SDK2/sdk_core/../3rdparty/rapidjson/internal/dtoa.h:36:1: note: in expansion of macro ‘RAPIDJSON_DIAG_OFF’
[34.924s]    36 | RAPIDJSON_DIAG_OFF(array - bounds)  // some gcc versions generate wrong warnings
[34.924s]       | ^~~~~~~~~~~~~~~~~~
[34.927s] /home/user/fast_lio2_ws/fast_lio2_ws/src/Livox-SDK2/sdk_core/../3rdparty/rapidjson/rapidjson.h:542:29: note: did you mean ‘-Warray-bounds’?
[34.928s]   542 | #define RAPIDJSON_PRAGMA(x) _Pragma(RAPIDJSON_STRINGIFY(x))
[34.928s]       |                             ^~~~~~~
[34.928s] /home/user/fast_lio2_ws/fast_lio2_ws/src/Livox-SDK2/sdk_core/../3rdparty/rapidjson/rapidjson.h:543:34: note: in expansion of macro ‘RAPIDJSON_PRAGMA’
[34.928s]   543 | #define RAPIDJSON_DIAG_PRAGMA(x) RAPIDJSON_PRAGMA(GCC diagnostic x)
[34.928s]       |                                  ^~~~~~~~~~~~~~~~
[34.928s] /home/user/fast_lio2_ws/fast_lio2_ws/src/Livox-SDK2/sdk_core/../3rdparty/rapidjson/rapidjson.h:545:3: note: in expansion of macro ‘RAPIDJSON_DIAG_PRAGMA’
[34.929s]   545 |   RAPIDJSON_DIAG_PRAGMA(ignored RAPIDJSON_STRINGIFY(RAPIDJSON_JOIN(-W, x)))
[34.929s]       |   ^~~~~~~~~~~~~~~~~~~~~
[34.929s] /home/user/fast_lio2_ws/fast_lio2_ws/src/Livox-SDK2/sdk_core/../3rdparty/rapidjson/internal/dtoa.h:36:1: note: in expansion of macro ‘RAPIDJSON_DIAG_OFF’
[34.929s]    36 | RAPIDJSON_DIAG_OFF(array - bounds)  // some gcc versions generate wrong warnings
[34.929s]       | ^~~~~~~~~~~~~~~~~~
[35.446s] [ 80%] Building CXX object sdk_core/CMakeFiles/livox_lidar_sdk_static.dir/command_handler/mid360s_command_handler.cpp.o
[36.167s] [ 81%] Building CXX object sdk_core/CMakeFiles/livox_lidar_sdk_static.dir/debug_point_cloud_handler/debug_point_cloud_manager.cpp.o
[37.671s] [ 82%] Linking CXX shared library liblivox_lidar_sdk_shared.so
[37.874s] [ 83%] Building CXX object sdk_core/CMakeFiles/livox_lidar_sdk_static.dir/debug_point_cloud_handler/debug_point_cloud_handler.cpp.o
[38.944s] In file included from /home/user/fast_lio2_ws/fast_lio2_ws/src/Livox-SDK2/sdk_core/../3rdparty/rapidjson/stream.h:19,
[38.944s]                  from /home/user/fast_lio2_ws/fast_lio2_ws/src/Livox-SDK2/sdk_core/../3rdparty/rapidjson/memorystream.h:22,
[38.944s]                  from /home/user/fast_lio2_ws/fast_lio2_ws/src/Livox-SDK2/sdk_core/../3rdparty/rapidjson/encodedstream.h:22,
[38.944s]                  from /home/user/fast_lio2_ws/fast_lio2_ws/src/Livox-SDK2/sdk_core/../3rdparty/rapidjson/document.h:26,
[38.945s]                  from /home/user/fast_lio2_ws/fast_lio2_ws/src/Livox-SDK2/sdk_core/command_handler/parse_lidar_state_info.h:38,
[38.945s]                  from /home/user/fast_lio2_ws/fast_lio2_ws/src/Livox-SDK2/sdk_core/command_handler/mid360s_command_handler.cpp:37:
[38.945s] /home/user/fast_lio2_ws/fast_lio2_ws/src/Livox-SDK2/sdk_core/../3rdparty/rapidjson/rapidjson.h:542:29: warning: unknown option after ‘#pragma GCC diagnostic’ kind [-Wpragmas]
[38.945s]   542 | #define RAPIDJSON_PRAGMA(x) _Pragma(RAPIDJSON_STRINGIFY(x))
[38.945s]       |                             ^~~~~~~
[38.945s] /home/user/fast_lio2_ws/fast_lio2_ws/src/Livox-SDK2/sdk_core/../3rdparty/rapidjson/rapidjson.h:543:34: note: in expansion of macro ‘RAPIDJSON_PRAGMA’
[38.945s]   543 | #define RAPIDJSON_DIAG_PRAGMA(x) RAPIDJSON_PRAGMA(GCC diagnostic x)
[38.945s]       |                                  ^~~~~~~~~~~~~~~~
[38.946s] /home/user/fast_lio2_ws/fast_lio2_ws/src/Livox-SDK2/sdk_core/../3rdparty/rapidjson/rapidjson.h:545:3: note: in expansion of macro ‘RAPIDJSON_DIAG_PRAGMA’
[38.946s]   545 |   RAPIDJSON_DIAG_PRAGMA(ignored RAPIDJSON_STRINGIFY(RAPIDJSON_JOIN(-W, x)))
[38.946s]       |   ^~~~~~~~~~~~~~~~~~~~~
[38.946s] /home/user/fast_lio2_ws/fast_lio2_ws/src/Livox-SDK2/sdk_core/../3rdparty/rapidjson/internal/dtoa.h:36:1: note: in expansion of macro ‘RAPIDJSON_DIAG_OFF’
[38.946s]    36 | RAPIDJSON_DIAG_OFF(array - bounds)  // some gcc versions generate wrong warnings
[38.946s]       | ^~~~~~~~~~~~~~~~~~
[38.950s] /home/user/fast_lio2_ws/fast_lio2_ws/src/Livox-SDK2/sdk_core/../3rdparty/rapidjson/rapidjson.h:542:29: note: did you mean ‘-Warray-bounds’?
[38.951s]   542 | #define RAPIDJSON_PRAGMA(x) _Pragma(RAPIDJSON_STRINGIFY(x))
[38.951s]       |                             ^~~~~~~
[38.951s] /home/user/fast_lio2_ws/fast_lio2_ws/src/Livox-SDK2/sdk_core/../3rdparty/rapidjson/rapidjson.h:543:34: note: in expansion of macro ‘RAPIDJSON_PRAGMA’
[38.951s]   543 | #define RAPIDJSON_DIAG_PRAGMA(x) RAPIDJSON_PRAGMA(GCC diagnostic x)
[38.951s]       |                                  ^~~~~~~~~~~~~~~~
[38.951s] /home/user/fast_lio2_ws/fast_lio2_ws/src/Livox-SDK2/sdk_core/../3rdparty/rapidjson/rapidjson.h:545:3: note: in expansion of macro ‘RAPIDJSON_DIAG_PRAGMA’
[38.951s]   545 |   RAPIDJSON_DIAG_PRAGMA(ignored RAPIDJSON_STRINGIFY(RAPIDJSON_JOIN(-W, x)))
[38.952s]       |   ^~~~~~~~~~~~~~~~~~~~~
[38.952s] /home/user/fast_lio2_ws/fast_lio2_ws/src/Livox-SDK2/sdk_core/../3rdparty/rapidjson/internal/dtoa.h:36:1: note: in expansion of macro ‘RAPIDJSON_DIAG_OFF’
[38.952s]    36 | RAPIDJSON_DIAG_OFF(array - bounds)  // some gcc versions generate wrong warnings
[38.952s]       | ^~~~~~~~~~~~~~~~~~
[39.177s] [ 83%] Built target livox_lidar_sdk_shared
[43.979s] [ 84%] Linking CXX static library liblivox_lidar_sdk_static.a
[44.636s] [ 84%] Built target livox_lidar_sdk_static
[44.675s] [ 88%] Building CXX object samples/livox_lidar_quick_start/CMakeFiles/livox_lidar_quick_start.dir/main.cpp.o
[44.676s] [ 88%] Building CXX object samples/multi_lidars_upgrade/CMakeFiles/multi_lidars_upgrade.dir/main.cpp.o
[44.676s] [ 88%] Building CXX object samples/logger/CMakeFiles/logger.dir/main.cpp.o
[44.679s] [ 90%] Building CXX object samples/lidar_cmd_observer/CMakeFiles/lidar_cmd_observer.dir/main.cpp.o
[44.679s] [ 90%] Building CXX object samples/debug_point_cloud/CMakeFiles/debug_point_cloud.dir/main.cpp.o
[45.280s] [ 91%] Linking CXX executable lidar_cmd_observer
[45.462s] [ 92%] Linking CXX executable debug_point_cloud
[45.462s] [ 94%] Linking CXX executable logger
[45.469s] [ 95%] Linking CXX executable livox_lidar_quick_start
[45.561s] [ 96%] Linking CXX executable multi_lidars_upgrade
[46.759s] [ 96%] Built target logger
[46.759s] [ 96%] Built target debug_point_cloud
[46.774s] [ 96%] Built target lidar_cmd_observer
[46.774s] [ 96%] Built target livox_lidar_quick_start
[46.797s] [ 98%] Building CXX object samples/livox_lidar_rmc_time_sync/CMakeFiles/livox_lidar_rmc_time_sync.dir/linux/synchro.cpp.o
[46.797s] [ 98%] Building CXX object samples/livox_lidar_rmc_time_sync/CMakeFiles/livox_lidar_rmc_time_sync.dir/main.cpp.o
[46.903s] [ 98%] Built target multi_lidars_upgrade
[47.724s] [100%] Linking CXX executable livox_lidar_rmc_time_sync
[48.978s] [100%] Built target livox_lidar_rmc_time_sync
