The MPI test test_mpi for C in mode normal failed to compile with the following output:
Change Dir: /home/user/fast_lio2_ws/fast_lio2_ws/build/livox_ros_driver2/CMakeFiles/CMakeTmp

Run Build Command(s):/usr/bin/gmake -f Makefile cmTC_da590/fast && /usr/bin/gmake  -f CMakeFiles/cmTC_da590.dir/build.make CMakeFiles/cmTC_da590.dir/build
gmake[1]: Entering directory '/home/user/fast_lio2_ws/fast_lio2_ws/build/livox_ros_driver2/CMakeFiles/CMakeTmp'
Building C object CMakeFiles/cmTC_da590.dir/test_mpi.c.o
/usr/bin/cc  -isystem /usr/lib/aarch64-linux-gnu/openmpi/include/openmpi -std=gnu99 -o CMakeFiles/cmTC_da590.dir/test_mpi.c.o -c /usr/share/cmake-3.22/Modules/FindMPI/test_mpi.c
/usr/share/cmake-3.22/Modules/FindMPI/test_mpi.c:1:10: fatal error: mpi.h: No such file or directory
    1 | #include <mpi.h>
      |          ^~~~~~~
compilation terminated.
gmake[1]: *** [CMakeFiles/cmTC_da590.dir/build.make:78: CMakeFiles/cmTC_da590.dir/test_mpi.c.o] Error 1
gmake[1]: Leaving directory '/home/user/fast_lio2_ws/fast_lio2_ws/build/livox_ros_driver2/CMakeFiles/CMakeTmp'
gmake: *** [Makefile:127: cmTC_da590/fast] Error 2



The MPI test test_mpi for C in mode normal failed to compile with the following output:
Change Dir: /home/user/fast_lio2_ws/fast_lio2_ws/build/livox_ros_driver2/CMakeFiles/CMakeTmp

Run Build Command(s):/usr/bin/gmake -f Makefile cmTC_8a571/fast && /usr/bin/gmake  -f CMakeFiles/cmTC_8a571.dir/build.make CMakeFiles/cmTC_8a571.dir/build
gmake[1]: Entering directory '/home/user/fast_lio2_ws/fast_lio2_ws/build/livox_ros_driver2/CMakeFiles/CMakeTmp'
Building C object CMakeFiles/cmTC_8a571.dir/test_mpi.c.o
/usr/bin/cc  -isystem /usr/lib/aarch64-linux-gnu/openmpi/include/openmpi -std=gnu99 -o CMakeFiles/cmTC_8a571.dir/test_mpi.c.o -c /usr/share/cmake-3.22/Modules/FindMPI/test_mpi.c
/usr/share/cmake-3.22/Modules/FindMPI/test_mpi.c:1:10: fatal error: mpi.h: No such file or directory
    1 | #include <mpi.h>
      |          ^~~~~~~
compilation terminated.
gmake[1]: *** [CMakeFiles/cmTC_8a571.dir/build.make:78: CMakeFiles/cmTC_8a571.dir/test_mpi.c.o] Error 1
gmake[1]: Leaving directory '/home/user/fast_lio2_ws/fast_lio2_ws/build/livox_ros_driver2/CMakeFiles/CMakeTmp'
gmake: *** [Makefile:127: cmTC_8a571/fast] Error 2



The MPI test test_mpi for C in mode normal failed to compile with the following output:
Change Dir: /home/user/fast_lio2_ws/fast_lio2_ws/build/livox_ros_driver2/CMakeFiles/CMakeTmp

Run Build Command(s):/usr/bin/gmake -f Makefile cmTC_fa501/fast && /usr/bin/gmake  -f CMakeFiles/cmTC_fa501.dir/build.make CMakeFiles/cmTC_fa501.dir/build
gmake[1]: Entering directory '/home/user/fast_lio2_ws/fast_lio2_ws/build/livox_ros_driver2/CMakeFiles/CMakeTmp'
Building C object CMakeFiles/cmTC_fa501.dir/test_mpi.c.o
/usr/bin/cc  -isystem /usr/lib/aarch64-linux-gnu/openmpi/include/openmpi -std=gnu99 -o CMakeFiles/cmTC_fa501.dir/test_mpi.c.o -c /usr/share/cmake-3.22/Modules/FindMPI/test_mpi.c
/usr/share/cmake-3.22/Modules/FindMPI/test_mpi.c:1:10: fatal error: mpi.h: No such file or directory
    1 | #include <mpi.h>
      |          ^~~~~~~
compilation terminated.
gmake[1]: *** [CMakeFiles/cmTC_fa501.dir/build.make:78: CMakeFiles/cmTC_fa501.dir/test_mpi.c.o] Error 1
gmake[1]: Leaving directory '/home/user/fast_lio2_ws/fast_lio2_ws/build/livox_ros_driver2/CMakeFiles/CMakeTmp'
gmake: *** [Makefile:127: cmTC_fa501/fast] Error 2



The MPI test test_mpi for C in mode normal failed to compile with the following output:
Change Dir: /home/user/fast_lio2_ws/fast_lio2_ws/build/livox_ros_driver2/CMakeFiles/CMakeTmp

Run Build Command(s):/usr/bin/gmake -f Makefile cmTC_8be59/fast && /usr/bin/gmake  -f CMakeFiles/cmTC_8be59.dir/build.make CMakeFiles/cmTC_8be59.dir/build
gmake[1]: Entering directory '/home/user/fast_lio2_ws/fast_lio2_ws/build/livox_ros_driver2/CMakeFiles/CMakeTmp'
Building C object CMakeFiles/cmTC_8be59.dir/test_mpi.c.o
/usr/bin/cc  -isystem /usr/lib/aarch64-linux-gnu/openmpi/include/openmpi -std=gnu99 -o CMakeFiles/cmTC_8be59.dir/test_mpi.c.o -c /usr/share/cmake-3.22/Modules/FindMPI/test_mpi.c
/usr/share/cmake-3.22/Modules/FindMPI/test_mpi.c:1:10: fatal error: mpi.h: No such file or directory
    1 | #include <mpi.h>
      |          ^~~~~~~
compilation terminated.
gmake[1]: *** [CMakeFiles/cmTC_8be59.dir/build.make:78: CMakeFiles/cmTC_8be59.dir/test_mpi.c.o] Error 1
gmake[1]: Leaving directory '/home/user/fast_lio2_ws/fast_lio2_ws/build/livox_ros_driver2/CMakeFiles/CMakeTmp'
gmake: *** [Makefile:127: cmTC_8be59/fast] Error 2



The MPI test test_mpi for C in mode normal failed to compile with the following output:
Change Dir: /home/user/fast_lio2_ws/fast_lio2_ws/build/livox_ros_driver2/CMakeFiles/CMakeTmp

Run Build Command(s):/usr/bin/gmake -f Makefile cmTC_2a489/fast && /usr/bin/gmake  -f CMakeFiles/cmTC_2a489.dir/build.make CMakeFiles/cmTC_2a489.dir/build
gmake[1]: Entering directory '/home/user/fast_lio2_ws/fast_lio2_ws/build/livox_ros_driver2/CMakeFiles/CMakeTmp'
Building C object CMakeFiles/cmTC_2a489.dir/test_mpi.c.o
/usr/bin/cc  -isystem /usr/lib/aarch64-linux-gnu/openmpi/include/openmpi -std=gnu99 -o CMakeFiles/cmTC_2a489.dir/test_mpi.c.o -c /usr/share/cmake-3.22/Modules/FindMPI/test_mpi.c
/usr/share/cmake-3.22/Modules/FindMPI/test_mpi.c:1:10: fatal error: mpi.h: No such file or directory
    1 | #include <mpi.h>
      |          ^~~~~~~
compilation terminated.
gmake[1]: *** [CMakeFiles/cmTC_2a489.dir/build.make:78: CMakeFiles/cmTC_2a489.dir/test_mpi.c.o] Error 1
gmake[1]: Leaving directory '/home/user/fast_lio2_ws/fast_lio2_ws/build/livox_ros_driver2/CMakeFiles/CMakeTmp'
gmake: *** [Makefile:127: cmTC_2a489/fast] Error 2



The MPI test test_mpi for C in mode normal failed to compile with the following output:
Change Dir: /home/user/fast_lio2_ws/fast_lio2_ws/build/livox_ros_driver2/CMakeFiles/CMakeTmp

Run Build Command(s):/usr/bin/gmake -f Makefile cmTC_9c955/fast && /usr/bin/gmake  -f CMakeFiles/cmTC_9c955.dir/build.make CMakeFiles/cmTC_9c955.dir/build
gmake[1]: Entering directory '/home/user/fast_lio2_ws/fast_lio2_ws/build/livox_ros_driver2/CMakeFiles/CMakeTmp'
Building C object CMakeFiles/cmTC_9c955.dir/test_mpi.c.o
/usr/bin/cc  -isystem /usr/lib/aarch64-linux-gnu/openmpi/include/openmpi -std=gnu99 -o CMakeFiles/cmTC_9c955.dir/test_mpi.c.o -c /usr/share/cmake-3.22/Modules/FindMPI/test_mpi.c
/usr/share/cmake-3.22/Modules/FindMPI/test_mpi.c:1:10: fatal error: mpi.h: No such file or directory
    1 | #include <mpi.h>
      |          ^~~~~~~
compilation terminated.
gmake[1]: *** [CMakeFiles/cmTC_9c955.dir/build.make:78: CMakeFiles/cmTC_9c955.dir/test_mpi.c.o] Error 1
gmake[1]: Leaving directory '/home/user/fast_lio2_ws/fast_lio2_ws/build/livox_ros_driver2/CMakeFiles/CMakeTmp'
gmake: *** [Makefile:127: cmTC_9c955/fast] Error 2



The MPI test test_mpi for C in mode normal failed to compile with the following output:
Change Dir: /home/user/fast_lio2_ws/fast_lio2_ws/build/livox_ros_driver2/CMakeFiles/CMakeTmp

Run Build Command(s):/usr/bin/gmake -f Makefile cmTC_6df49/fast && /usr/bin/gmake  -f CMakeFiles/cmTC_6df49.dir/build.make CMakeFiles/cmTC_6df49.dir/build
gmake[1]: Entering directory '/home/user/fast_lio2_ws/fast_lio2_ws/build/livox_ros_driver2/CMakeFiles/CMakeTmp'
Building C object CMakeFiles/cmTC_6df49.dir/test_mpi.c.o
/usr/bin/cc  -isystem /usr/lib/aarch64-linux-gnu/openmpi/include/openmpi -std=gnu99 -o CMakeFiles/cmTC_6df49.dir/test_mpi.c.o -c /usr/share/cmake-3.22/Modules/FindMPI/test_mpi.c
/usr/share/cmake-3.22/Modules/FindMPI/test_mpi.c:1:10: fatal error: mpi.h: No such file or directory
    1 | #include <mpi.h>
      |          ^~~~~~~
compilation terminated.
gmake[1]: *** [CMakeFiles/cmTC_6df49.dir/build.make:78: CMakeFiles/cmTC_6df49.dir/test_mpi.c.o] Error 1
gmake[1]: Leaving directory '/home/user/fast_lio2_ws/fast_lio2_ws/build/livox_ros_driver2/CMakeFiles/CMakeTmp'
gmake: *** [Makefile:127: cmTC_6df49/fast] Error 2



The MPI test test_mpi for C in mode normal failed to compile with the following output:
Change Dir: /home/user/fast_lio2_ws/fast_lio2_ws/build/livox_ros_driver2/CMakeFiles/CMakeTmp

Run Build Command(s):/usr/bin/gmake -f Makefile cmTC_ce4ef/fast && /usr/bin/gmake  -f CMakeFiles/cmTC_ce4ef.dir/build.make CMakeFiles/cmTC_ce4ef.dir/build
gmake[1]: Entering directory '/home/user/fast_lio2_ws/fast_lio2_ws/build/livox_ros_driver2/CMakeFiles/CMakeTmp'
Building C object CMakeFiles/cmTC_ce4ef.dir/test_mpi.c.o
/usr/bin/cc  -isystem /usr/lib/aarch64-linux-gnu/openmpi/include/openmpi -std=gnu99 -o CMakeFiles/cmTC_ce4ef.dir/test_mpi.c.o -c /usr/share/cmake-3.22/Modules/FindMPI/test_mpi.c
/usr/share/cmake-3.22/Modules/FindMPI/test_mpi.c:1:10: fatal error: mpi.h: No such file or directory
    1 | #include <mpi.h>
      |          ^~~~~~~
compilation terminated.
gmake[1]: *** [CMakeFiles/cmTC_ce4ef.dir/build.make:78: CMakeFiles/cmTC_ce4ef.dir/test_mpi.c.o] Error 1
gmake[1]: Leaving directory '/home/user/fast_lio2_ws/fast_lio2_ws/build/livox_ros_driver2/CMakeFiles/CMakeTmp'
gmake: *** [Makefile:127: cmTC_ce4ef/fast] Error 2



The MPI test test_mpi for C in mode normal failed to compile with the following output:
Change Dir: /home/user/fast_lio2_ws/fast_lio2_ws/build/livox_ros_driver2/CMakeFiles/CMakeTmp

Run Build Command(s):/usr/bin/gmake -f Makefile cmTC_d95ca/fast && /usr/bin/gmake  -f CMakeFiles/cmTC_d95ca.dir/build.make CMakeFiles/cmTC_d95ca.dir/build
gmake[1]: Entering directory '/home/user/fast_lio2_ws/fast_lio2_ws/build/livox_ros_driver2/CMakeFiles/CMakeTmp'
Building C object CMakeFiles/cmTC_d95ca.dir/test_mpi.c.o
/usr/bin/cc  -isystem /usr/lib/aarch64-linux-gnu/openmpi/include/openmpi -std=gnu99 -o CMakeFiles/cmTC_d95ca.dir/test_mpi.c.o -c /usr/share/cmake-3.22/Modules/FindMPI/test_mpi.c
/usr/share/cmake-3.22/Modules/FindMPI/test_mpi.c:1:10: fatal error: mpi.h: No such file or directory
    1 | #include <mpi.h>
      |          ^~~~~~~
compilation terminated.
gmake[1]: *** [CMakeFiles/cmTC_d95ca.dir/build.make:78: CMakeFiles/cmTC_d95ca.dir/test_mpi.c.o] Error 1
gmake[1]: Leaving directory '/home/user/fast_lio2_ws/fast_lio2_ws/build/livox_ros_driver2/CMakeFiles/CMakeTmp'
gmake: *** [Makefile:127: cmTC_d95ca/fast] Error 2



The MPI test test_mpi for C in mode normal failed to compile with the following output:
Change Dir: /home/user/fast_lio2_ws/fast_lio2_ws/build/livox_ros_driver2/CMakeFiles/CMakeTmp

Run Build Command(s):/usr/bin/gmake -f Makefile cmTC_112aa/fast && /usr/bin/gmake  -f CMakeFiles/cmTC_112aa.dir/build.make CMakeFiles/cmTC_112aa.dir/build
gmake[1]: Entering directory '/home/user/fast_lio2_ws/fast_lio2_ws/build/livox_ros_driver2/CMakeFiles/CMakeTmp'
Building C object CMakeFiles/cmTC_112aa.dir/test_mpi.c.o
/usr/bin/cc  -isystem /usr/lib/aarch64-linux-gnu/openmpi/include/openmpi -std=gnu99 -o CMakeFiles/cmTC_112aa.dir/test_mpi.c.o -c /usr/share/cmake-3.22/Modules/FindMPI/test_mpi.c
/usr/share/cmake-3.22/Modules/FindMPI/test_mpi.c:1:10: fatal error: mpi.h: No such file or directory
    1 | #include <mpi.h>
      |          ^~~~~~~
compilation terminated.
gmake[1]: *** [CMakeFiles/cmTC_112aa.dir/build.make:78: CMakeFiles/cmTC_112aa.dir/test_mpi.c.o] Error 1
gmake[1]: Leaving directory '/home/user/fast_lio2_ws/fast_lio2_ws/build/livox_ros_driver2/CMakeFiles/CMakeTmp'
gmake: *** [Makefile:127: cmTC_112aa/fast] Error 2



