[0.242s] DEBUG:colcon:Command line arguments: ['/usr/bin/colcon', 'build', '--symlink-install']
[0.243s] DEBUG:colcon:Parsed command line arguments: Namespace(log_base=None, log_level=None, verb_name='build', build_base='build', install_base='install', merge_install=False, symlink_install=True, test_result_base=None, continue_on_error=False, executor='parallel', parallel_workers=8, event_handlers=None, ignore_user_meta=False, metas=['./colcon.meta'], base_paths=['.'], packages_ignore=None, packages_ignore_regex=None, paths=None, packages_up_to=None, packages_up_to_regex=None, packages_above=None, packages_above_and_dependencies=None, packages_above_depth=None, packages_select_by_dep=None, packages_skip_by_dep=None, packages_skip_up_to=None, packages_select_build_failed=False, packages_skip_build_finished=False, packages_select_test_failures=False, packages_skip_test_passed=False, packages_select=None, packages_skip=None, packages_select_regex=None, packages_skip_regex=None, packages_start=None, packages_end=None, allow_overriding=[], cmake_args=None, cmake_target=None, cmake_target_skip_unavailable=False, cmake_clean_cache=False, cmake_clean_first=False, cmake_force_configure=False, ament_cmake_args=None, catkin_cmake_args=None, catkin_skip_building_tests=False, mixin_files=None, mixin=None, verb_parser=<colcon_mixin.mixin.mixin_argument.MixinArgumentDecorator object at 0xffffa526dc90>, verb_extension=<colcon_core.verb.build.BuildVerb object at 0xffffa526d720>, main=<bound method BuildVerb.main of <colcon_core.verb.build.BuildVerb object at 0xffffa526d720>>, mixin_verb=('build',))
[0.599s] Level 1:colcon.colcon_core.package_discovery:discover_packages(colcon_meta) check parameters
[0.599s] Level 1:colcon.colcon_core.package_discovery:discover_packages(recursive) check parameters
[0.599s] Level 1:colcon.colcon_core.package_discovery:discover_packages(ignore) check parameters
[0.600s] Level 1:colcon.colcon_core.package_discovery:discover_packages(path) check parameters
[0.600s] Level 1:colcon.colcon_core.package_discovery:discover_packages(colcon_meta) discover
[0.600s] Level 1:colcon.colcon_core.package_discovery:discover_packages(recursive) discover
[0.600s] INFO:colcon.colcon_core.package_discovery:Crawling recursively for packages in '/home/user/fast_lio2_ws/fast_lio2_ws'
[0.600s] Level 1:colcon.colcon_core.package_identification:_identify(.) by extensions ['ignore', 'ignore_ament_install']
[0.600s] Level 1:colcon.colcon_core.package_identification:_identify(.) by extension 'ignore'
[0.601s] Level 1:colcon.colcon_core.package_identification:_identify(.) by extension 'ignore_ament_install'
[0.601s] Level 1:colcon.colcon_core.package_identification:_identify(.) by extensions ['colcon_pkg']
[0.601s] Level 1:colcon.colcon_core.package_identification:_identify(.) by extension 'colcon_pkg'
[0.601s] Level 1:colcon.colcon_core.package_identification:_identify(.) by extensions ['colcon_meta']
[0.601s] Level 1:colcon.colcon_core.package_identification:_identify(.) by extension 'colcon_meta'
[0.601s] Level 1:colcon.colcon_core.package_identification:_identify(.) by extensions ['ros']
[0.601s] Level 1:colcon.colcon_core.package_identification:_identify(.) by extension 'ros'
[0.625s] Level 1:colcon.colcon_core.package_identification:_identify(.) by extensions ['cmake', 'python']
[0.625s] Level 1:colcon.colcon_core.package_identification:_identify(.) by extension 'cmake'
[0.625s] Level 1:colcon.colcon_core.package_identification:_identify(.) by extension 'python'
[0.625s] Level 1:colcon.colcon_core.package_identification:_identify(.) by extensions ['python_setup_py']
[0.625s] Level 1:colcon.colcon_core.package_identification:_identify(.) by extension 'python_setup_py'
[0.625s] Level 1:colcon.colcon_core.package_identification:_identify(build) by extensions ['ignore', 'ignore_ament_install']
[0.626s] Level 1:colcon.colcon_core.package_identification:_identify(build) by extension 'ignore'
[0.626s] Level 1:colcon.colcon_core.package_identification:_identify(build) ignored
[0.626s] Level 1:colcon.colcon_core.package_identification:_identify(install) by extensions ['ignore', 'ignore_ament_install']
[0.626s] Level 1:colcon.colcon_core.package_identification:_identify(install) by extension 'ignore'
[0.627s] Level 1:colcon.colcon_core.package_identification:_identify(install) ignored
[0.627s] Level 1:colcon.colcon_core.package_identification:_identify(log) by extensions ['ignore', 'ignore_ament_install']
[0.627s] Level 1:colcon.colcon_core.package_identification:_identify(log) by extension 'ignore'
[0.627s] Level 1:colcon.colcon_core.package_identification:_identify(log) ignored
[0.627s] Level 1:colcon.colcon_core.package_identification:_identify(scripts) by extensions ['ignore', 'ignore_ament_install']
[0.627s] Level 1:colcon.colcon_core.package_identification:_identify(scripts) by extension 'ignore'
[0.628s] Level 1:colcon.colcon_core.package_identification:_identify(scripts) by extension 'ignore_ament_install'
[0.628s] Level 1:colcon.colcon_core.package_identification:_identify(scripts) by extensions ['colcon_pkg']
[0.628s] Level 1:colcon.colcon_core.package_identification:_identify(scripts) by extension 'colcon_pkg'
[0.628s] Level 1:colcon.colcon_core.package_identification:_identify(scripts) by extensions ['colcon_meta']
[0.628s] Level 1:colcon.colcon_core.package_identification:_identify(scripts) by extension 'colcon_meta'
[0.628s] Level 1:colcon.colcon_core.package_identification:_identify(scripts) by extensions ['ros']
[0.628s] Level 1:colcon.colcon_core.package_identification:_identify(scripts) by extension 'ros'
[0.628s] Level 1:colcon.colcon_core.package_identification:_identify(scripts) by extensions ['cmake', 'python']
[0.628s] Level 1:colcon.colcon_core.package_identification:_identify(scripts) by extension 'cmake'
[0.629s] Level 1:colcon.colcon_core.package_identification:_identify(scripts) by extension 'python'
[0.629s] Level 1:colcon.colcon_core.package_identification:_identify(scripts) by extensions ['python_setup_py']
[0.629s] Level 1:colcon.colcon_core.package_identification:_identify(scripts) by extension 'python_setup_py'
[0.629s] Level 1:colcon.colcon_core.package_identification:_identify(src) by extensions ['ignore', 'ignore_ament_install']
[0.629s] Level 1:colcon.colcon_core.package_identification:_identify(src) by extension 'ignore'
[0.629s] Level 1:colcon.colcon_core.package_identification:_identify(src) by extension 'ignore_ament_install'
[0.629s] Level 1:colcon.colcon_core.package_identification:_identify(src) by extensions ['colcon_pkg']
[0.629s] Level 1:colcon.colcon_core.package_identification:_identify(src) by extension 'colcon_pkg'
[0.630s] Level 1:colcon.colcon_core.package_identification:_identify(src) by extensions ['colcon_meta']
[0.630s] Level 1:colcon.colcon_core.package_identification:_identify(src) by extension 'colcon_meta'
[0.630s] Level 1:colcon.colcon_core.package_identification:_identify(src) by extensions ['ros']
[0.630s] Level 1:colcon.colcon_core.package_identification:_identify(src) by extension 'ros'
[0.630s] Level 1:colcon.colcon_core.package_identification:_identify(src) by extensions ['cmake', 'python']
[0.630s] Level 1:colcon.colcon_core.package_identification:_identify(src) by extension 'cmake'
[0.630s] Level 1:colcon.colcon_core.package_identification:_identify(src) by extension 'python'
[0.630s] Level 1:colcon.colcon_core.package_identification:_identify(src) by extensions ['python_setup_py']
[0.630s] Level 1:colcon.colcon_core.package_identification:_identify(src) by extension 'python_setup_py'
[0.631s] Level 1:colcon.colcon_core.package_identification:_identify(src/FAST_LIO_ROS2) by extensions ['ignore', 'ignore_ament_install']
[0.631s] Level 1:colcon.colcon_core.package_identification:_identify(src/FAST_LIO_ROS2) by extension 'ignore'
[0.631s] Level 1:colcon.colcon_core.package_identification:_identify(src/FAST_LIO_ROS2) by extension 'ignore_ament_install'
[0.631s] Level 1:colcon.colcon_core.package_identification:_identify(src/FAST_LIO_ROS2) by extensions ['colcon_pkg']
[0.631s] Level 1:colcon.colcon_core.package_identification:_identify(src/FAST_LIO_ROS2) by extension 'colcon_pkg'
[0.631s] Level 1:colcon.colcon_core.package_identification:_identify(src/FAST_LIO_ROS2) by extensions ['colcon_meta']
[0.631s] Level 1:colcon.colcon_core.package_identification:_identify(src/FAST_LIO_ROS2) by extension 'colcon_meta'
[0.631s] Level 1:colcon.colcon_core.package_identification:_identify(src/FAST_LIO_ROS2) by extensions ['ros']
[0.631s] Level 1:colcon.colcon_core.package_identification:_identify(src/FAST_LIO_ROS2) by extension 'ros'
[0.632s] Level 1:colcon.colcon_core.package_identification:_identify(src/FAST_LIO_ROS2) by extensions ['cmake', 'python']
[0.632s] Level 1:colcon.colcon_core.package_identification:_identify(src/FAST_LIO_ROS2) by extension 'cmake'
[0.632s] Level 1:colcon.colcon_core.package_identification:_identify(src/FAST_LIO_ROS2) by extension 'python'
[0.632s] Level 1:colcon.colcon_core.package_identification:_identify(src/FAST_LIO_ROS2) by extensions ['python_setup_py']
[0.632s] Level 1:colcon.colcon_core.package_identification:_identify(src/FAST_LIO_ROS2) by extension 'python_setup_py'
[0.632s] Level 1:colcon.colcon_core.package_identification:_identify(src/FAST_LIO_ROS2/FAST_LIO) by extensions ['ignore', 'ignore_ament_install']
[0.632s] Level 1:colcon.colcon_core.package_identification:_identify(src/FAST_LIO_ROS2/FAST_LIO) by extension 'ignore'
[0.632s] Level 1:colcon.colcon_core.package_identification:_identify(src/FAST_LIO_ROS2/FAST_LIO) by extension 'ignore_ament_install'
[0.633s] Level 1:colcon.colcon_core.package_identification:_identify(src/FAST_LIO_ROS2/FAST_LIO) by extensions ['colcon_pkg']
[0.633s] Level 1:colcon.colcon_core.package_identification:_identify(src/FAST_LIO_ROS2/FAST_LIO) by extension 'colcon_pkg'
[0.633s] Level 1:colcon.colcon_core.package_identification:_identify(src/FAST_LIO_ROS2/FAST_LIO) by extensions ['colcon_meta']
[0.633s] Level 1:colcon.colcon_core.package_identification:_identify(src/FAST_LIO_ROS2/FAST_LIO) by extension 'colcon_meta'
[0.633s] Level 1:colcon.colcon_core.package_identification:_identify(src/FAST_LIO_ROS2/FAST_LIO) by extensions ['ros']
[0.633s] Level 1:colcon.colcon_core.package_identification:_identify(src/FAST_LIO_ROS2/FAST_LIO) by extension 'ros'
[0.640s] DEBUG:colcon.colcon_core.package_identification:Package 'src/FAST_LIO_ROS2/FAST_LIO' with type 'ros.ament_cmake' and name 'fast_lio'
[0.640s] Level 1:colcon.colcon_core.package_identification:_identify(src/FAST_LIO_ROS2/docker) by extensions ['ignore', 'ignore_ament_install']
[0.640s] Level 1:colcon.colcon_core.package_identification:_identify(src/FAST_LIO_ROS2/docker) by extension 'ignore'
[0.641s] Level 1:colcon.colcon_core.package_identification:_identify(src/FAST_LIO_ROS2/docker) by extension 'ignore_ament_install'
[0.641s] Level 1:colcon.colcon_core.package_identification:_identify(src/FAST_LIO_ROS2/docker) by extensions ['colcon_pkg']
[0.641s] Level 1:colcon.colcon_core.package_identification:_identify(src/FAST_LIO_ROS2/docker) by extension 'colcon_pkg'
[0.641s] Level 1:colcon.colcon_core.package_identification:_identify(src/FAST_LIO_ROS2/docker) by extensions ['colcon_meta']
[0.641s] Level 1:colcon.colcon_core.package_identification:_identify(src/FAST_LIO_ROS2/docker) by extension 'colcon_meta'
[0.641s] Level 1:colcon.colcon_core.package_identification:_identify(src/FAST_LIO_ROS2/docker) by extensions ['ros']
[0.641s] Level 1:colcon.colcon_core.package_identification:_identify(src/FAST_LIO_ROS2/docker) by extension 'ros'
[0.641s] Level 1:colcon.colcon_core.package_identification:_identify(src/FAST_LIO_ROS2/docker) by extensions ['cmake', 'python']
[0.642s] Level 1:colcon.colcon_core.package_identification:_identify(src/FAST_LIO_ROS2/docker) by extension 'cmake'
[0.642s] Level 1:colcon.colcon_core.package_identification:_identify(src/FAST_LIO_ROS2/docker) by extension 'python'
[0.642s] Level 1:colcon.colcon_core.package_identification:_identify(src/FAST_LIO_ROS2/docker) by extensions ['python_setup_py']
[0.642s] Level 1:colcon.colcon_core.package_identification:_identify(src/FAST_LIO_ROS2/docker) by extension 'python_setup_py'
[0.642s] Level 1:colcon.colcon_core.package_identification:_identify(src/FAST_LIO_ROS2/livox_ros_driver2) by extensions ['ignore', 'ignore_ament_install']
[0.642s] Level 1:colcon.colcon_core.package_identification:_identify(src/FAST_LIO_ROS2/livox_ros_driver2) by extension 'ignore'
[0.642s] Level 1:colcon.colcon_core.package_identification:_identify(src/FAST_LIO_ROS2/livox_ros_driver2) by extension 'ignore_ament_install'
[0.642s] Level 1:colcon.colcon_core.package_identification:_identify(src/FAST_LIO_ROS2/livox_ros_driver2) by extensions ['colcon_pkg']
[0.643s] Level 1:colcon.colcon_core.package_identification:_identify(src/FAST_LIO_ROS2/livox_ros_driver2) by extension 'colcon_pkg'
[0.643s] Level 1:colcon.colcon_core.package_identification:_identify(src/FAST_LIO_ROS2/livox_ros_driver2) by extensions ['colcon_meta']
[0.643s] Level 1:colcon.colcon_core.package_identification:_identify(src/FAST_LIO_ROS2/livox_ros_driver2) by extension 'colcon_meta'
[0.643s] Level 1:colcon.colcon_core.package_identification:_identify(src/FAST_LIO_ROS2/livox_ros_driver2) by extensions ['ros']
[0.643s] Level 1:colcon.colcon_core.package_identification:_identify(src/FAST_LIO_ROS2/livox_ros_driver2) by extension 'ros'
[0.645s] DEBUG:colcon.colcon_core.package_identification:Package 'src/FAST_LIO_ROS2/livox_ros_driver2' with type 'ros.ament_cmake' and name 'livox_ros_driver2'
[0.646s] Level 1:colcon.colcon_core.package_identification:_identify(src/Livox-SDK2) by extensions ['ignore', 'ignore_ament_install']
[0.646s] Level 1:colcon.colcon_core.package_identification:_identify(src/Livox-SDK2) by extension 'ignore'
[0.646s] Level 1:colcon.colcon_core.package_identification:_identify(src/Livox-SDK2) by extension 'ignore_ament_install'
[0.646s] Level 1:colcon.colcon_core.package_identification:_identify(src/Livox-SDK2) by extensions ['colcon_pkg']
[0.646s] Level 1:colcon.colcon_core.package_identification:_identify(src/Livox-SDK2) by extension 'colcon_pkg'
[0.646s] Level 1:colcon.colcon_core.package_identification:_identify(src/Livox-SDK2) by extensions ['colcon_meta']
[0.646s] Level 1:colcon.colcon_core.package_identification:_identify(src/Livox-SDK2) by extension 'colcon_meta'
[0.647s] Level 1:colcon.colcon_core.package_identification:_identify(src/Livox-SDK2) by extensions ['ros']
[0.647s] Level 1:colcon.colcon_core.package_identification:_identify(src/Livox-SDK2) by extension 'ros'
[0.647s] Level 1:colcon.colcon_core.package_identification:_identify(src/Livox-SDK2) by extensions ['cmake', 'python']
[0.647s] Level 1:colcon.colcon_core.package_identification:_identify(src/Livox-SDK2) by extension 'cmake'
[0.669s] Level 1:colcon.colcon_core.package_identification:_identify(src/Livox-SDK2) by extension 'python'
[0.670s] DEBUG:colcon.colcon_core.package_identification:Package 'src/Livox-SDK2' with type 'cmake' and name 'livox_sdk2'
[0.670s] Level 1:colcon.colcon_core.package_discovery:discover_packages(recursive) using defaults
[0.670s] Level 1:colcon.colcon_core.package_discovery:discover_packages(ignore) discover
[0.670s] Level 1:colcon.colcon_core.package_discovery:discover_packages(ignore) using defaults
[0.670s] Level 1:colcon.colcon_core.package_discovery:discover_packages(path) discover
[0.670s] Level 1:colcon.colcon_core.package_discovery:discover_packages(path) using defaults
[0.741s] Level 1:colcon.colcon_core.package_discovery:discover_packages(prefix_path) check parameters
[0.742s] Level 1:colcon.colcon_core.package_discovery:discover_packages(prefix_path) discover
[0.747s] DEBUG:colcon.colcon_installed_package_information.package_discovery:Found 274 installed packages in /opt/ros/humble
[0.750s] Level 1:colcon.colcon_core.package_discovery:discover_packages(prefix_path) using defaults
[0.830s] Level 5:colcon.colcon_core.verb:set package 'livox_ros_driver2' build argument 'cmake_args' from command line to 'None'
[0.830s] Level 5:colcon.colcon_core.verb:set package 'livox_ros_driver2' build argument 'cmake_target' from command line to 'None'
[0.830s] Level 5:colcon.colcon_core.verb:set package 'livox_ros_driver2' build argument 'cmake_target_skip_unavailable' from command line to 'False'
[0.830s] Level 5:colcon.colcon_core.verb:set package 'livox_ros_driver2' build argument 'cmake_clean_cache' from command line to 'False'
[0.830s] Level 5:colcon.colcon_core.verb:set package 'livox_ros_driver2' build argument 'cmake_clean_first' from command line to 'False'
[0.830s] Level 5:colcon.colcon_core.verb:set package 'livox_ros_driver2' build argument 'cmake_force_configure' from command line to 'False'
[0.830s] Level 5:colcon.colcon_core.verb:set package 'livox_ros_driver2' build argument 'ament_cmake_args' from command line to 'None'
[0.830s] Level 5:colcon.colcon_core.verb:set package 'livox_ros_driver2' build argument 'catkin_cmake_args' from command line to 'None'
[0.831s] Level 5:colcon.colcon_core.verb:set package 'livox_ros_driver2' build argument 'catkin_skip_building_tests' from command line to 'False'
[0.831s] DEBUG:colcon.colcon_core.verb:Building package 'livox_ros_driver2' with the following arguments: {'ament_cmake_args': None, 'build_base': '/home/user/fast_lio2_ws/fast_lio2_ws/build/livox_ros_driver2', 'catkin_cmake_args': None, 'catkin_skip_building_tests': False, 'cmake_args': None, 'cmake_clean_cache': False, 'cmake_clean_first': False, 'cmake_force_configure': False, 'cmake_target': None, 'cmake_target_skip_unavailable': False, 'install_base': '/home/user/fast_lio2_ws/fast_lio2_ws/install/livox_ros_driver2', 'merge_install': False, 'path': '/home/user/fast_lio2_ws/fast_lio2_ws/src/FAST_LIO_ROS2/livox_ros_driver2', 'symlink_install': True, 'test_result_base': None}
[0.831s] Level 5:colcon.colcon_core.verb:set package 'livox_sdk2' build argument 'cmake_args' from command line to 'None'
[0.832s] Level 5:colcon.colcon_core.verb:set package 'livox_sdk2' build argument 'cmake_target' from command line to 'None'
[0.832s] Level 5:colcon.colcon_core.verb:set package 'livox_sdk2' build argument 'cmake_target_skip_unavailable' from command line to 'False'
[0.832s] Level 5:colcon.colcon_core.verb:set package 'livox_sdk2' build argument 'cmake_clean_cache' from command line to 'False'
[0.832s] Level 5:colcon.colcon_core.verb:set package 'livox_sdk2' build argument 'cmake_clean_first' from command line to 'False'
[0.832s] Level 5:colcon.colcon_core.verb:set package 'livox_sdk2' build argument 'cmake_force_configure' from command line to 'False'
[0.832s] Level 5:colcon.colcon_core.verb:set package 'livox_sdk2' build argument 'ament_cmake_args' from command line to 'None'
[0.832s] Level 5:colcon.colcon_core.verb:set package 'livox_sdk2' build argument 'catkin_cmake_args' from command line to 'None'
[0.832s] Level 5:colcon.colcon_core.verb:set package 'livox_sdk2' build argument 'catkin_skip_building_tests' from command line to 'False'
[0.832s] DEBUG:colcon.colcon_core.verb:Building package 'livox_sdk2' with the following arguments: {'ament_cmake_args': None, 'build_base': '/home/user/fast_lio2_ws/fast_lio2_ws/build/livox_sdk2', 'catkin_cmake_args': None, 'catkin_skip_building_tests': False, 'cmake_args': None, 'cmake_clean_cache': False, 'cmake_clean_first': False, 'cmake_force_configure': False, 'cmake_target': None, 'cmake_target_skip_unavailable': False, 'install_base': '/home/user/fast_lio2_ws/fast_lio2_ws/install/livox_sdk2', 'merge_install': False, 'path': '/home/user/fast_lio2_ws/fast_lio2_ws/src/Livox-SDK2', 'symlink_install': True, 'test_result_base': None}
[0.833s] Level 5:colcon.colcon_core.verb:set package 'fast_lio' build argument 'cmake_args' from command line to 'None'
[0.833s] Level 5:colcon.colcon_core.verb:set package 'fast_lio' build argument 'cmake_target' from command line to 'None'
[0.833s] Level 5:colcon.colcon_core.verb:set package 'fast_lio' build argument 'cmake_target_skip_unavailable' from command line to 'False'
[0.833s] Level 5:colcon.colcon_core.verb:set package 'fast_lio' build argument 'cmake_clean_cache' from command line to 'False'
[0.833s] Level 5:colcon.colcon_core.verb:set package 'fast_lio' build argument 'cmake_clean_first' from command line to 'False'
[0.833s] Level 5:colcon.colcon_core.verb:set package 'fast_lio' build argument 'cmake_force_configure' from command line to 'False'
[0.833s] Level 5:colcon.colcon_core.verb:set package 'fast_lio' build argument 'ament_cmake_args' from command line to 'None'
[0.833s] Level 5:colcon.colcon_core.verb:set package 'fast_lio' build argument 'catkin_cmake_args' from command line to 'None'
[0.833s] Level 5:colcon.colcon_core.verb:set package 'fast_lio' build argument 'catkin_skip_building_tests' from command line to 'False'
[0.833s] DEBUG:colcon.colcon_core.verb:Building package 'fast_lio' with the following arguments: {'ament_cmake_args': None, 'build_base': '/home/user/fast_lio2_ws/fast_lio2_ws/build/fast_lio', 'catkin_cmake_args': None, 'catkin_skip_building_tests': False, 'cmake_args': None, 'cmake_clean_cache': False, 'cmake_clean_first': False, 'cmake_force_configure': False, 'cmake_target': None, 'cmake_target_skip_unavailable': False, 'install_base': '/home/user/fast_lio2_ws/fast_lio2_ws/install/fast_lio', 'merge_install': False, 'path': '/home/user/fast_lio2_ws/fast_lio2_ws/src/FAST_LIO_ROS2/FAST_LIO', 'symlink_install': True, 'test_result_base': None}
[0.834s] INFO:colcon.colcon_core.executor:Executing jobs using 'parallel' executor
[0.836s] DEBUG:colcon.colcon_parallel_executor.executor.parallel:run_until_complete
[0.837s] INFO:colcon.colcon_ros.task.ament_cmake.build:Building ROS package in '/home/user/fast_lio2_ws/fast_lio2_ws/src/FAST_LIO_ROS2/livox_ros_driver2' with build type 'ament_cmake'
[0.837s] INFO:colcon.colcon_cmake.task.cmake.build:Building CMake package in '/home/user/fast_lio2_ws/fast_lio2_ws/src/FAST_LIO_ROS2/livox_ros_driver2'
[0.842s] INFO:colcon.colcon_core.plugin_system:Skipping extension 'colcon_core.shell.bat': Not used on non-Windows systems
[0.843s] INFO:colcon.colcon_core.shell:Skip shell extension 'powershell' for command environment: Not usable outside of PowerShell
[0.843s] DEBUG:colcon.colcon_core.shell:Skip shell extension 'dsv' for command environment
[0.849s] INFO:colcon.colcon_cmake.task.cmake.build:Building CMake package in '/home/user/fast_lio2_ws/fast_lio2_ws/src/Livox-SDK2'
[0.850s] INFO:colcon.colcon_core.shell:Skip shell extension 'powershell' for command environment: Not usable outside of PowerShell
[0.850s] DEBUG:colcon.colcon_core.shell:Skip shell extension 'dsv' for command environment
[0.867s] DEBUG:colcon.colcon_core.event_handler.log_command:Invoking command in '/home/user/fast_lio2_ws/fast_lio2_ws/build/livox_ros_driver2': CMAKE_PREFIX_PATH=/opt/ros/humble /usr/bin/cmake /home/user/fast_lio2_ws/fast_lio2_ws/src/FAST_LIO_ROS2/livox_ros_driver2 -DAMENT_CMAKE_SYMLINK_INSTALL=1 -DCMAKE_INSTALL_PREFIX=/home/user/fast_lio2_ws/fast_lio2_ws/install/livox_ros_driver2
[0.874s] DEBUG:colcon.colcon_core.event_handler.log_command:Invoking command in '/home/user/fast_lio2_ws/fast_lio2_ws/build/livox_sdk2': /usr/bin/cmake --build /home/user/fast_lio2_ws/fast_lio2_ws/build/livox_sdk2 -- -j8 -l8
[1.197s] DEBUG:colcon.colcon_core.event_handler.log_command:Invoked command in '/home/user/fast_lio2_ws/fast_lio2_ws/build/livox_sdk2' returned '0': /usr/bin/cmake --build /home/user/fast_lio2_ws/fast_lio2_ws/build/livox_sdk2 -- -j8 -l8
[1.216s] DEBUG:colcon.colcon_core.event_handler.log_command:Invoking command in '/home/user/fast_lio2_ws/fast_lio2_ws/build/livox_sdk2': /usr/bin/cmake --install /home/user/fast_lio2_ws/fast_lio2_ws/build/livox_sdk2
[1.307s] Level 1:colcon.colcon_core.environment:create_environment_scripts_only(livox_sdk2)
[1.309s] DEBUG:colcon.colcon_core.event_handler.log_command:Invoked command in '/home/user/fast_lio2_ws/fast_lio2_ws/build/livox_sdk2' returned '0': /usr/bin/cmake --install /home/user/fast_lio2_ws/fast_lio2_ws/build/livox_sdk2
[1.314s] Level 1:colcon.colcon_core.environment:checking '/home/user/fast_lio2_ws/fast_lio2_ws/install/livox_sdk2' for CMake module files
[1.314s] Level 1:colcon.colcon_core.environment:checking '/home/user/fast_lio2_ws/fast_lio2_ws/install/livox_sdk2' for CMake config files
[1.315s] Level 1:colcon.colcon_core.environment:checking '/home/user/fast_lio2_ws/fast_lio2_ws/install/livox_sdk2/lib'
[1.316s] Level 1:colcon.colcon_core.shell:create_environment_hook('livox_sdk2', 'ld_library_path_lib')
[1.316s] INFO:colcon.colcon_core.shell:Creating environment hook '/home/user/fast_lio2_ws/fast_lio2_ws/install/livox_sdk2/share/livox_sdk2/hook/ld_library_path_lib.ps1'
[1.319s] INFO:colcon.colcon_core.shell:Creating environment descriptor '/home/user/fast_lio2_ws/fast_lio2_ws/install/livox_sdk2/share/livox_sdk2/hook/ld_library_path_lib.dsv'
[1.320s] INFO:colcon.colcon_core.shell:Creating environment hook '/home/user/fast_lio2_ws/fast_lio2_ws/install/livox_sdk2/share/livox_sdk2/hook/ld_library_path_lib.sh'
[1.321s] Level 1:colcon.colcon_core.environment:checking '/home/user/fast_lio2_ws/fast_lio2_ws/install/livox_sdk2/bin'
[1.322s] Level 1:colcon.colcon_core.environment:checking '/home/user/fast_lio2_ws/fast_lio2_ws/install/livox_sdk2/lib/pkgconfig/livox_sdk2.pc'
[1.322s] Level 1:colcon.colcon_core.environment:checking '/home/user/fast_lio2_ws/fast_lio2_ws/install/livox_sdk2/lib/python3.10/site-packages'
[1.323s] Level 1:colcon.colcon_core.environment:checking '/home/user/fast_lio2_ws/fast_lio2_ws/install/livox_sdk2/bin'
[1.324s] INFO:colcon.colcon_core.shell:Creating package script '/home/user/fast_lio2_ws/fast_lio2_ws/install/livox_sdk2/share/livox_sdk2/package.ps1'
[1.326s] INFO:colcon.colcon_core.shell:Creating package descriptor '/home/user/fast_lio2_ws/fast_lio2_ws/install/livox_sdk2/share/livox_sdk2/package.dsv'
[1.328s] INFO:colcon.colcon_core.shell:Creating package script '/home/user/fast_lio2_ws/fast_lio2_ws/install/livox_sdk2/share/livox_sdk2/package.sh'
[1.329s] INFO:colcon.colcon_core.shell:Creating package script '/home/user/fast_lio2_ws/fast_lio2_ws/install/livox_sdk2/share/livox_sdk2/package.bash'
[1.331s] INFO:colcon.colcon_core.shell:Creating package script '/home/user/fast_lio2_ws/fast_lio2_ws/install/livox_sdk2/share/livox_sdk2/package.zsh'
[1.333s] Level 1:colcon.colcon_core.environment:create_file_with_runtime_dependencies(/home/user/fast_lio2_ws/fast_lio2_ws/install/livox_sdk2/share/colcon-core/packages/livox_sdk2)
[6.237s] DEBUG:colcon.colcon_core.event_handler.log_command:Invoked command in '/home/user/fast_lio2_ws/fast_lio2_ws/build/livox_ros_driver2' returned '0': CMAKE_PREFIX_PATH=/opt/ros/humble /usr/bin/cmake /home/user/fast_lio2_ws/fast_lio2_ws/src/FAST_LIO_ROS2/livox_ros_driver2 -DAMENT_CMAKE_SYMLINK_INSTALL=1 -DCMAKE_INSTALL_PREFIX=/home/user/fast_lio2_ws/fast_lio2_ws/install/livox_ros_driver2
[6.241s] DEBUG:colcon.colcon_core.event_handler.log_command:Invoking command in '/home/user/fast_lio2_ws/fast_lio2_ws/build/livox_ros_driver2': CMAKE_PREFIX_PATH=/opt/ros/humble /usr/bin/cmake --build /home/user/fast_lio2_ws/fast_lio2_ws/build/livox_ros_driver2 -- -j8 -l8
[30.644s] DEBUG:colcon.colcon_core.event_handler.log_command:Invoked command in '/home/user/fast_lio2_ws/fast_lio2_ws/build/livox_ros_driver2' returned '0': CMAKE_PREFIX_PATH=/opt/ros/humble /usr/bin/cmake --build /home/user/fast_lio2_ws/fast_lio2_ws/build/livox_ros_driver2 -- -j8 -l8
[30.648s] DEBUG:colcon.colcon_core.event_handler.log_command:Invoking command in '/home/user/fast_lio2_ws/fast_lio2_ws/build/livox_ros_driver2': CMAKE_PREFIX_PATH=/opt/ros/humble /usr/bin/cmake --install /home/user/fast_lio2_ws/fast_lio2_ws/build/livox_ros_driver2
[32.507s] Level 1:colcon.colcon_core.environment:create_environment_scripts_only(livox_ros_driver2)
[32.508s] Level 1:colcon.colcon_core.environment:checking '/home/user/fast_lio2_ws/fast_lio2_ws/install/livox_ros_driver2' for CMake module files
[32.510s] DEBUG:colcon.colcon_core.event_handler.log_command:Invoked command in '/home/user/fast_lio2_ws/fast_lio2_ws/build/livox_ros_driver2' returned '0': CMAKE_PREFIX_PATH=/opt/ros/humble /usr/bin/cmake --install /home/user/fast_lio2_ws/fast_lio2_ws/build/livox_ros_driver2
[32.512s] Level 1:colcon.colcon_core.environment:checking '/home/user/fast_lio2_ws/fast_lio2_ws/install/livox_ros_driver2' for CMake config files
[32.513s] Level 1:colcon.colcon_core.shell:create_environment_hook('livox_ros_driver2', 'cmake_prefix_path')
[32.514s] INFO:colcon.colcon_core.shell:Creating environment hook '/home/user/fast_lio2_ws/fast_lio2_ws/install/livox_ros_driver2/share/livox_ros_driver2/hook/cmake_prefix_path.ps1'
[32.515s] INFO:colcon.colcon_core.shell:Creating environment descriptor '/home/user/fast_lio2_ws/fast_lio2_ws/install/livox_ros_driver2/share/livox_ros_driver2/hook/cmake_prefix_path.dsv'
[32.516s] INFO:colcon.colcon_core.shell:Creating environment hook '/home/user/fast_lio2_ws/fast_lio2_ws/install/livox_ros_driver2/share/livox_ros_driver2/hook/cmake_prefix_path.sh'
[32.518s] Level 1:colcon.colcon_core.environment:checking '/home/user/fast_lio2_ws/fast_lio2_ws/install/livox_ros_driver2/lib'
[32.518s] Level 1:colcon.colcon_core.shell:create_environment_hook('livox_ros_driver2', 'ld_library_path_lib')
[32.519s] INFO:colcon.colcon_core.shell:Creating environment hook '/home/user/fast_lio2_ws/fast_lio2_ws/install/livox_ros_driver2/share/livox_ros_driver2/hook/ld_library_path_lib.ps1'
[32.520s] INFO:colcon.colcon_core.shell:Creating environment descriptor '/home/user/fast_lio2_ws/fast_lio2_ws/install/livox_ros_driver2/share/livox_ros_driver2/hook/ld_library_path_lib.dsv'
[32.521s] INFO:colcon.colcon_core.shell:Creating environment hook '/home/user/fast_lio2_ws/fast_lio2_ws/install/livox_ros_driver2/share/livox_ros_driver2/hook/ld_library_path_lib.sh'
[32.522s] Level 1:colcon.colcon_core.environment:checking '/home/user/fast_lio2_ws/fast_lio2_ws/install/livox_ros_driver2/bin'
[32.522s] Level 1:colcon.colcon_core.environment:checking '/home/user/fast_lio2_ws/fast_lio2_ws/install/livox_ros_driver2/lib/pkgconfig/livox_ros_driver2.pc'
[32.523s] Level 1:colcon.colcon_core.environment:checking '/home/user/fast_lio2_ws/fast_lio2_ws/install/livox_ros_driver2/lib/python3.10/site-packages'
[32.524s] Level 1:colcon.colcon_core.environment:checking '/home/user/fast_lio2_ws/fast_lio2_ws/install/livox_ros_driver2/bin'
[32.524s] INFO:colcon.colcon_core.shell:Creating package script '/home/user/fast_lio2_ws/fast_lio2_ws/install/livox_ros_driver2/share/livox_ros_driver2/package.ps1'
[32.526s] INFO:colcon.colcon_core.shell:Creating package descriptor '/home/user/fast_lio2_ws/fast_lio2_ws/install/livox_ros_driver2/share/livox_ros_driver2/package.dsv'
[32.527s] INFO:colcon.colcon_core.shell:Creating package script '/home/user/fast_lio2_ws/fast_lio2_ws/install/livox_ros_driver2/share/livox_ros_driver2/package.sh'
[32.529s] INFO:colcon.colcon_core.shell:Creating package script '/home/user/fast_lio2_ws/fast_lio2_ws/install/livox_ros_driver2/share/livox_ros_driver2/package.bash'
[32.530s] INFO:colcon.colcon_core.shell:Creating package script '/home/user/fast_lio2_ws/fast_lio2_ws/install/livox_ros_driver2/share/livox_ros_driver2/package.zsh'
[32.531s] Level 1:colcon.colcon_core.environment:create_file_with_runtime_dependencies(/home/user/fast_lio2_ws/fast_lio2_ws/install/livox_ros_driver2/share/colcon-core/packages/livox_ros_driver2)
[32.532s] Level 1:colcon.colcon_core.environment:create_environment_scripts_only(livox_ros_driver2)
[32.533s] Level 1:colcon.colcon_core.environment:checking '/home/user/fast_lio2_ws/fast_lio2_ws/install/livox_ros_driver2' for CMake module files
[32.535s] Level 1:colcon.colcon_core.environment:checking '/home/user/fast_lio2_ws/fast_lio2_ws/install/livox_ros_driver2' for CMake config files
[32.537s] Level 1:colcon.colcon_core.shell:create_environment_hook('livox_ros_driver2', 'cmake_prefix_path')
[32.538s] INFO:colcon.colcon_core.shell:Creating environment hook '/home/user/fast_lio2_ws/fast_lio2_ws/install/livox_ros_driver2/share/livox_ros_driver2/hook/cmake_prefix_path.ps1'
[32.539s] INFO:colcon.colcon_core.shell:Creating environment descriptor '/home/user/fast_lio2_ws/fast_lio2_ws/install/livox_ros_driver2/share/livox_ros_driver2/hook/cmake_prefix_path.dsv'
[32.540s] INFO:colcon.colcon_core.shell:Creating environment hook '/home/user/fast_lio2_ws/fast_lio2_ws/install/livox_ros_driver2/share/livox_ros_driver2/hook/cmake_prefix_path.sh'
[32.541s] Level 1:colcon.colcon_core.environment:checking '/home/user/fast_lio2_ws/fast_lio2_ws/install/livox_ros_driver2/lib'
[32.541s] Level 1:colcon.colcon_core.shell:create_environment_hook('livox_ros_driver2', 'ld_library_path_lib')
[32.542s] INFO:colcon.colcon_core.shell:Creating environment hook '/home/user/fast_lio2_ws/fast_lio2_ws/install/livox_ros_driver2/share/livox_ros_driver2/hook/ld_library_path_lib.ps1'
[32.543s] INFO:colcon.colcon_core.shell:Creating environment descriptor '/home/user/fast_lio2_ws/fast_lio2_ws/install/livox_ros_driver2/share/livox_ros_driver2/hook/ld_library_path_lib.dsv'
[32.544s] INFO:colcon.colcon_core.shell:Creating environment hook '/home/user/fast_lio2_ws/fast_lio2_ws/install/livox_ros_driver2/share/livox_ros_driver2/hook/ld_library_path_lib.sh'
[32.545s] Level 1:colcon.colcon_core.environment:checking '/home/user/fast_lio2_ws/fast_lio2_ws/install/livox_ros_driver2/bin'
[32.545s] Level 1:colcon.colcon_core.environment:checking '/home/user/fast_lio2_ws/fast_lio2_ws/install/livox_ros_driver2/lib/pkgconfig/livox_ros_driver2.pc'
[32.546s] Level 1:colcon.colcon_core.environment:checking '/home/user/fast_lio2_ws/fast_lio2_ws/install/livox_ros_driver2/lib/python3.10/site-packages'
[32.547s] Level 1:colcon.colcon_core.environment:checking '/home/user/fast_lio2_ws/fast_lio2_ws/install/livox_ros_driver2/bin'
[32.548s] INFO:colcon.colcon_core.shell:Creating package script '/home/user/fast_lio2_ws/fast_lio2_ws/install/livox_ros_driver2/share/livox_ros_driver2/package.ps1'
[32.550s] INFO:colcon.colcon_core.shell:Creating package descriptor '/home/user/fast_lio2_ws/fast_lio2_ws/install/livox_ros_driver2/share/livox_ros_driver2/package.dsv'
[32.551s] INFO:colcon.colcon_core.shell:Creating package script '/home/user/fast_lio2_ws/fast_lio2_ws/install/livox_ros_driver2/share/livox_ros_driver2/package.sh'
[32.552s] INFO:colcon.colcon_core.shell:Creating package script '/home/user/fast_lio2_ws/fast_lio2_ws/install/livox_ros_driver2/share/livox_ros_driver2/package.bash'
[32.553s] INFO:colcon.colcon_core.shell:Creating package script '/home/user/fast_lio2_ws/fast_lio2_ws/install/livox_ros_driver2/share/livox_ros_driver2/package.zsh'
[32.554s] Level 1:colcon.colcon_core.environment:create_file_with_runtime_dependencies(/home/user/fast_lio2_ws/fast_lio2_ws/install/livox_ros_driver2/share/colcon-core/packages/livox_ros_driver2)
[32.555s] INFO:colcon.colcon_ros.task.ament_cmake.build:Building ROS package in '/home/user/fast_lio2_ws/fast_lio2_ws/src/FAST_LIO_ROS2/FAST_LIO' with build type 'ament_cmake'
[32.555s] INFO:colcon.colcon_cmake.task.cmake.build:Building CMake package in '/home/user/fast_lio2_ws/fast_lio2_ws/src/FAST_LIO_ROS2/FAST_LIO'
[32.556s] INFO:colcon.colcon_core.shell:Skip shell extension 'powershell' for command environment: Not usable outside of PowerShell
[32.556s] DEBUG:colcon.colcon_core.shell:Skip shell extension 'dsv' for command environment
[32.574s] DEBUG:colcon.colcon_core.event_handler.log_command:Invoking command in '/home/user/fast_lio2_ws/fast_lio2_ws/build/fast_lio': AMENT_PREFIX_PATH=/home/user/fast_lio2_ws/fast_lio2_ws/install/livox_ros_driver2:${AMENT_PREFIX_PATH} CMAKE_PREFIX_PATH=/home/user/fast_lio2_ws/fast_lio2_ws/install/livox_ros_driver2:/opt/ros/humble LD_LIBRARY_PATH=/home/user/fast_lio2_ws/fast_lio2_ws/install/livox_ros_driver2/lib:/opt/ros/humble/opt/rviz_ogre_vendor/lib:/opt/ros/humble/lib/aarch64-linux-gnu:/opt/ros/humble/lib:/usr/local/cuda-12.6/lib64 PYTHONPATH=/home/user/fast_lio2_ws/fast_lio2_ws/install/livox_ros_driver2/local/lib/python3.10/dist-packages:${PYTHONPATH} /usr/bin/cmake /home/user/fast_lio2_ws/fast_lio2_ws/src/FAST_LIO_ROS2/FAST_LIO -DAMENT_CMAKE_SYMLINK_INSTALL=1 -DCMAKE_INSTALL_PREFIX=/home/user/fast_lio2_ws/fast_lio2_ws/install/fast_lio
[41.805s] DEBUG:colcon.colcon_core.event_handler.log_command:Invoked command in '/home/user/fast_lio2_ws/fast_lio2_ws/build/fast_lio' returned '0': AMENT_PREFIX_PATH=/home/user/fast_lio2_ws/fast_lio2_ws/install/livox_ros_driver2:${AMENT_PREFIX_PATH} CMAKE_PREFIX_PATH=/home/user/fast_lio2_ws/fast_lio2_ws/install/livox_ros_driver2:/opt/ros/humble LD_LIBRARY_PATH=/home/user/fast_lio2_ws/fast_lio2_ws/install/livox_ros_driver2/lib:/opt/ros/humble/opt/rviz_ogre_vendor/lib:/opt/ros/humble/lib/aarch64-linux-gnu:/opt/ros/humble/lib:/usr/local/cuda-12.6/lib64 PYTHONPATH=/home/user/fast_lio2_ws/fast_lio2_ws/install/livox_ros_driver2/local/lib/python3.10/dist-packages:${PYTHONPATH} /usr/bin/cmake /home/user/fast_lio2_ws/fast_lio2_ws/src/FAST_LIO_ROS2/FAST_LIO -DAMENT_CMAKE_SYMLINK_INSTALL=1 -DCMAKE_INSTALL_PREFIX=/home/user/fast_lio2_ws/fast_lio2_ws/install/fast_lio
[41.810s] DEBUG:colcon.colcon_core.event_handler.log_command:Invoking command in '/home/user/fast_lio2_ws/fast_lio2_ws/build/fast_lio': AMENT_PREFIX_PATH=/home/user/fast_lio2_ws/fast_lio2_ws/install/livox_ros_driver2:${AMENT_PREFIX_PATH} CMAKE_PREFIX_PATH=/home/user/fast_lio2_ws/fast_lio2_ws/install/livox_ros_driver2:/opt/ros/humble LD_LIBRARY_PATH=/home/user/fast_lio2_ws/fast_lio2_ws/install/livox_ros_driver2/lib:/opt/ros/humble/opt/rviz_ogre_vendor/lib:/opt/ros/humble/lib/aarch64-linux-gnu:/opt/ros/humble/lib:/usr/local/cuda-12.6/lib64 PYTHONPATH=/home/user/fast_lio2_ws/fast_lio2_ws/install/livox_ros_driver2/local/lib/python3.10/dist-packages:${PYTHONPATH} /usr/bin/cmake --build /home/user/fast_lio2_ws/fast_lio2_ws/build/fast_lio -- -j8 -l8
[198.967s] DEBUG:colcon.colcon_core.event_handler.log_command:Invoked command in '/home/user/fast_lio2_ws/fast_lio2_ws/build/fast_lio' returned '0': AMENT_PREFIX_PATH=/home/user/fast_lio2_ws/fast_lio2_ws/install/livox_ros_driver2:${AMENT_PREFIX_PATH} CMAKE_PREFIX_PATH=/home/user/fast_lio2_ws/fast_lio2_ws/install/livox_ros_driver2:/opt/ros/humble LD_LIBRARY_PATH=/home/user/fast_lio2_ws/fast_lio2_ws/install/livox_ros_driver2/lib:/opt/ros/humble/opt/rviz_ogre_vendor/lib:/opt/ros/humble/lib/aarch64-linux-gnu:/opt/ros/humble/lib:/usr/local/cuda-12.6/lib64 PYTHONPATH=/home/user/fast_lio2_ws/fast_lio2_ws/install/livox_ros_driver2/local/lib/python3.10/dist-packages:${PYTHONPATH} /usr/bin/cmake --build /home/user/fast_lio2_ws/fast_lio2_ws/build/fast_lio -- -j8 -l8
[198.971s] DEBUG:colcon.colcon_core.event_handler.log_command:Invoking command in '/home/user/fast_lio2_ws/fast_lio2_ws/build/fast_lio': AMENT_PREFIX_PATH=/home/user/fast_lio2_ws/fast_lio2_ws/install/livox_ros_driver2:${AMENT_PREFIX_PATH} CMAKE_PREFIX_PATH=/home/user/fast_lio2_ws/fast_lio2_ws/install/livox_ros_driver2:/opt/ros/humble LD_LIBRARY_PATH=/home/user/fast_lio2_ws/fast_lio2_ws/install/livox_ros_driver2/lib:/opt/ros/humble/opt/rviz_ogre_vendor/lib:/opt/ros/humble/lib/aarch64-linux-gnu:/opt/ros/humble/lib:/usr/local/cuda-12.6/lib64 PYTHONPATH=/home/user/fast_lio2_ws/fast_lio2_ws/install/livox_ros_driver2/local/lib/python3.10/dist-packages:${PYTHONPATH} /usr/bin/cmake --install /home/user/fast_lio2_ws/fast_lio2_ws/build/fast_lio
[200.574s] Level 1:colcon.colcon_core.environment:create_environment_scripts_only(fast_lio)
[200.575s] Level 1:colcon.colcon_core.environment:checking '/home/user/fast_lio2_ws/fast_lio2_ws/install/fast_lio' for CMake module files
[200.577s] DEBUG:colcon.colcon_core.event_handler.log_command:Invoked command in '/home/user/fast_lio2_ws/fast_lio2_ws/build/fast_lio' returned '0': AMENT_PREFIX_PATH=/home/user/fast_lio2_ws/fast_lio2_ws/install/livox_ros_driver2:${AMENT_PREFIX_PATH} CMAKE_PREFIX_PATH=/home/user/fast_lio2_ws/fast_lio2_ws/install/livox_ros_driver2:/opt/ros/humble LD_LIBRARY_PATH=/home/user/fast_lio2_ws/fast_lio2_ws/install/livox_ros_driver2/lib:/opt/ros/humble/opt/rviz_ogre_vendor/lib:/opt/ros/humble/lib/aarch64-linux-gnu:/opt/ros/humble/lib:/usr/local/cuda-12.6/lib64 PYTHONPATH=/home/user/fast_lio2_ws/fast_lio2_ws/install/livox_ros_driver2/local/lib/python3.10/dist-packages:${PYTHONPATH} /usr/bin/cmake --install /home/user/fast_lio2_ws/fast_lio2_ws/build/fast_lio
[200.579s] Level 1:colcon.colcon_core.environment:checking '/home/user/fast_lio2_ws/fast_lio2_ws/install/fast_lio' for CMake config files
[200.582s] Level 1:colcon.colcon_core.shell:create_environment_hook('fast_lio', 'cmake_prefix_path')
[200.583s] INFO:colcon.colcon_core.shell:Creating environment hook '/home/user/fast_lio2_ws/fast_lio2_ws/install/fast_lio/share/fast_lio/hook/cmake_prefix_path.ps1'
[200.585s] INFO:colcon.colcon_core.shell:Creating environment descriptor '/home/user/fast_lio2_ws/fast_lio2_ws/install/fast_lio/share/fast_lio/hook/cmake_prefix_path.dsv'
[200.586s] INFO:colcon.colcon_core.shell:Creating environment hook '/home/user/fast_lio2_ws/fast_lio2_ws/install/fast_lio/share/fast_lio/hook/cmake_prefix_path.sh'
[200.588s] Level 1:colcon.colcon_core.environment:checking '/home/user/fast_lio2_ws/fast_lio2_ws/install/fast_lio/lib'
[200.589s] Level 1:colcon.colcon_core.shell:create_environment_hook('fast_lio', 'ld_library_path_lib')
[200.589s] INFO:colcon.colcon_core.shell:Creating environment hook '/home/user/fast_lio2_ws/fast_lio2_ws/install/fast_lio/share/fast_lio/hook/ld_library_path_lib.ps1'
[200.591s] INFO:colcon.colcon_core.shell:Creating environment descriptor '/home/user/fast_lio2_ws/fast_lio2_ws/install/fast_lio/share/fast_lio/hook/ld_library_path_lib.dsv'
[200.592s] INFO:colcon.colcon_core.shell:Creating environment hook '/home/user/fast_lio2_ws/fast_lio2_ws/install/fast_lio/share/fast_lio/hook/ld_library_path_lib.sh'
[200.593s] Level 1:colcon.colcon_core.environment:checking '/home/user/fast_lio2_ws/fast_lio2_ws/install/fast_lio/bin'
[200.594s] Level 1:colcon.colcon_core.environment:checking '/home/user/fast_lio2_ws/fast_lio2_ws/install/fast_lio/lib/pkgconfig/fast_lio.pc'
[200.594s] Level 1:colcon.colcon_core.environment:checking '/home/user/fast_lio2_ws/fast_lio2_ws/install/fast_lio/lib/python3.10/site-packages'
[200.596s] Level 1:colcon.colcon_core.environment:checking '/home/user/fast_lio2_ws/fast_lio2_ws/install/fast_lio/bin'
[200.597s] INFO:colcon.colcon_core.shell:Creating package script '/home/user/fast_lio2_ws/fast_lio2_ws/install/fast_lio/share/fast_lio/package.ps1'
[200.599s] INFO:colcon.colcon_core.shell:Creating package descriptor '/home/user/fast_lio2_ws/fast_lio2_ws/install/fast_lio/share/fast_lio/package.dsv'
[200.601s] INFO:colcon.colcon_core.shell:Creating package script '/home/user/fast_lio2_ws/fast_lio2_ws/install/fast_lio/share/fast_lio/package.sh'
[200.603s] INFO:colcon.colcon_core.shell:Creating package script '/home/user/fast_lio2_ws/fast_lio2_ws/install/fast_lio/share/fast_lio/package.bash'
[200.604s] INFO:colcon.colcon_core.shell:Creating package script '/home/user/fast_lio2_ws/fast_lio2_ws/install/fast_lio/share/fast_lio/package.zsh'
[200.605s] Level 1:colcon.colcon_core.environment:create_file_with_runtime_dependencies(/home/user/fast_lio2_ws/fast_lio2_ws/install/fast_lio/share/colcon-core/packages/fast_lio)
[200.607s] Level 1:colcon.colcon_core.environment:create_environment_scripts_only(fast_lio)
[200.608s] Level 1:colcon.colcon_core.environment:checking '/home/user/fast_lio2_ws/fast_lio2_ws/install/fast_lio' for CMake module files
[200.611s] Level 1:colcon.colcon_core.environment:checking '/home/user/fast_lio2_ws/fast_lio2_ws/install/fast_lio' for CMake config files
[200.613s] Level 1:colcon.colcon_core.shell:create_environment_hook('fast_lio', 'cmake_prefix_path')
[200.614s] INFO:colcon.colcon_core.shell:Creating environment hook '/home/user/fast_lio2_ws/fast_lio2_ws/install/fast_lio/share/fast_lio/hook/cmake_prefix_path.ps1'
[200.616s] INFO:colcon.colcon_core.shell:Creating environment descriptor '/home/user/fast_lio2_ws/fast_lio2_ws/install/fast_lio/share/fast_lio/hook/cmake_prefix_path.dsv'
[200.617s] INFO:colcon.colcon_core.shell:Creating environment hook '/home/user/fast_lio2_ws/fast_lio2_ws/install/fast_lio/share/fast_lio/hook/cmake_prefix_path.sh'
[200.619s] Level 1:colcon.colcon_core.environment:checking '/home/user/fast_lio2_ws/fast_lio2_ws/install/fast_lio/lib'
[200.619s] Level 1:colcon.colcon_core.shell:create_environment_hook('fast_lio', 'ld_library_path_lib')
[200.620s] INFO:colcon.colcon_core.shell:Creating environment hook '/home/user/fast_lio2_ws/fast_lio2_ws/install/fast_lio/share/fast_lio/hook/ld_library_path_lib.ps1'
[200.620s] INFO:colcon.colcon_core.shell:Creating environment descriptor '/home/user/fast_lio2_ws/fast_lio2_ws/install/fast_lio/share/fast_lio/hook/ld_library_path_lib.dsv'
[200.621s] INFO:colcon.colcon_core.shell:Creating environment hook '/home/user/fast_lio2_ws/fast_lio2_ws/install/fast_lio/share/fast_lio/hook/ld_library_path_lib.sh'
[200.622s] Level 1:colcon.colcon_core.environment:checking '/home/user/fast_lio2_ws/fast_lio2_ws/install/fast_lio/bin'
[200.622s] Level 1:colcon.colcon_core.environment:checking '/home/user/fast_lio2_ws/fast_lio2_ws/install/fast_lio/lib/pkgconfig/fast_lio.pc'
[200.623s] Level 1:colcon.colcon_core.environment:checking '/home/user/fast_lio2_ws/fast_lio2_ws/install/fast_lio/lib/python3.10/site-packages'
[200.624s] Level 1:colcon.colcon_core.environment:checking '/home/user/fast_lio2_ws/fast_lio2_ws/install/fast_lio/bin'
[200.625s] INFO:colcon.colcon_core.shell:Creating package script '/home/user/fast_lio2_ws/fast_lio2_ws/install/fast_lio/share/fast_lio/package.ps1'
[200.627s] INFO:colcon.colcon_core.shell:Creating package descriptor '/home/user/fast_lio2_ws/fast_lio2_ws/install/fast_lio/share/fast_lio/package.dsv'
[200.628s] INFO:colcon.colcon_core.shell:Creating package script '/home/user/fast_lio2_ws/fast_lio2_ws/install/fast_lio/share/fast_lio/package.sh'
[200.629s] INFO:colcon.colcon_core.shell:Creating package script '/home/user/fast_lio2_ws/fast_lio2_ws/install/fast_lio/share/fast_lio/package.bash'
[200.630s] INFO:colcon.colcon_core.shell:Creating package script '/home/user/fast_lio2_ws/fast_lio2_ws/install/fast_lio/share/fast_lio/package.zsh'
[200.631s] Level 1:colcon.colcon_core.environment:create_file_with_runtime_dependencies(/home/user/fast_lio2_ws/fast_lio2_ws/install/fast_lio/share/colcon-core/packages/fast_lio)
[200.631s] DEBUG:colcon.colcon_parallel_executor.executor.parallel:closing loop
[200.632s] DEBUG:colcon.colcon_parallel_executor.executor.parallel:loop closed
[200.633s] DEBUG:colcon.colcon_parallel_executor.executor.parallel:run_until_complete finished with '0'
[200.633s] DEBUG:colcon.colcon_core.event_reactor:joining thread
[200.651s] INFO:colcon.colcon_core.plugin_system:Skipping extension 'colcon_notification.desktop_notification.terminal_notifier': Not used on non-Darwin systems
[200.651s] INFO:colcon.colcon_core.plugin_system:Skipping extension 'colcon_notification.desktop_notification.win32': Not used on non-Windows systems
[200.651s] INFO:colcon.colcon_notification.desktop_notification:Sending desktop notification using 'notify2'
[200.652s] DEBUG:colcon.colcon_notification.desktop_notification.notify2:Failed to initialize notify2: org.freedesktop.DBus.Error.AccessDenied: Failed to connect to socket /run/user/1000/bus: Operation not permitted
[200.652s] DEBUG:colcon.colcon_core.event_reactor:joined thread
[200.653s] INFO:colcon.colcon_core.shell:Creating prefix script '/home/user/fast_lio2_ws/fast_lio2_ws/install/local_setup.ps1'
[200.656s] INFO:colcon.colcon_core.shell:Creating prefix util module '/home/user/fast_lio2_ws/fast_lio2_ws/install/_local_setup_util_ps1.py'
[200.659s] INFO:colcon.colcon_core.shell:Creating prefix chain script '/home/user/fast_lio2_ws/fast_lio2_ws/install/setup.ps1'
[200.662s] INFO:colcon.colcon_core.shell:Creating prefix script '/home/user/fast_lio2_ws/fast_lio2_ws/install/local_setup.sh'
[200.663s] INFO:colcon.colcon_core.shell:Creating prefix util module '/home/user/fast_lio2_ws/fast_lio2_ws/install/_local_setup_util_sh.py'
[200.664s] INFO:colcon.colcon_core.shell:Creating prefix chain script '/home/user/fast_lio2_ws/fast_lio2_ws/install/setup.sh'
[200.667s] INFO:colcon.colcon_core.shell:Creating prefix script '/home/user/fast_lio2_ws/fast_lio2_ws/install/local_setup.bash'
[200.668s] INFO:colcon.colcon_core.shell:Creating prefix chain script '/home/user/fast_lio2_ws/fast_lio2_ws/install/setup.bash'
[200.670s] INFO:colcon.colcon_core.shell:Creating prefix script '/home/user/fast_lio2_ws/fast_lio2_ws/install/local_setup.zsh'
[200.672s] INFO:colcon.colcon_core.shell:Creating prefix chain script '/home/user/fast_lio2_ws/fast_lio2_ws/install/setup.zsh'
