Consolidate compiler generated dependencies of target livox_lidar_sdk_static
Consolidate compiler generated dependencies of target livox_lidar_sdk_shared
[ 81%] Built target livox_lidar_sdk_static
[ 84%] Built target livox_lidar_sdk_shared
Consolidate compiler generated dependencies of target multi_lidars_upgrade
Consolidate compiler generated dependencies of target livox_lidar_quick_start
Consolidate compiler generated dependencies of target debug_point_cloud
Consolidate compiler generated dependencies of target logger
Consolidate compiler generated dependencies of target lidar_cmd_observer
[ 87%] Built target multi_lidars_upgrade
[ 89%] Built target livox_lidar_quick_start
[ 91%] Built target logger
Consolidate compiler generated dependencies of target livox_lidar_rmc_time_sync
[ 94%] Built target debug_point_cloud
[100%] Built target livox_lidar_rmc_time_sync
[100%] Built target lidar_cmd_observer
-- Install configuration: ""
-- Installing: /home/user/fast_lio2_ws/fast_lio2_ws/install/livox_sdk2/lib/liblivox_lidar_sdk_static.a
-- Installing: /home/user/fast_lio2_ws/fast_lio2_ws/install/livox_sdk2/include/livox_lidar_def.h
-- Installing: /home/user/fast_lio2_ws/fast_lio2_ws/install/livox_sdk2/include/livox_lidar_api.h
-- Installing: /home/user/fast_lio2_ws/fast_lio2_ws/install/livox_sdk2/include/livox_lidar_cfg.h
-- Installing: /home/user/fast_lio2_ws/fast_lio2_ws/install/livox_sdk2/lib/liblivox_lidar_sdk_shared.so
