[0.024s] Invoking command in '/home/user/fast_lio2_ws/fast_lio2_ws/build/livox_sdk2': /usr/bin/cmake --build /home/user/fast_lio2_ws/fast_lio2_ws/build/livox_sdk2 -- -j8 -l8
[0.184s] Consolidate compiler generated dependencies of target livox_lidar_sdk_static
[0.185s] Consolidate compiler generated dependencies of target livox_lidar_sdk_shared
[0.225s] [ 81%] Built target livox_lidar_sdk_static
[0.225s] [ 84%] Built target livox_lidar_sdk_shared
[0.251s] Consolidate compiler generated dependencies of target multi_lidars_upgrade
[0.251s] Consolidate compiler generated dependencies of target livox_lidar_quick_start
[0.252s] Consolidate compiler generated dependencies of target debug_point_cloud
[0.253s] Consolidate compiler generated dependencies of target logger
[0.280s] Consolidate compiler generated dependencies of target lidar_cmd_observer
[0.282s] [ 87%] Built target multi_lidars_upgrade
[0.287s] [ 89%] Built target livox_lidar_quick_start
[0.287s] [ 91%] Built target logger
[0.293s] Consolidate compiler generated dependencies of target livox_lidar_rmc_time_sync
[0.303s] [ 94%] Built target debug_point_cloud
[0.315s] [100%] Built target livox_lidar_rmc_time_sync
[0.315s] [100%] Built target lidar_cmd_observer
[0.347s] Invoked command in '/home/user/fast_lio2_ws/fast_lio2_ws/build/livox_sdk2' returned '0': /usr/bin/cmake --build /home/user/fast_lio2_ws/fast_lio2_ws/build/livox_sdk2 -- -j8 -l8
[0.366s] Invoking command in '/home/user/fast_lio2_ws/fast_lio2_ws/build/livox_sdk2': /usr/bin/cmake --install /home/user/fast_lio2_ws/fast_lio2_ws/build/livox_sdk2
[0.380s] -- Install configuration: ""
[0.380s] -- Installing: /home/user/fast_lio2_ws/fast_lio2_ws/install/livox_sdk2/lib/liblivox_lidar_sdk_static.a
[0.441s] -- Installing: /home/user/fast_lio2_ws/fast_lio2_ws/install/livox_sdk2/include/livox_lidar_def.h
[0.442s] -- Installing: /home/user/fast_lio2_ws/fast_lio2_ws/install/livox_sdk2/include/livox_lidar_api.h
[0.442s] -- Installing: /home/user/fast_lio2_ws/fast_lio2_ws/install/livox_sdk2/include/livox_lidar_cfg.h
[0.442s] -- Installing: /home/user/fast_lio2_ws/fast_lio2_ws/install/livox_sdk2/lib/liblivox_lidar_sdk_shared.so
[0.459s] Invoked command in '/home/user/fast_lio2_ws/fast_lio2_ws/build/livox_sdk2' returned '0': /usr/bin/cmake --install /home/user/fast_lio2_ws/fast_lio2_ws/build/livox_sdk2
