[0.239s] DEBUG:colcon:Command line arguments: ['/usr/bin/colcon', 'build', '--symlink-install']
[0.239s] DEBUG:colcon:Parsed command line arguments: Namespace(log_base=None, log_level=None, verb_name='build', build_base='build', install_base='install', merge_install=False, symlink_install=True, test_result_base=None, continue_on_error=False, executor='parallel', parallel_workers=8, event_handlers=None, ignore_user_meta=False, metas=['./colcon.meta'], base_paths=['.'], packages_ignore=None, packages_ignore_regex=None, paths=None, packages_up_to=None, packages_up_to_regex=None, packages_above=None, packages_above_and_dependencies=None, packages_above_depth=None, packages_select_by_dep=None, packages_skip_by_dep=None, packages_skip_up_to=None, packages_select_build_failed=False, packages_skip_build_finished=False, packages_select_test_failures=False, packages_skip_test_passed=False, packages_select=None, packages_skip=None, packages_select_regex=None, packages_skip_regex=None, packages_start=None, packages_end=None, allow_overriding=[], cmake_args=None, cmake_target=None, cmake_target_skip_unavailable=False, cmake_clean_cache=False, cmake_clean_first=False, cmake_force_configure=False, ament_cmake_args=None, catkin_cmake_args=None, catkin_skip_building_tests=False, mixin_files=None, mixin=None, verb_parser=<colcon_mixin.mixin.mixin_argument.MixinArgumentDecorator object at 0xffff92879c90>, verb_extension=<colcon_core.verb.build.BuildVerb object at 0xffff92879720>, main=<bound method BuildVerb.main of <colcon_core.verb.build.BuildVerb object at 0xffff92879720>>, mixin_verb=('build',))
[0.594s] Level 1:colcon.colcon_core.package_discovery:discover_packages(colcon_meta) check parameters
[0.594s] Level 1:colcon.colcon_core.package_discovery:discover_packages(recursive) check parameters
[0.594s] Level 1:colcon.colcon_core.package_discovery:discover_packages(ignore) check parameters
[0.594s] Level 1:colcon.colcon_core.package_discovery:discover_packages(path) check parameters
[0.594s] Level 1:colcon.colcon_core.package_discovery:discover_packages(colcon_meta) discover
[0.594s] Level 1:colcon.colcon_core.package_discovery:discover_packages(recursive) discover
[0.594s] INFO:colcon.colcon_core.package_discovery:Crawling recursively for packages in '/home/user/fast_lio2_ws/fast_lio2_ws'
[0.595s] Level 1:colcon.colcon_core.package_identification:_identify(.) by extensions ['ignore', 'ignore_ament_install']
[0.595s] Level 1:colcon.colcon_core.package_identification:_identify(.) by extension 'ignore'
[0.595s] Level 1:colcon.colcon_core.package_identification:_identify(.) by extension 'ignore_ament_install'
[0.595s] Level 1:colcon.colcon_core.package_identification:_identify(.) by extensions ['colcon_pkg']
[0.595s] Level 1:colcon.colcon_core.package_identification:_identify(.) by extension 'colcon_pkg'
[0.595s] Level 1:colcon.colcon_core.package_identification:_identify(.) by extensions ['colcon_meta']
[0.596s] Level 1:colcon.colcon_core.package_identification:_identify(.) by extension 'colcon_meta'
[0.596s] Level 1:colcon.colcon_core.package_identification:_identify(.) by extensions ['ros']
[0.596s] Level 1:colcon.colcon_core.package_identification:_identify(.) by extension 'ros'
[0.619s] Level 1:colcon.colcon_core.package_identification:_identify(.) by extensions ['cmake', 'python']
[0.619s] Level 1:colcon.colcon_core.package_identification:_identify(.) by extension 'cmake'
[0.619s] Level 1:colcon.colcon_core.package_identification:_identify(.) by extension 'python'
[0.619s] Level 1:colcon.colcon_core.package_identification:_identify(.) by extensions ['python_setup_py']
[0.619s] Level 1:colcon.colcon_core.package_identification:_identify(.) by extension 'python_setup_py'
[0.620s] Level 1:colcon.colcon_core.package_identification:_identify(build) by extensions ['ignore', 'ignore_ament_install']
[0.620s] Level 1:colcon.colcon_core.package_identification:_identify(build) by extension 'ignore'
[0.620s] Level 1:colcon.colcon_core.package_identification:_identify(build) ignored
[0.620s] Level 1:colcon.colcon_core.package_identification:_identify(install) by extensions ['ignore', 'ignore_ament_install']
[0.621s] Level 1:colcon.colcon_core.package_identification:_identify(install) by extension 'ignore'
[0.621s] Level 1:colcon.colcon_core.package_identification:_identify(install) ignored
[0.621s] Level 1:colcon.colcon_core.package_identification:_identify(log) by extensions ['ignore', 'ignore_ament_install']
[0.621s] Level 1:colcon.colcon_core.package_identification:_identify(log) by extension 'ignore'
[0.621s] Level 1:colcon.colcon_core.package_identification:_identify(log) ignored
[0.621s] Level 1:colcon.colcon_core.package_identification:_identify(scripts) by extensions ['ignore', 'ignore_ament_install']
[0.622s] Level 1:colcon.colcon_core.package_identification:_identify(scripts) by extension 'ignore'
[0.622s] Level 1:colcon.colcon_core.package_identification:_identify(scripts) by extension 'ignore_ament_install'
[0.622s] Level 1:colcon.colcon_core.package_identification:_identify(scripts) by extensions ['colcon_pkg']
[0.622s] Level 1:colcon.colcon_core.package_identification:_identify(scripts) by extension 'colcon_pkg'
[0.622s] Level 1:colcon.colcon_core.package_identification:_identify(scripts) by extensions ['colcon_meta']
[0.622s] Level 1:colcon.colcon_core.package_identification:_identify(scripts) by extension 'colcon_meta'
[0.622s] Level 1:colcon.colcon_core.package_identification:_identify(scripts) by extensions ['ros']
[0.622s] Level 1:colcon.colcon_core.package_identification:_identify(scripts) by extension 'ros'
[0.622s] Level 1:colcon.colcon_core.package_identification:_identify(scripts) by extensions ['cmake', 'python']
[0.622s] Level 1:colcon.colcon_core.package_identification:_identify(scripts) by extension 'cmake'
[0.623s] Level 1:colcon.colcon_core.package_identification:_identify(scripts) by extension 'python'
[0.623s] Level 1:colcon.colcon_core.package_identification:_identify(scripts) by extensions ['python_setup_py']
[0.623s] Level 1:colcon.colcon_core.package_identification:_identify(scripts) by extension 'python_setup_py'
[0.623s] Level 1:colcon.colcon_core.package_identification:_identify(src) by extensions ['ignore', 'ignore_ament_install']
[0.623s] Level 1:colcon.colcon_core.package_identification:_identify(src) by extension 'ignore'
[0.623s] Level 1:colcon.colcon_core.package_identification:_identify(src) by extension 'ignore_ament_install'
[0.623s] Level 1:colcon.colcon_core.package_identification:_identify(src) by extensions ['colcon_pkg']
[0.623s] Level 1:colcon.colcon_core.package_identification:_identify(src) by extension 'colcon_pkg'
[0.624s] Level 1:colcon.colcon_core.package_identification:_identify(src) by extensions ['colcon_meta']
[0.624s] Level 1:colcon.colcon_core.package_identification:_identify(src) by extension 'colcon_meta'
[0.624s] Level 1:colcon.colcon_core.package_identification:_identify(src) by extensions ['ros']
[0.624s] Level 1:colcon.colcon_core.package_identification:_identify(src) by extension 'ros'
[0.624s] Level 1:colcon.colcon_core.package_identification:_identify(src) by extensions ['cmake', 'python']
[0.624s] Level 1:colcon.colcon_core.package_identification:_identify(src) by extension 'cmake'
[0.624s] Level 1:colcon.colcon_core.package_identification:_identify(src) by extension 'python'
[0.624s] Level 1:colcon.colcon_core.package_identification:_identify(src) by extensions ['python_setup_py']
[0.624s] Level 1:colcon.colcon_core.package_identification:_identify(src) by extension 'python_setup_py'
[0.625s] Level 1:colcon.colcon_core.package_identification:_identify(src/FAST_LIO_ROS2) by extensions ['ignore', 'ignore_ament_install']
[0.625s] Level 1:colcon.colcon_core.package_identification:_identify(src/FAST_LIO_ROS2) by extension 'ignore'
[0.625s] Level 1:colcon.colcon_core.package_identification:_identify(src/FAST_LIO_ROS2) by extension 'ignore_ament_install'
[0.625s] Level 1:colcon.colcon_core.package_identification:_identify(src/FAST_LIO_ROS2) by extensions ['colcon_pkg']
[0.625s] Level 1:colcon.colcon_core.package_identification:_identify(src/FAST_LIO_ROS2) by extension 'colcon_pkg'
[0.625s] Level 1:colcon.colcon_core.package_identification:_identify(src/FAST_LIO_ROS2) by extensions ['colcon_meta']
[0.625s] Level 1:colcon.colcon_core.package_identification:_identify(src/FAST_LIO_ROS2) by extension 'colcon_meta'
[0.625s] Level 1:colcon.colcon_core.package_identification:_identify(src/FAST_LIO_ROS2) by extensions ['ros']
[0.625s] Level 1:colcon.colcon_core.package_identification:_identify(src/FAST_LIO_ROS2) by extension 'ros'
[0.626s] Level 1:colcon.colcon_core.package_identification:_identify(src/FAST_LIO_ROS2) by extensions ['cmake', 'python']
[0.626s] Level 1:colcon.colcon_core.package_identification:_identify(src/FAST_LIO_ROS2) by extension 'cmake'
[0.626s] Level 1:colcon.colcon_core.package_identification:_identify(src/FAST_LIO_ROS2) by extension 'python'
[0.626s] Level 1:colcon.colcon_core.package_identification:_identify(src/FAST_LIO_ROS2) by extensions ['python_setup_py']
[0.626s] Level 1:colcon.colcon_core.package_identification:_identify(src/FAST_LIO_ROS2) by extension 'python_setup_py'
[0.626s] Level 1:colcon.colcon_core.package_identification:_identify(src/FAST_LIO_ROS2/FAST_LIO) by extensions ['ignore', 'ignore_ament_install']
[0.626s] Level 1:colcon.colcon_core.package_identification:_identify(src/FAST_LIO_ROS2/FAST_LIO) by extension 'ignore'
[0.626s] Level 1:colcon.colcon_core.package_identification:_identify(src/FAST_LIO_ROS2/FAST_LIO) by extension 'ignore_ament_install'
[0.627s] Level 1:colcon.colcon_core.package_identification:_identify(src/FAST_LIO_ROS2/FAST_LIO) by extensions ['colcon_pkg']
[0.627s] Level 1:colcon.colcon_core.package_identification:_identify(src/FAST_LIO_ROS2/FAST_LIO) by extension 'colcon_pkg'
[0.627s] Level 1:colcon.colcon_core.package_identification:_identify(src/FAST_LIO_ROS2/FAST_LIO) by extensions ['colcon_meta']
[0.627s] Level 1:colcon.colcon_core.package_identification:_identify(src/FAST_LIO_ROS2/FAST_LIO) by extension 'colcon_meta'
[0.627s] Level 1:colcon.colcon_core.package_identification:_identify(src/FAST_LIO_ROS2/FAST_LIO) by extensions ['ros']
[0.627s] Level 1:colcon.colcon_core.package_identification:_identify(src/FAST_LIO_ROS2/FAST_LIO) by extension 'ros'
[0.634s] DEBUG:colcon.colcon_core.package_identification:Package 'src/FAST_LIO_ROS2/FAST_LIO' with type 'ros.ament_cmake' and name 'fast_lio'
[0.634s] Level 1:colcon.colcon_core.package_identification:_identify(src/FAST_LIO_ROS2/docker) by extensions ['ignore', 'ignore_ament_install']
[0.634s] Level 1:colcon.colcon_core.package_identification:_identify(src/FAST_LIO_ROS2/docker) by extension 'ignore'
[0.634s] Level 1:colcon.colcon_core.package_identification:_identify(src/FAST_LIO_ROS2/docker) by extension 'ignore_ament_install'
[0.635s] Level 1:colcon.colcon_core.package_identification:_identify(src/FAST_LIO_ROS2/docker) by extensions ['colcon_pkg']
[0.635s] Level 1:colcon.colcon_core.package_identification:_identify(src/FAST_LIO_ROS2/docker) by extension 'colcon_pkg'
[0.635s] Level 1:colcon.colcon_core.package_identification:_identify(src/FAST_LIO_ROS2/docker) by extensions ['colcon_meta']
[0.635s] Level 1:colcon.colcon_core.package_identification:_identify(src/FAST_LIO_ROS2/docker) by extension 'colcon_meta'
[0.635s] Level 1:colcon.colcon_core.package_identification:_identify(src/FAST_LIO_ROS2/docker) by extensions ['ros']
[0.635s] Level 1:colcon.colcon_core.package_identification:_identify(src/FAST_LIO_ROS2/docker) by extension 'ros'
[0.635s] Level 1:colcon.colcon_core.package_identification:_identify(src/FAST_LIO_ROS2/docker) by extensions ['cmake', 'python']
[0.635s] Level 1:colcon.colcon_core.package_identification:_identify(src/FAST_LIO_ROS2/docker) by extension 'cmake'
[0.635s] Level 1:colcon.colcon_core.package_identification:_identify(src/FAST_LIO_ROS2/docker) by extension 'python'
[0.636s] Level 1:colcon.colcon_core.package_identification:_identify(src/FAST_LIO_ROS2/docker) by extensions ['python_setup_py']
[0.636s] Level 1:colcon.colcon_core.package_identification:_identify(src/FAST_LIO_ROS2/docker) by extension 'python_setup_py'
[0.636s] Level 1:colcon.colcon_core.package_identification:_identify(src/FAST_LIO_ROS2/livox_ros_driver2) by extensions ['ignore', 'ignore_ament_install']
[0.636s] Level 1:colcon.colcon_core.package_identification:_identify(src/FAST_LIO_ROS2/livox_ros_driver2) by extension 'ignore'
[0.636s] Level 1:colcon.colcon_core.package_identification:_identify(src/FAST_LIO_ROS2/livox_ros_driver2) by extension 'ignore_ament_install'
[0.636s] Level 1:colcon.colcon_core.package_identification:_identify(src/FAST_LIO_ROS2/livox_ros_driver2) by extensions ['colcon_pkg']
[0.636s] Level 1:colcon.colcon_core.package_identification:_identify(src/FAST_LIO_ROS2/livox_ros_driver2) by extension 'colcon_pkg'
[0.637s] Level 1:colcon.colcon_core.package_identification:_identify(src/FAST_LIO_ROS2/livox_ros_driver2) by extensions ['colcon_meta']
[0.637s] Level 1:colcon.colcon_core.package_identification:_identify(src/FAST_LIO_ROS2/livox_ros_driver2) by extension 'colcon_meta'
[0.637s] Level 1:colcon.colcon_core.package_identification:_identify(src/FAST_LIO_ROS2/livox_ros_driver2) by extensions ['ros']
[0.637s] Level 1:colcon.colcon_core.package_identification:_identify(src/FAST_LIO_ROS2/livox_ros_driver2) by extension 'ros'
[0.639s] DEBUG:colcon.colcon_core.package_identification:Package 'src/FAST_LIO_ROS2/livox_ros_driver2' with type 'ros.ament_cmake' and name 'livox_ros_driver2'
[0.640s] Level 1:colcon.colcon_core.package_identification:_identify(src/Livox-SDK2) by extensions ['ignore', 'ignore_ament_install']
[0.640s] Level 1:colcon.colcon_core.package_identification:_identify(src/Livox-SDK2) by extension 'ignore'
[0.640s] Level 1:colcon.colcon_core.package_identification:_identify(src/Livox-SDK2) by extension 'ignore_ament_install'
[0.640s] Level 1:colcon.colcon_core.package_identification:_identify(src/Livox-SDK2) by extensions ['colcon_pkg']
[0.640s] Level 1:colcon.colcon_core.package_identification:_identify(src/Livox-SDK2) by extension 'colcon_pkg'
[0.640s] Level 1:colcon.colcon_core.package_identification:_identify(src/Livox-SDK2) by extensions ['colcon_meta']
[0.640s] Level 1:colcon.colcon_core.package_identification:_identify(src/Livox-SDK2) by extension 'colcon_meta'
[0.640s] Level 1:colcon.colcon_core.package_identification:_identify(src/Livox-SDK2) by extensions ['ros']
[0.641s] Level 1:colcon.colcon_core.package_identification:_identify(src/Livox-SDK2) by extension 'ros'
[0.641s] Level 1:colcon.colcon_core.package_identification:_identify(src/Livox-SDK2) by extensions ['cmake', 'python']
[0.641s] Level 1:colcon.colcon_core.package_identification:_identify(src/Livox-SDK2) by extension 'cmake'
[0.663s] Level 1:colcon.colcon_core.package_identification:_identify(src/Livox-SDK2) by extension 'python'
[0.664s] DEBUG:colcon.colcon_core.package_identification:Package 'src/Livox-SDK2' with type 'cmake' and name 'livox_sdk2'
[0.664s] Level 1:colcon.colcon_core.package_discovery:discover_packages(recursive) using defaults
[0.664s] Level 1:colcon.colcon_core.package_discovery:discover_packages(ignore) discover
[0.664s] Level 1:colcon.colcon_core.package_discovery:discover_packages(ignore) using defaults
[0.664s] Level 1:colcon.colcon_core.package_discovery:discover_packages(path) discover
[0.664s] Level 1:colcon.colcon_core.package_discovery:discover_packages(path) using defaults
[0.734s] Level 1:colcon.colcon_core.package_discovery:discover_packages(prefix_path) check parameters
[0.734s] Level 1:colcon.colcon_core.package_discovery:discover_packages(prefix_path) discover
[0.739s] DEBUG:colcon.colcon_installed_package_information.package_discovery:Found 274 installed packages in /opt/ros/humble
[0.742s] Level 1:colcon.colcon_core.package_discovery:discover_packages(prefix_path) using defaults
[0.822s] Level 5:colcon.colcon_core.verb:set package 'livox_ros_driver2' build argument 'cmake_args' from command line to 'None'
[0.822s] Level 5:colcon.colcon_core.verb:set package 'livox_ros_driver2' build argument 'cmake_target' from command line to 'None'
[0.822s] Level 5:colcon.colcon_core.verb:set package 'livox_ros_driver2' build argument 'cmake_target_skip_unavailable' from command line to 'False'
[0.822s] Level 5:colcon.colcon_core.verb:set package 'livox_ros_driver2' build argument 'cmake_clean_cache' from command line to 'False'
[0.822s] Level 5:colcon.colcon_core.verb:set package 'livox_ros_driver2' build argument 'cmake_clean_first' from command line to 'False'
[0.822s] Level 5:colcon.colcon_core.verb:set package 'livox_ros_driver2' build argument 'cmake_force_configure' from command line to 'False'
[0.822s] Level 5:colcon.colcon_core.verb:set package 'livox_ros_driver2' build argument 'ament_cmake_args' from command line to 'None'
[0.822s] Level 5:colcon.colcon_core.verb:set package 'livox_ros_driver2' build argument 'catkin_cmake_args' from command line to 'None'
[0.823s] Level 5:colcon.colcon_core.verb:set package 'livox_ros_driver2' build argument 'catkin_skip_building_tests' from command line to 'False'
[0.823s] DEBUG:colcon.colcon_core.verb:Building package 'livox_ros_driver2' with the following arguments: {'ament_cmake_args': None, 'build_base': '/home/user/fast_lio2_ws/fast_lio2_ws/build/livox_ros_driver2', 'catkin_cmake_args': None, 'catkin_skip_building_tests': False, 'cmake_args': None, 'cmake_clean_cache': False, 'cmake_clean_first': False, 'cmake_force_configure': False, 'cmake_target': None, 'cmake_target_skip_unavailable': False, 'install_base': '/home/user/fast_lio2_ws/fast_lio2_ws/install/livox_ros_driver2', 'merge_install': False, 'path': '/home/user/fast_lio2_ws/fast_lio2_ws/src/FAST_LIO_ROS2/livox_ros_driver2', 'symlink_install': True, 'test_result_base': None}
[0.823s] Level 5:colcon.colcon_core.verb:set package 'livox_sdk2' build argument 'cmake_args' from command line to 'None'
[0.824s] Level 5:colcon.colcon_core.verb:set package 'livox_sdk2' build argument 'cmake_target' from command line to 'None'
[0.824s] Level 5:colcon.colcon_core.verb:set package 'livox_sdk2' build argument 'cmake_target_skip_unavailable' from command line to 'False'
[0.824s] Level 5:colcon.colcon_core.verb:set package 'livox_sdk2' build argument 'cmake_clean_cache' from command line to 'False'
[0.824s] Level 5:colcon.colcon_core.verb:set package 'livox_sdk2' build argument 'cmake_clean_first' from command line to 'False'
[0.824s] Level 5:colcon.colcon_core.verb:set package 'livox_sdk2' build argument 'cmake_force_configure' from command line to 'False'
[0.824s] Level 5:colcon.colcon_core.verb:set package 'livox_sdk2' build argument 'ament_cmake_args' from command line to 'None'
[0.824s] Level 5:colcon.colcon_core.verb:set package 'livox_sdk2' build argument 'catkin_cmake_args' from command line to 'None'
[0.824s] Level 5:colcon.colcon_core.verb:set package 'livox_sdk2' build argument 'catkin_skip_building_tests' from command line to 'False'
[0.824s] DEBUG:colcon.colcon_core.verb:Building package 'livox_sdk2' with the following arguments: {'ament_cmake_args': None, 'build_base': '/home/user/fast_lio2_ws/fast_lio2_ws/build/livox_sdk2', 'catkin_cmake_args': None, 'catkin_skip_building_tests': False, 'cmake_args': None, 'cmake_clean_cache': False, 'cmake_clean_first': False, 'cmake_force_configure': False, 'cmake_target': None, 'cmake_target_skip_unavailable': False, 'install_base': '/home/user/fast_lio2_ws/fast_lio2_ws/install/livox_sdk2', 'merge_install': False, 'path': '/home/user/fast_lio2_ws/fast_lio2_ws/src/Livox-SDK2', 'symlink_install': True, 'test_result_base': None}
[0.825s] Level 5:colcon.colcon_core.verb:set package 'fast_lio' build argument 'cmake_args' from command line to 'None'
[0.825s] Level 5:colcon.colcon_core.verb:set package 'fast_lio' build argument 'cmake_target' from command line to 'None'
[0.825s] Level 5:colcon.colcon_core.verb:set package 'fast_lio' build argument 'cmake_target_skip_unavailable' from command line to 'False'
[0.825s] Level 5:colcon.colcon_core.verb:set package 'fast_lio' build argument 'cmake_clean_cache' from command line to 'False'
[0.825s] Level 5:colcon.colcon_core.verb:set package 'fast_lio' build argument 'cmake_clean_first' from command line to 'False'
[0.825s] Level 5:colcon.colcon_core.verb:set package 'fast_lio' build argument 'cmake_force_configure' from command line to 'False'
[0.825s] Level 5:colcon.colcon_core.verb:set package 'fast_lio' build argument 'ament_cmake_args' from command line to 'None'
[0.825s] Level 5:colcon.colcon_core.verb:set package 'fast_lio' build argument 'catkin_cmake_args' from command line to 'None'
[0.825s] Level 5:colcon.colcon_core.verb:set package 'fast_lio' build argument 'catkin_skip_building_tests' from command line to 'False'
[0.825s] DEBUG:colcon.colcon_core.verb:Building package 'fast_lio' with the following arguments: {'ament_cmake_args': None, 'build_base': '/home/user/fast_lio2_ws/fast_lio2_ws/build/fast_lio', 'catkin_cmake_args': None, 'catkin_skip_building_tests': False, 'cmake_args': None, 'cmake_clean_cache': False, 'cmake_clean_first': False, 'cmake_force_configure': False, 'cmake_target': None, 'cmake_target_skip_unavailable': False, 'install_base': '/home/user/fast_lio2_ws/fast_lio2_ws/install/fast_lio', 'merge_install': False, 'path': '/home/user/fast_lio2_ws/fast_lio2_ws/src/FAST_LIO_ROS2/FAST_LIO', 'symlink_install': True, 'test_result_base': None}
[0.826s] INFO:colcon.colcon_core.executor:Executing jobs using 'parallel' executor
[0.828s] DEBUG:colcon.colcon_parallel_executor.executor.parallel:run_until_complete
[0.828s] INFO:colcon.colcon_ros.task.ament_cmake.build:Building ROS package in '/home/user/fast_lio2_ws/fast_lio2_ws/src/FAST_LIO_ROS2/livox_ros_driver2' with build type 'ament_cmake'
[0.828s] INFO:colcon.colcon_cmake.task.cmake.build:Building CMake package in '/home/user/fast_lio2_ws/fast_lio2_ws/src/FAST_LIO_ROS2/livox_ros_driver2'
[0.834s] INFO:colcon.colcon_core.plugin_system:Skipping extension 'colcon_core.shell.bat': Not used on non-Windows systems
[0.835s] INFO:colcon.colcon_core.shell:Skip shell extension 'powershell' for command environment: Not usable outside of PowerShell
[0.835s] DEBUG:colcon.colcon_core.shell:Skip shell extension 'dsv' for command environment
[0.841s] INFO:colcon.colcon_cmake.task.cmake.build:Building CMake package in '/home/user/fast_lio2_ws/fast_lio2_ws/src/Livox-SDK2'
[0.841s] INFO:colcon.colcon_core.shell:Skip shell extension 'powershell' for command environment: Not usable outside of PowerShell
[0.841s] DEBUG:colcon.colcon_core.shell:Skip shell extension 'dsv' for command environment
[0.852s] DEBUG:colcon.colcon_core.event_handler.log_command:Invoking command in '/home/user/fast_lio2_ws/fast_lio2_ws/build/livox_ros_driver2': CMAKE_PREFIX_PATH=/opt/ros/humble /usr/bin/cmake /home/user/fast_lio2_ws/fast_lio2_ws/src/FAST_LIO_ROS2/livox_ros_driver2 -DAMENT_CMAKE_SYMLINK_INSTALL=1 -DCMAKE_INSTALL_PREFIX=/home/user/fast_lio2_ws/fast_lio2_ws/install/livox_ros_driver2
[0.865s] DEBUG:colcon.colcon_core.event_handler.log_command:Invoking command in '/home/user/fast_lio2_ws/fast_lio2_ws/build/livox_sdk2': /usr/bin/cmake /home/user/fast_lio2_ws/fast_lio2_ws/src/Livox-SDK2 -DCMAKE_INSTALL_PREFIX=/home/user/fast_lio2_ws/fast_lio2_ws/install/livox_sdk2
[1.525s] DEBUG:colcon.colcon_core.event_handler.log_command:Invoked command in '/home/user/fast_lio2_ws/fast_lio2_ws/build/livox_sdk2' returned '0': /usr/bin/cmake /home/user/fast_lio2_ws/fast_lio2_ws/src/Livox-SDK2 -DCMAKE_INSTALL_PREFIX=/home/user/fast_lio2_ws/fast_lio2_ws/install/livox_sdk2
[1.529s] DEBUG:colcon.colcon_core.event_handler.log_command:Invoking command in '/home/user/fast_lio2_ws/fast_lio2_ws/build/livox_sdk2': /usr/bin/cmake --build /home/user/fast_lio2_ws/fast_lio2_ws/build/livox_sdk2 -- -j8 -l8
[20.416s] DEBUG:colcon.colcon_core.event_handler.log_command:Invoked command in '/home/user/fast_lio2_ws/fast_lio2_ws/build/livox_ros_driver2' returned '1': CMAKE_PREFIX_PATH=/opt/ros/humble /usr/bin/cmake /home/user/fast_lio2_ws/fast_lio2_ws/src/FAST_LIO_ROS2/livox_ros_driver2 -DAMENT_CMAKE_SYMLINK_INSTALL=1 -DCMAKE_INSTALL_PREFIX=/home/user/fast_lio2_ws/fast_lio2_ws/install/livox_ros_driver2
[22.386s] Level 1:colcon.colcon_core.environment:create_environment_scripts_only(livox_ros_driver2)
[22.391s] Level 1:colcon.colcon_core.environment:checking '/home/user/fast_lio2_ws/fast_lio2_ws/install/livox_ros_driver2' for CMake module files
[22.392s] Level 1:colcon.colcon_core.environment:checking '/home/user/fast_lio2_ws/fast_lio2_ws/install/livox_ros_driver2' for CMake config files
[22.394s] Level 1:colcon.colcon_core.environment:checking '/home/user/fast_lio2_ws/fast_lio2_ws/install/livox_ros_driver2/bin'
[22.394s] Level 1:colcon.colcon_core.environment:checking '/home/user/fast_lio2_ws/fast_lio2_ws/install/livox_ros_driver2/lib/pkgconfig/livox_ros_driver2.pc'
[22.395s] Level 1:colcon.colcon_core.environment:checking '/home/user/fast_lio2_ws/fast_lio2_ws/install/livox_ros_driver2/lib/python3.10/site-packages'
[22.396s] Level 1:colcon.colcon_core.environment:checking '/home/user/fast_lio2_ws/fast_lio2_ws/install/livox_ros_driver2/bin'
[22.396s] INFO:colcon.colcon_core.shell:Creating package script '/home/user/fast_lio2_ws/fast_lio2_ws/install/livox_ros_driver2/share/livox_ros_driver2/package.ps1'
[22.399s] INFO:colcon.colcon_core.shell:Creating package descriptor '/home/user/fast_lio2_ws/fast_lio2_ws/install/livox_ros_driver2/share/livox_ros_driver2/package.dsv'
[22.400s] INFO:colcon.colcon_core.shell:Creating package script '/home/user/fast_lio2_ws/fast_lio2_ws/install/livox_ros_driver2/share/livox_ros_driver2/package.sh'
[22.402s] INFO:colcon.colcon_core.shell:Creating package script '/home/user/fast_lio2_ws/fast_lio2_ws/install/livox_ros_driver2/share/livox_ros_driver2/package.bash'
[22.403s] INFO:colcon.colcon_core.shell:Creating package script '/home/user/fast_lio2_ws/fast_lio2_ws/install/livox_ros_driver2/share/livox_ros_driver2/package.zsh'
[22.405s] Level 1:colcon.colcon_core.environment:create_file_with_runtime_dependencies(/home/user/fast_lio2_ws/fast_lio2_ws/install/livox_ros_driver2/share/colcon-core/packages/livox_ros_driver2)
[49.847s] DEBUG:colcon.colcon_parallel_executor.executor.parallel:closing loop
[49.847s] DEBUG:colcon.colcon_parallel_executor.executor.parallel:loop closed
[49.848s] DEBUG:colcon.colcon_parallel_executor.executor.parallel:run_until_complete finished with '1'
[49.848s] DEBUG:colcon.colcon_core.event_reactor:joining thread
[49.862s] INFO:colcon.colcon_core.plugin_system:Skipping extension 'colcon_notification.desktop_notification.terminal_notifier': Not used on non-Darwin systems
[49.863s] INFO:colcon.colcon_core.plugin_system:Skipping extension 'colcon_notification.desktop_notification.win32': Not used on non-Windows systems
[49.863s] INFO:colcon.colcon_notification.desktop_notification:Sending desktop notification using 'notify2'
[49.863s] DEBUG:colcon.colcon_notification.desktop_notification.notify2:Failed to initialize notify2: org.freedesktop.DBus.Error.AccessDenied: Failed to connect to socket /run/user/1000/bus: Operation not permitted
[49.863s] DEBUG:colcon.colcon_core.event_reactor:joined thread
[49.864s] INFO:colcon.colcon_core.shell:Creating prefix script '/home/user/fast_lio2_ws/fast_lio2_ws/install/local_setup.ps1'
[49.866s] INFO:colcon.colcon_core.shell:Creating prefix util module '/home/user/fast_lio2_ws/fast_lio2_ws/install/_local_setup_util_ps1.py'
[49.869s] INFO:colcon.colcon_core.shell:Creating prefix chain script '/home/user/fast_lio2_ws/fast_lio2_ws/install/setup.ps1'
[49.871s] INFO:colcon.colcon_core.shell:Creating prefix script '/home/user/fast_lio2_ws/fast_lio2_ws/install/local_setup.sh'
[49.872s] INFO:colcon.colcon_core.shell:Creating prefix util module '/home/user/fast_lio2_ws/fast_lio2_ws/install/_local_setup_util_sh.py'
[49.874s] INFO:colcon.colcon_core.shell:Creating prefix chain script '/home/user/fast_lio2_ws/fast_lio2_ws/install/setup.sh'
[49.876s] INFO:colcon.colcon_core.shell:Creating prefix script '/home/user/fast_lio2_ws/fast_lio2_ws/install/local_setup.bash'
[49.877s] INFO:colcon.colcon_core.shell:Creating prefix chain script '/home/user/fast_lio2_ws/fast_lio2_ws/install/setup.bash'
[49.879s] INFO:colcon.colcon_core.shell:Creating prefix script '/home/user/fast_lio2_ws/fast_lio2_ws/install/local_setup.zsh'
[49.880s] INFO:colcon.colcon_core.shell:Creating prefix chain script '/home/user/fast_lio2_ws/fast_lio2_ws/install/setup.zsh'
