[0.025s] Invoking command in '/home/user/fast_lio2_ws/fast_lio2_ws/build/livox_ros_driver2': CMAKE_PREFIX_PATH=/opt/ros/humble /usr/bin/cmake /home/user/fast_lio2_ws/fast_lio2_ws/src/FAST_LIO_ROS2/livox_ros_driver2 -DAMENT_CMAKE_SYMLINK_INSTALL=1 -DCMAKE_INSTALL_PREFIX=/home/user/fast_lio2_ws/fast_lio2_ws/install/livox_ros_driver2
[0.049s] -- livox_ros_driver2 version: 1.0.0
[0.049s] -- Found ament_cmake_auto: 1.3.14 (/opt/ros/humble/share/ament_cmake_auto/cmake)
[0.314s] -- Override CMake install command with custom implementation using symlinks instead of copying resources
[0.460s] -- Using all available rosidl_typesupport_c: rosidl_typesupport_fastrtps_c;rosidl_typesupport_introspection_c
[0.467s] -- Found rosidl_adapter: 3.1.8 (/opt/ros/humble/share/rosidl_adapter/cmake)
[0.533s] -- Using all available rosidl_typesupport_cpp: rosidl_typesupport_fastrtps_cpp;rosidl_typesupport_introspection_cpp
[0.656s] -- Found rmw_implementation_cmake: 6.1.2 (/opt/ros/humble/share/rmw_implementation_cmake/cmake)
[0.658s] -- Found rmw_fastrtps_cpp: 6.2.10 (/opt/ros/humble/share/rmw_fastrtps_cpp/cmake)
[0.842s] -- Using RMW implementation 'rmw_fastrtps_cpp' as default
[1.091s] -- Eigen found (include: /usr/include/eigen3, version: 3.4.0)
[1.148s] -- FLANN found (include: /usr/include, lib: /usr/lib/aarch64-linux-gnu/libflann_cpp.so)
[1.594s] -- OpenNI found (version: 1.5.4.0, include: /usr/include/ni, lib: /usr/lib/libOpenNI.so;libusb::libusb)
[1.606s] -- OpenNI2 found (version: 2.2.0.33, include: /usr/include/openni2, lib: /usr/lib/aarch64-linux-gnu/libOpenNI2.so;libusb::libusb)
[1.950s] -- Eigen found (include: /usr/include/eigen3, version: 3.4.0)
[1.962s] -- OpenNI found (version: 1.5.4.0, include: /usr/include/ni, lib: /usr/lib/libOpenNI.so;libusb::libusb)
[1.974s] -- OpenNI2 found (version: 2.2.0.33, include: /usr/include/openni2, lib: /usr/lib/aarch64-linux-gnu/libOpenNI2.so;libusb::libusb)
[2.307s] -- Found Qhull version 8.0.2
[2.639s] -- OpenNI found (version: 1.5.4.0, include: /usr/include/ni, lib: /usr/lib/libOpenNI.so;libusb::libusb)
[3.059s] -- Checking for module 'apr-1'
[3.065s] --   No package 'apr-1' found
[3.528s] -- Found ament_cmake_ros: 0.10.0 (/opt/ros/humble/share/ament_cmake_ros/cmake)
[4.053s] -- Using all available rosidl_typesupport_c: rosidl_typesupport_fastrtps_c;rosidl_typesupport_introspection_c
[4.716s] -- Using all available rosidl_typesupport_cpp: rosidl_typesupport_fastrtps_cpp;rosidl_typesupport_introspection_cpp
[4.769s] -- Found python_cmake_module: 0.10.0 (/opt/ros/humble/share/python_cmake_module/cmake)
[4.819s] -- Using PYTHON_EXECUTABLE: /usr/bin/python3
[4.820s] -- Using PYTHON_INCLUDE_DIRS: /usr/include/python3.10
[4.820s] -- Using PYTHON_LIBRARIES: /usr/lib/aarch64-linux-gnu/libpython3.10.so
[5.079s] -- Found ament_lint_auto: 0.12.15 (/opt/ros/humble/share/ament_lint_auto/cmake)
[5.109s] -- Added test 'copyright' to check source files copyright and LICENSE
[5.118s] -- Added test 'cppcheck' to perform static code analysis on C / C++ code
[5.120s] -- Configured cppcheck include dirs: /home/user/fast_lio2_ws/fast_lio2_ws/src/FAST_LIO_ROS2/livox_ros_driver2/3rdparty;/home/user/fast_lio2_ws/fast_lio2_ws/src/FAST_LIO_ROS2/livox_ros_driver2/src
[5.120s] -- Configured cppcheck exclude dirs and/or files: 
[5.128s] -- Added test 'cpplint' to check C / C++ code against the Google style
[5.128s] -- Configured cpplint exclude dirs and/or files: 
[5.130s] -- Added test 'flake8' to check Python code syntax and style conventions
[5.132s] -- Added test 'lint_cmake' to check CMake code style
[5.134s] -- Added test 'pep257' to check Python code against some of the docstring style conventions in PEP 257
[5.142s] -- Added test 'uncrustify' to check C / C++ code style
[5.142s] -- Configured uncrustify additional arguments: 
[5.144s] -- Added test 'xmllint' to check XML markup files
[5.149s] -- Configuring done
[5.301s] -- Generating done
[5.348s] -- Build files have been written to: /home/user/fast_lio2_ws/fast_lio2_ws/build/livox_ros_driver2
[5.395s] Invoked command in '/home/user/fast_lio2_ws/fast_lio2_ws/build/livox_ros_driver2' returned '0': CMAKE_PREFIX_PATH=/opt/ros/humble /usr/bin/cmake /home/user/fast_lio2_ws/fast_lio2_ws/src/FAST_LIO_ROS2/livox_ros_driver2 -DAMENT_CMAKE_SYMLINK_INSTALL=1 -DCMAKE_INSTALL_PREFIX=/home/user/fast_lio2_ws/fast_lio2_ws/install/livox_ros_driver2
[5.399s] Invoking command in '/home/user/fast_lio2_ws/fast_lio2_ws/build/livox_ros_driver2': CMAKE_PREFIX_PATH=/opt/ros/humble /usr/bin/cmake --build /home/user/fast_lio2_ws/fast_lio2_ws/build/livox_ros_driver2 -- -j8 -l8
[5.485s] [  1%] Generating C code for ROS interfaces
[5.504s] [  5%] Generating Rust code for ROS interfaces
[5.505s] [  5%] Generating C++ code for ROS interfaces
[5.505s] [  6%] Building CXX object CMakeFiles/livox_ros_driver2_node.dir/rclcpp_components/node_main_livox_ros_driver2_node.cpp.o
[5.521s] [  6%] Built target ament_cmake_python_symlink_livox_ros_driver2
[6.036s] running egg_info
[6.037s] creating livox_ros_driver2.egg-info
[6.038s] writing livox_ros_driver2.egg-info/PKG-INFO
[6.038s] writing dependency_links to livox_ros_driver2.egg-info/dependency_links.txt
[6.039s] writing top-level names to livox_ros_driver2.egg-info/top_level.txt
[6.040s] writing manifest file 'livox_ros_driver2.egg-info/SOURCES.txt'
[6.044s] reading manifest file 'livox_ros_driver2.egg-info/SOURCES.txt'
[6.045s] writing manifest file 'livox_ros_driver2.egg-info/SOURCES.txt'
[6.112s] [  6%] Built target ament_cmake_python_build_livox_ros_driver2_egg
[6.364s] [  6%] Built target livox_interfaces2__rs
[6.427s] [  6%] Built target livox_interfaces2__cpp
[6.429s] [ 10%] Building C object CMakeFiles/livox_interfaces2__rosidl_generator_c.dir/rosidl_generator_c/livox_ros_driver2/msg/detail/custom_point__functions.c.o
[6.430s] [ 10%] Building C object CMakeFiles/livox_interfaces2__rosidl_generator_c.dir/rosidl_generator_c/livox_ros_driver2/msg/detail/custom_msg__functions.c.o
[6.447s] [ 13%] Generating C++ introspection for ROS interfaces
[6.447s] [ 15%] Generating C++ type support dispatch for ROS interfaces
[6.448s] [ 15%] Generating C++ type support for eProsima Fast-RTPS
[6.538s] [ 17%] Linking C shared library liblivox_ros_driver2__rosidl_generator_c.so
[6.610s] [ 17%] Built target livox_interfaces2__rosidl_generator_c
[6.631s] [ 20%] Generating C type support dispatch for ROS interfaces
[6.631s] [ 20%] Generating C introspection for ROS interfaces
[6.636s] [ 22%] Generating C type support for eProsima Fast-RTPS
[7.263s] [ 24%] Building CXX object CMakeFiles/livox_interfaces2__rosidl_typesupport_cpp.dir/rosidl_typesupport_cpp/livox_ros_driver2/msg/custom_point__type_support.cpp.o
[7.289s] [ 25%] Building CXX object CMakeFiles/livox_interfaces2__rosidl_typesupport_cpp.dir/rosidl_typesupport_cpp/livox_ros_driver2/msg/custom_msg__type_support.cpp.o
[7.406s] [ 27%] Building CXX object CMakeFiles/livox_interfaces2__rosidl_typesupport_introspection_cpp.dir/rosidl_typesupport_introspection_cpp/livox_ros_driver2/msg/detail/custom_point__type_support.cpp.o
[7.475s] [ 29%] Building CXX object CMakeFiles/livox_interfaces2__rosidl_typesupport_fastrtps_cpp.dir/rosidl_typesupport_fastrtps_cpp/livox_ros_driver2/msg/detail/dds_fastrtps/custom_point__type_support.cpp.o
[7.491s] [ 31%] Building CXX object CMakeFiles/livox_interfaces2__rosidl_typesupport_c.dir/rosidl_typesupport_c/livox_ros_driver2/msg/custom_point__type_support.cpp.o
[7.576s] [ 32%] Building C object CMakeFiles/livox_interfaces2__rosidl_typesupport_introspection_c.dir/rosidl_typesupport_introspection_c/livox_ros_driver2/msg/detail/custom_point__type_support.c.o
[7.639s] [ 36%] Building CXX object CMakeFiles/livox_interfaces2__rosidl_typesupport_fastrtps_c.dir/rosidl_typesupport_fastrtps_c/livox_ros_driver2/msg/detail/custom_point__type_support_c.cpp.o
[7.639s] [ 36%] Building CXX object CMakeFiles/livox_interfaces2__rosidl_typesupport_c.dir/rosidl_typesupport_c/livox_ros_driver2/msg/custom_msg__type_support.cpp.o
[7.715s] [ 37%] Building C object CMakeFiles/livox_interfaces2__rosidl_typesupport_introspection_c.dir/rosidl_typesupport_introspection_c/livox_ros_driver2/msg/detail/custom_msg__type_support.c.o
[7.729s] [ 39%] Linking CXX shared library liblivox_ros_driver2__rosidl_typesupport_c.so
[7.878s] [ 41%] Linking C shared library liblivox_ros_driver2__rosidl_typesupport_introspection_c.so
[7.889s] [ 41%] Built target livox_interfaces2__rosidl_typesupport_c
[7.906s] [ 43%] Building CXX object CMakeFiles/livox_interfaces2__rosidl_typesupport_fastrtps_cpp.dir/rosidl_typesupport_fastrtps_cpp/livox_ros_driver2/msg/detail/dds_fastrtps/custom_msg__type_support.cpp.o
[7.909s] [ 44%] Building CXX object CMakeFiles/livox_interfaces2__rosidl_typesupport_fastrtps_c.dir/rosidl_typesupport_fastrtps_c/livox_ros_driver2/msg/detail/custom_msg__type_support_c.cpp.o
[7.969s] [ 46%] Linking CXX shared library liblivox_ros_driver2__rosidl_typesupport_cpp.so
[7.972s] [ 46%] Built target livox_interfaces2__rosidl_typesupport_introspection_c
[7.997s] [ 48%] Building CXX object CMakeFiles/livox_interfaces2__rosidl_typesupport_introspection_cpp.dir/rosidl_typesupport_introspection_cpp/livox_ros_driver2/msg/detail/custom_msg__type_support.cpp.o
[8.191s] [ 48%] Built target livox_interfaces2__rosidl_typesupport_cpp
[8.760s] [ 50%] Linking CXX shared library liblivox_ros_driver2__rosidl_typesupport_fastrtps_c.so
[8.913s] [ 50%] Built target livox_interfaces2__rosidl_typesupport_fastrtps_c
[8.942s] [ 51%] Linking CXX shared library liblivox_ros_driver2__rosidl_typesupport_fastrtps_cpp.so
[8.993s] [ 53%] Linking CXX shared library liblivox_ros_driver2__rosidl_typesupport_introspection_cpp.so
[9.083s] [ 53%] Built target livox_interfaces2__rosidl_typesupport_fastrtps_cpp
[9.132s] [ 53%] Built target livox_interfaces2__rosidl_typesupport_introspection_cpp
[9.170s] [ 53%] Built target livox_interfaces2
[9.212s] [ 60%] Generating Python code for ROS interfaces
[9.213s] [ 60%] Building CXX object CMakeFiles/livox_ros_driver2.dir/src/driver_node.cpp.o
[9.213s] [ 60%] Building CXX object CMakeFiles/livox_ros_driver2.dir/src/livox_ros_driver2.cpp.o
[9.213s] [ 60%] Building CXX object CMakeFiles/livox_ros_driver2.dir/src/lddc.cpp.o
[9.221s] [ 62%] Building CXX object CMakeFiles/livox_ros_driver2.dir/src/lds.cpp.o
[9.229s] [ 63%] Building CXX object CMakeFiles/livox_ros_driver2.dir/src/lds_lidar.cpp.o
[9.237s] [ 65%] Building CXX object CMakeFiles/livox_ros_driver2.dir/src/comm/comm.cpp.o
[10.615s] [ 67%] Building CXX object CMakeFiles/livox_ros_driver2.dir/src/comm/ldq.cpp.o
[11.115s] [ 67%] Built target livox_interfaces2__py
[11.142s] [ 68%] Building CXX object CMakeFiles/livox_ros_driver2.dir/src/comm/semaphore.cpp.o
[11.220s] [ 70%] Building CXX object CMakeFiles/livox_ros_driver2.dir/src/comm/lidar_imu_data_queue.cpp.o
[11.345s] [ 72%] Building CXX object CMakeFiles/livox_ros_driver2.dir/src/comm/cache_index.cpp.o
[12.025s] [ 74%] Building CXX object CMakeFiles/livox_ros_driver2.dir/src/comm/pub_handler.cpp.o
[12.106s] [ 75%] Building CXX object CMakeFiles/livox_ros_driver2.dir/src/parse_cfg_file/parse_cfg_file.cpp.o
[12.257s] [ 77%] Building CXX object CMakeFiles/livox_ros_driver2.dir/src/parse_cfg_file/parse_livox_lidar_cfg.cpp.o
[13.418s] [ 79%] Building CXX object CMakeFiles/livox_ros_driver2.dir/src/call_back/lidar_common_callback.cpp.o
[13.523s] [ 81%] Linking CXX executable livox_ros_driver2_node
[13.788s] [ 81%] Built target livox_ros_driver2_node
[13.846s] [ 82%] Building C object CMakeFiles/livox_interfaces2__rosidl_generator_py.dir/rosidl_generator_py/livox_ros_driver2/msg/_custom_point_s.c.o
[14.234s] [ 84%] Building CXX object CMakeFiles/livox_ros_driver2.dir/src/call_back/livox_lidar_callback.cpp.o
[14.320s] [ 86%] Building C object CMakeFiles/livox_interfaces2__rosidl_generator_py.dir/rosidl_generator_py/livox_ros_driver2/msg/_custom_msg_s.c.o
[14.811s] [ 87%] Linking C shared library rosidl_generator_py/livox_ros_driver2/liblivox_interfaces2__rosidl_generator_py.so
[14.963s] [ 87%] Built target livox_interfaces2__rosidl_generator_py
[15.021s] [ 89%] Building C object CMakeFiles/livox_ros_driver2__rosidl_typesupport_introspection_c__pyext.dir/rosidl_generator_py/livox_ros_driver2/_livox_ros_driver2_s.ep.rosidl_typesupport_introspection_c.c.o
[15.021s] [ 91%] Building C object CMakeFiles/livox_ros_driver2__rosidl_typesupport_fastrtps_c__pyext.dir/rosidl_generator_py/livox_ros_driver2/_livox_ros_driver2_s.ep.rosidl_typesupport_fastrtps_c.c.o
[15.273s] [ 93%] Linking C shared library rosidl_generator_py/livox_ros_driver2/livox_ros_driver2_s__rosidl_typesupport_introspection_c.cpython-310-aarch64-linux-gnu.so
[15.288s] [ 94%] Building C object CMakeFiles/livox_ros_driver2__rosidl_typesupport_c__pyext.dir/rosidl_generator_py/livox_ros_driver2/_livox_ros_driver2_s.ep.rosidl_typesupport_c.c.o
[15.345s] [ 96%] Linking C shared library rosidl_generator_py/livox_ros_driver2/livox_ros_driver2_s__rosidl_typesupport_fastrtps_c.cpython-310-aarch64-linux-gnu.so
[15.360s] [ 96%] Built target livox_ros_driver2__rosidl_typesupport_introspection_c__pyext
[15.429s] [ 96%] Built target livox_ros_driver2__rosidl_typesupport_fastrtps_c__pyext
[15.503s] [ 98%] Linking C shared library rosidl_generator_py/livox_ros_driver2/livox_ros_driver2_s__rosidl_typesupport_c.cpython-310-aarch64-linux-gnu.so
[15.593s] [ 98%] Built target livox_ros_driver2__rosidl_typesupport_c__pyext
[28.201s] [100%] Linking CXX shared library liblivox_ros_driver2.so
[29.778s] [100%] Built target livox_ros_driver2
[29.802s] Invoked command in '/home/user/fast_lio2_ws/fast_lio2_ws/build/livox_ros_driver2' returned '0': CMAKE_PREFIX_PATH=/opt/ros/humble /usr/bin/cmake --build /home/user/fast_lio2_ws/fast_lio2_ws/build/livox_ros_driver2 -- -j8 -l8
[29.807s] Invoking command in '/home/user/fast_lio2_ws/fast_lio2_ws/build/livox_ros_driver2': CMAKE_PREFIX_PATH=/opt/ros/humble /usr/bin/cmake --install /home/user/fast_lio2_ws/fast_lio2_ws/build/livox_ros_driver2
[29.823s] -- Install configuration: ""
[29.824s] -- Execute custom install script
[29.825s] -- Symlinking: /home/user/fast_lio2_ws/fast_lio2_ws/install/livox_ros_driver2/share/ament_index/resource_index/rosidl_interfaces/livox_ros_driver2
[29.843s] -- Symlinking: /home/user/fast_lio2_ws/fast_lio2_ws/install/livox_ros_driver2/include/livox_ros_driver2/livox_ros_driver2/msg/custom_msg.h
[29.861s] -- Symlinking: /home/user/fast_lio2_ws/fast_lio2_ws/install/livox_ros_driver2/include/livox_ros_driver2/livox_ros_driver2/msg/custom_point.h
[29.879s] -- Symlinking: /home/user/fast_lio2_ws/fast_lio2_ws/install/livox_ros_driver2/include/livox_ros_driver2/livox_ros_driver2/msg/detail/custom_msg__functions.h
[29.902s] -- Symlinking: /home/user/fast_lio2_ws/fast_lio2_ws/install/livox_ros_driver2/include/livox_ros_driver2/livox_ros_driver2/msg/detail/custom_msg__struct.h
[29.921s] -- Symlinking: /home/user/fast_lio2_ws/fast_lio2_ws/install/livox_ros_driver2/include/livox_ros_driver2/livox_ros_driver2/msg/detail/custom_msg__type_support.h
[29.940s] -- Symlinking: /home/user/fast_lio2_ws/fast_lio2_ws/install/livox_ros_driver2/include/livox_ros_driver2/livox_ros_driver2/msg/detail/custom_point__functions.h
[29.957s] -- Symlinking: /home/user/fast_lio2_ws/fast_lio2_ws/install/livox_ros_driver2/include/livox_ros_driver2/livox_ros_driver2/msg/detail/custom_point__struct.h
[29.974s] -- Symlinking: /home/user/fast_lio2_ws/fast_lio2_ws/install/livox_ros_driver2/include/livox_ros_driver2/livox_ros_driver2/msg/detail/custom_point__type_support.h
[29.992s] -- Symlinking: /home/user/fast_lio2_ws/fast_lio2_ws/install/livox_ros_driver2/include/livox_ros_driver2/livox_ros_driver2/msg/rosidl_generator_c__visibility_control.h
[30.009s] -- Symlinking: /home/user/fast_lio2_ws/fast_lio2_ws/install/livox_ros_driver2/share/livox_ros_driver2/environment/library_path.sh
[30.025s] -- Symlinking: /home/user/fast_lio2_ws/fast_lio2_ws/install/livox_ros_driver2/share/livox_ros_driver2/environment/library_path.dsv
[30.045s] -- Symlinking: /home/user/fast_lio2_ws/fast_lio2_ws/install/livox_ros_driver2/include/livox_ros_driver2/livox_ros_driver2/msg/detail/custom_msg__rosidl_typesupport_fastrtps_c.h
[30.062s] -- Symlinking: /home/user/fast_lio2_ws/fast_lio2_ws/install/livox_ros_driver2/include/livox_ros_driver2/livox_ros_driver2/msg/detail/custom_point__rosidl_typesupport_fastrtps_c.h
[30.083s] -- Symlinking: /home/user/fast_lio2_ws/fast_lio2_ws/install/livox_ros_driver2/include/livox_ros_driver2/livox_ros_driver2/msg/rosidl_typesupport_fastrtps_c__visibility_control.h
[30.100s] -- Symlinking: /home/user/fast_lio2_ws/fast_lio2_ws/install/livox_ros_driver2/include/livox_ros_driver2/livox_ros_driver2/msg/detail/custom_msg__rosidl_typesupport_introspection_c.h
[30.119s] -- Symlinking: /home/user/fast_lio2_ws/fast_lio2_ws/install/livox_ros_driver2/include/livox_ros_driver2/livox_ros_driver2/msg/detail/custom_point__rosidl_typesupport_introspection_c.h
[30.140s] -- Symlinking: /home/user/fast_lio2_ws/fast_lio2_ws/install/livox_ros_driver2/include/livox_ros_driver2/livox_ros_driver2/msg/rosidl_typesupport_introspection_c__visibility_control.h
[30.157s] -- Symlinking: /home/user/fast_lio2_ws/fast_lio2_ws/install/livox_ros_driver2/include/livox_ros_driver2/livox_ros_driver2/msg/custom_msg.hpp
[30.174s] -- Symlinking: /home/user/fast_lio2_ws/fast_lio2_ws/install/livox_ros_driver2/include/livox_ros_driver2/livox_ros_driver2/msg/custom_point.hpp
[30.191s] -- Symlinking: /home/user/fast_lio2_ws/fast_lio2_ws/install/livox_ros_driver2/include/livox_ros_driver2/livox_ros_driver2/msg/detail/custom_msg__builder.hpp
[30.207s] -- Symlinking: /home/user/fast_lio2_ws/fast_lio2_ws/install/livox_ros_driver2/include/livox_ros_driver2/livox_ros_driver2/msg/detail/custom_msg__struct.hpp
[30.224s] -- Symlinking: /home/user/fast_lio2_ws/fast_lio2_ws/install/livox_ros_driver2/include/livox_ros_driver2/livox_ros_driver2/msg/detail/custom_msg__traits.hpp
[30.240s] -- Symlinking: /home/user/fast_lio2_ws/fast_lio2_ws/install/livox_ros_driver2/include/livox_ros_driver2/livox_ros_driver2/msg/detail/custom_msg__type_support.hpp
[30.256s] -- Symlinking: /home/user/fast_lio2_ws/fast_lio2_ws/install/livox_ros_driver2/include/livox_ros_driver2/livox_ros_driver2/msg/detail/custom_point__builder.hpp
[30.273s] -- Symlinking: /home/user/fast_lio2_ws/fast_lio2_ws/install/livox_ros_driver2/include/livox_ros_driver2/livox_ros_driver2/msg/detail/custom_point__struct.hpp
[30.290s] -- Symlinking: /home/user/fast_lio2_ws/fast_lio2_ws/install/livox_ros_driver2/include/livox_ros_driver2/livox_ros_driver2/msg/detail/custom_point__traits.hpp
[30.306s] -- Symlinking: /home/user/fast_lio2_ws/fast_lio2_ws/install/livox_ros_driver2/include/livox_ros_driver2/livox_ros_driver2/msg/detail/custom_point__type_support.hpp
[30.323s] -- Symlinking: /home/user/fast_lio2_ws/fast_lio2_ws/install/livox_ros_driver2/include/livox_ros_driver2/livox_ros_driver2/msg/rosidl_generator_cpp__visibility_control.hpp
[30.342s] -- Symlinking: /home/user/fast_lio2_ws/fast_lio2_ws/install/livox_ros_driver2/include/livox_ros_driver2/livox_ros_driver2/msg/detail/custom_msg__rosidl_typesupport_fastrtps_cpp.hpp
[30.359s] -- Symlinking: /home/user/fast_lio2_ws/fast_lio2_ws/install/livox_ros_driver2/include/livox_ros_driver2/livox_ros_driver2/msg/detail/custom_point__rosidl_typesupport_fastrtps_cpp.hpp
[30.375s] -- Symlinking: /home/user/fast_lio2_ws/fast_lio2_ws/install/livox_ros_driver2/include/livox_ros_driver2/livox_ros_driver2/msg/rosidl_typesupport_fastrtps_cpp__visibility_control.h
[30.392s] -- Symlinking: /home/user/fast_lio2_ws/fast_lio2_ws/install/livox_ros_driver2/include/livox_ros_driver2/livox_ros_driver2/msg/detail/custom_msg__rosidl_typesupport_introspection_cpp.hpp
[30.408s] -- Symlinking: /home/user/fast_lio2_ws/fast_lio2_ws/install/livox_ros_driver2/include/livox_ros_driver2/livox_ros_driver2/msg/detail/custom_point__rosidl_typesupport_introspection_cpp.hpp
[30.425s] -- Symlinking: /home/user/fast_lio2_ws/fast_lio2_ws/install/livox_ros_driver2/share/livox_ros_driver2/environment/pythonpath.sh
[30.443s] -- Symlinking: /home/user/fast_lio2_ws/fast_lio2_ws/install/livox_ros_driver2/share/livox_ros_driver2/environment/pythonpath.dsv
[30.461s] -- Symlinking: /home/user/fast_lio2_ws/fast_lio2_ws/install/livox_ros_driver2/local/lib/python3.10/dist-packages/livox_ros_driver2-1.0.0-py3.10.egg-info/PKG-INFO
[30.478s] -- Symlinking: /home/user/fast_lio2_ws/fast_lio2_ws/install/livox_ros_driver2/local/lib/python3.10/dist-packages/livox_ros_driver2-1.0.0-py3.10.egg-info/SOURCES.txt
[30.495s] -- Symlinking: /home/user/fast_lio2_ws/fast_lio2_ws/install/livox_ros_driver2/local/lib/python3.10/dist-packages/livox_ros_driver2-1.0.0-py3.10.egg-info/dependency_links.txt
[30.511s] -- Symlinking: /home/user/fast_lio2_ws/fast_lio2_ws/install/livox_ros_driver2/local/lib/python3.10/dist-packages/livox_ros_driver2-1.0.0-py3.10.egg-info/top_level.txt
[30.530s] -- Symlinking: /home/user/fast_lio2_ws/fast_lio2_ws/install/livox_ros_driver2/local/lib/python3.10/dist-packages/livox_ros_driver2/__init__.py
[30.548s] -- Symlinking: /home/user/fast_lio2_ws/fast_lio2_ws/install/livox_ros_driver2/local/lib/python3.10/dist-packages/livox_ros_driver2/_livox_ros_driver2_s.ep.rosidl_typesupport_c.c
[30.565s] -- Symlinking: /home/user/fast_lio2_ws/fast_lio2_ws/install/livox_ros_driver2/local/lib/python3.10/dist-packages/livox_ros_driver2/_livox_ros_driver2_s.ep.rosidl_typesupport_fastrtps_c.c
[30.582s] -- Symlinking: /home/user/fast_lio2_ws/fast_lio2_ws/install/livox_ros_driver2/local/lib/python3.10/dist-packages/livox_ros_driver2/_livox_ros_driver2_s.ep.rosidl_typesupport_introspection_c.c
[30.599s] -- Symlinking: /home/user/fast_lio2_ws/fast_lio2_ws/install/livox_ros_driver2/local/lib/python3.10/dist-packages/livox_ros_driver2/liblivox_interfaces2__rosidl_generator_py.so
[30.616s] -- Symlinking: /home/user/fast_lio2_ws/fast_lio2_ws/install/livox_ros_driver2/local/lib/python3.10/dist-packages/livox_ros_driver2/livox_ros_driver2_s__rosidl_typesupport_c.cpython-310-aarch64-linux-gnu.so
[30.632s] -- Symlinking: /home/user/fast_lio2_ws/fast_lio2_ws/install/livox_ros_driver2/local/lib/python3.10/dist-packages/livox_ros_driver2/livox_ros_driver2_s__rosidl_typesupport_fastrtps_c.cpython-310-aarch64-linux-gnu.so
[30.650s] -- Symlinking: /home/user/fast_lio2_ws/fast_lio2_ws/install/livox_ros_driver2/local/lib/python3.10/dist-packages/livox_ros_driver2/livox_ros_driver2_s__rosidl_typesupport_introspection_c.cpython-310-aarch64-linux-gnu.so
[30.668s] -- Symlinking: /home/user/fast_lio2_ws/fast_lio2_ws/install/livox_ros_driver2/local/lib/python3.10/dist-packages/livox_ros_driver2/msg/__init__.py
[30.685s] -- Symlinking: /home/user/fast_lio2_ws/fast_lio2_ws/install/livox_ros_driver2/local/lib/python3.10/dist-packages/livox_ros_driver2/msg/_custom_msg.py
[30.703s] -- Symlinking: /home/user/fast_lio2_ws/fast_lio2_ws/install/livox_ros_driver2/local/lib/python3.10/dist-packages/livox_ros_driver2/msg/_custom_msg_s.c
[30.719s] -- Symlinking: /home/user/fast_lio2_ws/fast_lio2_ws/install/livox_ros_driver2/local/lib/python3.10/dist-packages/livox_ros_driver2/msg/_custom_point.py
[30.736s] -- Symlinking: /home/user/fast_lio2_ws/fast_lio2_ws/install/livox_ros_driver2/local/lib/python3.10/dist-packages/livox_ros_driver2/msg/_custom_point_s.c
[30.754s] -- Up-to-date symlink: /home/user/fast_lio2_ws/fast_lio2_ws/install/livox_ros_driver2/local/lib/python3.10/dist-packages/livox_ros_driver2/livox_ros_driver2_s__rosidl_typesupport_fastrtps_c.cpython-310-aarch64-linux-gnu.so
[30.754s] -- Up-to-date symlink: /home/user/fast_lio2_ws/fast_lio2_ws/install/livox_ros_driver2/local/lib/python3.10/dist-packages/livox_ros_driver2/livox_ros_driver2_s__rosidl_typesupport_introspection_c.cpython-310-aarch64-linux-gnu.so
[30.755s] -- Up-to-date symlink: /home/user/fast_lio2_ws/fast_lio2_ws/install/livox_ros_driver2/local/lib/python3.10/dist-packages/livox_ros_driver2/livox_ros_driver2_s__rosidl_typesupport_c.cpython-310-aarch64-linux-gnu.so
[30.756s] -- Symlinking: /home/user/fast_lio2_ws/fast_lio2_ws/install/livox_ros_driver2/share/ament_index/resource_index/rust_packages/livox_ros_driver2
[30.775s] -- Symlinking: /home/user/fast_lio2_ws/fast_lio2_ws/install/livox_ros_driver2/share/livox_ros_driver2/rust/Cargo.toml
[30.791s] -- Symlinking: /home/user/fast_lio2_ws/fast_lio2_ws/install/livox_ros_driver2/share/livox_ros_driver2/rust/build.rs
[30.807s] -- Symlinking: /home/user/fast_lio2_ws/fast_lio2_ws/install/livox_ros_driver2/share/livox_ros_driver2/rust/src/lib.rs
[30.823s] -- Symlinking: /home/user/fast_lio2_ws/fast_lio2_ws/install/livox_ros_driver2/share/livox_ros_driver2/rust/src/msg.rs
[30.841s] -- Symlinking: /home/user/fast_lio2_ws/fast_lio2_ws/install/livox_ros_driver2/share/livox_ros_driver2/rust/src/msg/rmw.rs
[30.857s] -- Symlinking: /home/user/fast_lio2_ws/fast_lio2_ws/install/livox_ros_driver2/share/livox_ros_driver2/msg/CustomPoint.idl
[30.874s] -- Symlinking: /home/user/fast_lio2_ws/fast_lio2_ws/install/livox_ros_driver2/share/livox_ros_driver2/msg/CustomMsg.idl
[30.890s] -- Symlinking: /home/user/fast_lio2_ws/fast_lio2_ws/install/livox_ros_driver2/share/livox_ros_driver2/msg/CustomPoint.msg
[30.907s] -- Symlinking: /home/user/fast_lio2_ws/fast_lio2_ws/install/livox_ros_driver2/share/livox_ros_driver2/msg/CustomMsg.msg
[30.927s] -- Symlinking: /home/user/fast_lio2_ws/fast_lio2_ws/install/livox_ros_driver2/lib/livox_ros_driver2/livox_ros_driver2_node
[30.944s] -- Symlinking: /home/user/fast_lio2_ws/fast_lio2_ws/install/livox_ros_driver2/lib/liblivox_ros_driver2.so
[30.962s] -- Symlinking: /home/user/fast_lio2_ws/fast_lio2_ws/install/livox_ros_driver2/share/livox_ros_driver2/config/HAP_config.json
[30.978s] -- Symlinking: /home/user/fast_lio2_ws/fast_lio2_ws/install/livox_ros_driver2/share/livox_ros_driver2/config/MID360_config.json
[30.995s] -- Symlinking: /home/user/fast_lio2_ws/fast_lio2_ws/install/livox_ros_driver2/share/livox_ros_driver2/config/display_point_cloud_ROS1.rviz
[31.012s] -- Symlinking: /home/user/fast_lio2_ws/fast_lio2_ws/install/livox_ros_driver2/share/livox_ros_driver2/config/display_point_cloud_ROS2.rviz
[31.028s] -- Symlinking: /home/user/fast_lio2_ws/fast_lio2_ws/install/livox_ros_driver2/share/livox_ros_driver2/config/mixed_HAP_MID360_config.json
[31.046s] -- Symlinking: /home/user/fast_lio2_ws/fast_lio2_ws/install/livox_ros_driver2/share/livox_ros_driver2/launch_ROS2/msg_HAP_launch.py
[31.063s] -- Symlinking: /home/user/fast_lio2_ws/fast_lio2_ws/install/livox_ros_driver2/share/livox_ros_driver2/launch_ROS2/msg_MID360_launch.py
[31.081s] -- Symlinking: /home/user/fast_lio2_ws/fast_lio2_ws/install/livox_ros_driver2/share/livox_ros_driver2/launch_ROS2/rviz_HAP_launch.py
[31.098s] -- Symlinking: /home/user/fast_lio2_ws/fast_lio2_ws/install/livox_ros_driver2/share/livox_ros_driver2/launch_ROS2/rviz_MID360_launch.py
[31.115s] -- Symlinking: /home/user/fast_lio2_ws/fast_lio2_ws/install/livox_ros_driver2/share/livox_ros_driver2/launch_ROS2/rviz_mixed.py
[31.132s] -- Symlinking: /home/user/fast_lio2_ws/fast_lio2_ws/install/livox_ros_driver2/share/ament_index/resource_index/package_run_dependencies/livox_ros_driver2
[31.150s] -- Symlinking: /home/user/fast_lio2_ws/fast_lio2_ws/install/livox_ros_driver2/share/ament_index/resource_index/parent_prefix_path/livox_ros_driver2
[31.166s] -- Symlinking: /home/user/fast_lio2_ws/fast_lio2_ws/install/livox_ros_driver2/share/livox_ros_driver2/environment/ament_prefix_path.sh
[31.184s] -- Symlinking: /home/user/fast_lio2_ws/fast_lio2_ws/install/livox_ros_driver2/share/livox_ros_driver2/environment/ament_prefix_path.dsv
[31.200s] -- Symlinking: /home/user/fast_lio2_ws/fast_lio2_ws/install/livox_ros_driver2/share/livox_ros_driver2/environment/path.sh
[31.217s] -- Symlinking: /home/user/fast_lio2_ws/fast_lio2_ws/install/livox_ros_driver2/share/livox_ros_driver2/environment/path.dsv
[31.234s] -- Symlinking: /home/user/fast_lio2_ws/fast_lio2_ws/install/livox_ros_driver2/share/livox_ros_driver2/local_setup.bash
[31.250s] -- Symlinking: /home/user/fast_lio2_ws/fast_lio2_ws/install/livox_ros_driver2/share/livox_ros_driver2/local_setup.sh
[31.266s] -- Symlinking: /home/user/fast_lio2_ws/fast_lio2_ws/install/livox_ros_driver2/share/livox_ros_driver2/local_setup.zsh
[31.285s] -- Symlinking: /home/user/fast_lio2_ws/fast_lio2_ws/install/livox_ros_driver2/share/livox_ros_driver2/local_setup.dsv
[31.303s] -- Symlinking: /home/user/fast_lio2_ws/fast_lio2_ws/install/livox_ros_driver2/share/livox_ros_driver2/package.dsv
[31.321s] -- Symlinking: /home/user/fast_lio2_ws/fast_lio2_ws/install/livox_ros_driver2/share/ament_index/resource_index/packages/livox_ros_driver2
[31.344s] -- Symlinking: /home/user/fast_lio2_ws/fast_lio2_ws/install/livox_ros_driver2/share/ament_index/resource_index/rclcpp_components/livox_ros_driver2
[31.360s] -- Symlinking: /home/user/fast_lio2_ws/fast_lio2_ws/install/livox_ros_driver2/share/livox_ros_driver2/cmake/rosidl_cmake-extras.cmake
[31.376s] -- Symlinking: /home/user/fast_lio2_ws/fast_lio2_ws/install/livox_ros_driver2/share/livox_ros_driver2/cmake/ament_cmake_export_dependencies-extras.cmake
[31.393s] -- Symlinking: /home/user/fast_lio2_ws/fast_lio2_ws/install/livox_ros_driver2/share/livox_ros_driver2/cmake/ament_cmake_export_include_directories-extras.cmake
[31.409s] -- Symlinking: /home/user/fast_lio2_ws/fast_lio2_ws/install/livox_ros_driver2/share/livox_ros_driver2/cmake/ament_cmake_export_libraries-extras.cmake
[31.425s] -- Symlinking: /home/user/fast_lio2_ws/fast_lio2_ws/install/livox_ros_driver2/share/livox_ros_driver2/cmake/ament_cmake_export_targets-extras.cmake
[31.442s] -- Symlinking: /home/user/fast_lio2_ws/fast_lio2_ws/install/livox_ros_driver2/share/livox_ros_driver2/cmake/rosidl_cmake_export_typesupport_targets-extras.cmake
[31.462s] -- Symlinking: /home/user/fast_lio2_ws/fast_lio2_ws/install/livox_ros_driver2/share/livox_ros_driver2/cmake/rosidl_cmake_export_typesupport_libraries-extras.cmake
[31.480s] -- Symlinking: /home/user/fast_lio2_ws/fast_lio2_ws/install/livox_ros_driver2/share/livox_ros_driver2/cmake/livox_ros_driver2Config.cmake
[31.498s] -- Symlinking: /home/user/fast_lio2_ws/fast_lio2_ws/install/livox_ros_driver2/share/livox_ros_driver2/cmake/livox_ros_driver2Config-version.cmake
[31.519s] -- Symlinking: /home/user/fast_lio2_ws/fast_lio2_ws/install/livox_ros_driver2/share/livox_ros_driver2/package.xml
[31.540s] -- Installing: /home/user/fast_lio2_ws/fast_lio2_ws/install/livox_ros_driver2/lib/liblivox_ros_driver2__rosidl_generator_c.so
[31.541s] -- Set runtime path of "/home/user/fast_lio2_ws/fast_lio2_ws/install/livox_ros_driver2/lib/liblivox_ros_driver2__rosidl_generator_c.so" to ""
[31.541s] -- Installing: /home/user/fast_lio2_ws/fast_lio2_ws/install/livox_ros_driver2/lib/liblivox_ros_driver2__rosidl_typesupport_fastrtps_c.so
[31.542s] -- Set runtime path of "/home/user/fast_lio2_ws/fast_lio2_ws/install/livox_ros_driver2/lib/liblivox_ros_driver2__rosidl_typesupport_fastrtps_c.so" to ""
[31.542s] -- Installing: /home/user/fast_lio2_ws/fast_lio2_ws/install/livox_ros_driver2/lib/liblivox_ros_driver2__rosidl_typesupport_introspection_c.so
[31.543s] -- Set runtime path of "/home/user/fast_lio2_ws/fast_lio2_ws/install/livox_ros_driver2/lib/liblivox_ros_driver2__rosidl_typesupport_introspection_c.so" to ""
[31.544s] -- Installing: /home/user/fast_lio2_ws/fast_lio2_ws/install/livox_ros_driver2/lib/liblivox_ros_driver2__rosidl_typesupport_c.so
[31.544s] -- Set runtime path of "/home/user/fast_lio2_ws/fast_lio2_ws/install/livox_ros_driver2/lib/liblivox_ros_driver2__rosidl_typesupport_c.so" to ""
[31.544s] -- Installing: /home/user/fast_lio2_ws/fast_lio2_ws/install/livox_ros_driver2/lib/liblivox_ros_driver2__rosidl_typesupport_fastrtps_cpp.so
[31.545s] -- Set runtime path of "/home/user/fast_lio2_ws/fast_lio2_ws/install/livox_ros_driver2/lib/liblivox_ros_driver2__rosidl_typesupport_fastrtps_cpp.so" to ""
[31.545s] -- Installing: /home/user/fast_lio2_ws/fast_lio2_ws/install/livox_ros_driver2/lib/liblivox_ros_driver2__rosidl_typesupport_introspection_cpp.so
[31.547s] -- Set runtime path of "/home/user/fast_lio2_ws/fast_lio2_ws/install/livox_ros_driver2/lib/liblivox_ros_driver2__rosidl_typesupport_introspection_cpp.so" to ""
[31.547s] -- Installing: /home/user/fast_lio2_ws/fast_lio2_ws/install/livox_ros_driver2/lib/liblivox_ros_driver2__rosidl_typesupport_cpp.so
[31.548s] -- Set runtime path of "/home/user/fast_lio2_ws/fast_lio2_ws/install/livox_ros_driver2/lib/liblivox_ros_driver2__rosidl_typesupport_cpp.so" to ""
[31.640s] Listing '/home/user/fast_lio2_ws/fast_lio2_ws/install/livox_ros_driver2/local/lib/python3.10/dist-packages/livox_ros_driver2'...
[31.640s] Compiling '/home/user/fast_lio2_ws/fast_lio2_ws/install/livox_ros_driver2/local/lib/python3.10/dist-packages/livox_ros_driver2/__init__.py'...
[31.640s] Listing '/home/user/fast_lio2_ws/fast_lio2_ws/install/livox_ros_driver2/local/lib/python3.10/dist-packages/livox_ros_driver2/msg'...
[31.641s] Compiling '/home/user/fast_lio2_ws/fast_lio2_ws/install/livox_ros_driver2/local/lib/python3.10/dist-packages/livox_ros_driver2/msg/__init__.py'...
[31.641s] Compiling '/home/user/fast_lio2_ws/fast_lio2_ws/install/livox_ros_driver2/local/lib/python3.10/dist-packages/livox_ros_driver2/msg/_custom_msg.py'...
[31.641s] Compiling '/home/user/fast_lio2_ws/fast_lio2_ws/install/livox_ros_driver2/local/lib/python3.10/dist-packages/livox_ros_driver2/msg/_custom_point.py'...
[31.654s] -- Installing: /home/user/fast_lio2_ws/fast_lio2_ws/install/livox_ros_driver2/lib/liblivox_interfaces2__rosidl_generator_py.so
[31.655s] -- Set runtime path of "/home/user/fast_lio2_ws/fast_lio2_ws/install/livox_ros_driver2/lib/liblivox_interfaces2__rosidl_generator_py.so" to ""
[31.656s] -- Installing: /home/user/fast_lio2_ws/fast_lio2_ws/install/livox_ros_driver2/share/livox_ros_driver2/cmake/export_livox_interfaces2__rosidl_generator_cExport.cmake
[31.656s] -- Installing: /home/user/fast_lio2_ws/fast_lio2_ws/install/livox_ros_driver2/share/livox_ros_driver2/cmake/export_livox_interfaces2__rosidl_generator_cExport-noconfig.cmake
[31.656s] -- Installing: /home/user/fast_lio2_ws/fast_lio2_ws/install/livox_ros_driver2/share/livox_ros_driver2/cmake/export_livox_interfaces2__rosidl_typesupport_fastrtps_cExport.cmake
[31.657s] -- Installing: /home/user/fast_lio2_ws/fast_lio2_ws/install/livox_ros_driver2/share/livox_ros_driver2/cmake/export_livox_interfaces2__rosidl_typesupport_fastrtps_cExport-noconfig.cmake
[31.657s] -- Installing: /home/user/fast_lio2_ws/fast_lio2_ws/install/livox_ros_driver2/share/livox_ros_driver2/cmake/livox_interfaces2__rosidl_typesupport_introspection_cExport.cmake
[31.658s] -- Installing: /home/user/fast_lio2_ws/fast_lio2_ws/install/livox_ros_driver2/share/livox_ros_driver2/cmake/livox_interfaces2__rosidl_typesupport_introspection_cExport-noconfig.cmake
[31.658s] -- Installing: /home/user/fast_lio2_ws/fast_lio2_ws/install/livox_ros_driver2/share/livox_ros_driver2/cmake/livox_interfaces2__rosidl_typesupport_cExport.cmake
[31.659s] -- Installing: /home/user/fast_lio2_ws/fast_lio2_ws/install/livox_ros_driver2/share/livox_ros_driver2/cmake/livox_interfaces2__rosidl_typesupport_cExport-noconfig.cmake
[31.660s] -- Installing: /home/user/fast_lio2_ws/fast_lio2_ws/install/livox_ros_driver2/share/livox_ros_driver2/cmake/export_livox_interfaces2__rosidl_generator_cppExport.cmake
[31.660s] -- Installing: /home/user/fast_lio2_ws/fast_lio2_ws/install/livox_ros_driver2/share/livox_ros_driver2/cmake/export_livox_interfaces2__rosidl_typesupport_fastrtps_cppExport.cmake
[31.660s] -- Installing: /home/user/fast_lio2_ws/fast_lio2_ws/install/livox_ros_driver2/share/livox_ros_driver2/cmake/export_livox_interfaces2__rosidl_typesupport_fastrtps_cppExport-noconfig.cmake
[31.660s] -- Installing: /home/user/fast_lio2_ws/fast_lio2_ws/install/livox_ros_driver2/share/livox_ros_driver2/cmake/livox_interfaces2__rosidl_typesupport_introspection_cppExport.cmake
[31.661s] -- Installing: /home/user/fast_lio2_ws/fast_lio2_ws/install/livox_ros_driver2/share/livox_ros_driver2/cmake/livox_interfaces2__rosidl_typesupport_introspection_cppExport-noconfig.cmake
[31.661s] -- Installing: /home/user/fast_lio2_ws/fast_lio2_ws/install/livox_ros_driver2/share/livox_ros_driver2/cmake/livox_interfaces2__rosidl_typesupport_cppExport.cmake
[31.661s] -- Installing: /home/user/fast_lio2_ws/fast_lio2_ws/install/livox_ros_driver2/share/livox_ros_driver2/cmake/livox_interfaces2__rosidl_typesupport_cppExport-noconfig.cmake
[31.661s] -- Installing: /home/user/fast_lio2_ws/fast_lio2_ws/install/livox_ros_driver2/share/livox_ros_driver2/cmake/export_livox_interfaces2__rosidl_generator_pyExport.cmake
[31.661s] -- Installing: /home/user/fast_lio2_ws/fast_lio2_ws/install/livox_ros_driver2/share/livox_ros_driver2/cmake/export_livox_interfaces2__rosidl_generator_pyExport-noconfig.cmake
[31.668s] Invoked command in '/home/user/fast_lio2_ws/fast_lio2_ws/build/livox_ros_driver2' returned '0': CMAKE_PREFIX_PATH=/opt/ros/humble /usr/bin/cmake --install /home/user/fast_lio2_ws/fast_lio2_ws/build/livox_ros_driver2
