[0.017s] Invoking command in '/home/user/fast_lio2_ws/fast_lio2_ws/build/fast_lio': AMENT_PREFIX_PATH=/home/user/fast_lio2_ws/fast_lio2_ws/install/livox_ros_driver2:${AMENT_PREFIX_PATH} CMAKE_PREFIX_PATH=/home/user/fast_lio2_ws/fast_lio2_ws/install/livox_ros_driver2:/opt/ros/humble LD_LIBRARY_PATH=/home/user/fast_lio2_ws/fast_lio2_ws/install/livox_ros_driver2/lib:/opt/ros/humble/opt/rviz_ogre_vendor/lib:/opt/ros/humble/lib/aarch64-linux-gnu:/opt/ros/humble/lib:/usr/local/cuda-12.6/lib64 PYTHONPATH=/home/user/fast_lio2_ws/fast_lio2_ws/install/livox_ros_driver2/local/lib/python3.10/dist-packages:${PYTHONPATH} /usr/bin/cmake /home/user/fast_lio2_ws/fast_lio2_ws/src/FAST_LIO_ROS2/FAST_LIO -DAMENT_CMAKE_SYMLINK_INSTALL=1 -DCMAKE_INSTALL_PREFIX=/home/user/fast_lio2_ws/fast_lio2_ws/install/fast_lio
[0.122s] -- The C compiler identification is GNU 11.4.0
[0.232s] -- The CXX compiler identification is GNU 11.4.0
[0.247s] -- Detecting C compiler ABI info
[0.387s] -- Detecting C compiler ABI info - done
[0.411s] -- Check for working C compiler: /usr/bin/cc - skipped
[0.411s] -- Detecting C compile features
[0.413s] -- Detecting C compile features - done
[0.423s] -- Detecting CXX compiler ABI info
[0.575s] -- Detecting CXX compiler ABI info - done
[0.593s] -- Check for working CXX compiler: /usr/bin/c++ - skipped
[0.594s] -- Detecting CXX compile features
[0.595s] -- Detecting CXX compile features - done
[0.597s] Current CPU archtecture: aarch64
[1.308s] -- Found PythonLibs: /usr/lib/aarch64-linux-gnu/libpython3.10.so (found version "3.10.12") 
[1.314s] -- Found ament_cmake: 1.3.14 (/opt/ros/humble/share/ament_cmake/cmake)
[1.634s] -- Found Python3: /usr/bin/python3 (found version "3.10.12") found components: Interpreter 
[1.779s] -- Override CMake install command with custom implementation using symlinks instead of copying resources
[1.847s] -- Found rclcpp: 16.0.19 (/opt/ros/humble/share/rclcpp/cmake)
[1.919s] -- Found rosidl_generator_c: 3.1.8 (/opt/ros/humble/share/rosidl_generator_c/cmake)
[1.927s] -- Found rosidl_adapter: 3.1.8 (/opt/ros/humble/share/rosidl_adapter/cmake)
[1.942s] -- Found rosidl_generator_cpp: 3.1.8 (/opt/ros/humble/share/rosidl_generator_cpp/cmake)
[1.964s] -- Using all available rosidl_typesupport_c: rosidl_typesupport_fastrtps_c;rosidl_typesupport_introspection_c
[1.993s] -- Using all available rosidl_typesupport_cpp: rosidl_typesupport_fastrtps_cpp;rosidl_typesupport_introspection_cpp
[2.072s] -- Found rmw_implementation_cmake: 6.1.2 (/opt/ros/humble/share/rmw_implementation_cmake/cmake)
[2.076s] -- Found rmw_fastrtps_cpp: 6.2.10 (/opt/ros/humble/share/rmw_fastrtps_cpp/cmake)
[2.273s] -- Found OpenSSL: /usr/lib/aarch64-linux-gnu/libcrypto.so (found version "3.0.2")  
[2.326s] -- Found FastRTPS: /opt/ros/humble/include  
[2.408s] -- Using RMW implementation 'rmw_fastrtps_cpp' as default
[2.424s] -- Looking for pthread.h
[2.562s] -- Looking for pthread.h - found
[2.563s] -- Performing Test CMAKE_HAVE_LIBC_PTHREAD
[2.709s] -- Performing Test CMAKE_HAVE_LIBC_PTHREAD - Success
[2.712s] -- Found Threads: TRUE  
[2.814s] -- Found rclcpp_components: 16.0.19 (/opt/ros/humble/share/rclcpp_components/cmake)
[2.868s] -- Found geometry_msgs: 4.9.1 (/opt/ros/humble/share/geometry_msgs/cmake)
[2.893s] -- Found nav_msgs: 4.9.1 (/opt/ros/humble/share/nav_msgs/cmake)
[2.925s] -- Found sensor_msgs: 4.9.1 (/opt/ros/humble/share/sensor_msgs/cmake)
[2.958s] -- Found std_srvs: 4.9.1 (/opt/ros/humble/share/std_srvs/cmake)
[2.976s] -- Found visualization_msgs: 4.9.1 (/opt/ros/humble/share/visualization_msgs/cmake)
[3.014s] -- Found pcl_ros: 2.4.5 (/opt/ros/humble/share/pcl_ros/cmake)
[3.093s] -- Checking for module 'eigen3'
[3.120s] --   Found eigen3, version 3.4.0
[3.185s] -- Found Eigen: /usr/include/eigen3 (Required is at least version "3.1") 
[3.185s] -- Eigen found (include: /usr/include/eigen3, version: 3.4.0)
[3.247s] -- Checking for module 'flann'
[3.274s] --   Found flann, version 1.9.1
[3.346s] -- Found FLANN: /usr/lib/aarch64-linux-gnu/libflann_cpp.so  
[3.347s] -- FLANN found (include: /usr/include, lib: /usr/lib/aarch64-linux-gnu/libflann_cpp.so)
[5.103s] -- Checking for module 'libusb-1.0'
[5.129s] --   Found libusb-1.0, version 1.0.25
[5.201s] -- Found libusb: /usr/lib/aarch64-linux-gnu/libusb-1.0.so  
[5.204s] -- OpenNI found (version: 1.5.4.0, include: /usr/include/ni, lib: /usr/lib/libOpenNI.so;libusb::libusb)
[5.317s] -- OpenNI2 found (version: 2.2.0.33, include: /usr/include/openni2, lib: /usr/lib/aarch64-linux-gnu/libOpenNI2.so;libusb::libusb)
[5.676s] -- Eigen found (include: /usr/include/eigen3, version: 3.4.0)
[5.689s] -- OpenNI found (version: 1.5.4.0, include: /usr/include/ni, lib: /usr/lib/libOpenNI.so;libusb::libusb)
[5.701s] -- OpenNI2 found (version: 2.2.0.33, include: /usr/include/openni2, lib: /usr/lib/aarch64-linux-gnu/libOpenNI2.so;libusb::libusb)
[6.032s] -- Found Qhull version 8.0.2
[6.378s] -- OpenNI found (version: 1.5.4.0, include: /usr/include/ni, lib: /usr/lib/libOpenNI.so;libusb::libusb)
[6.713s] -- Found PCL_COMMON: /usr/lib/aarch64-linux-gnu/libpcl_common.so  
[6.714s] -- Found PCL_KDTREE: /usr/lib/aarch64-linux-gnu/libpcl_kdtree.so  
[6.716s] -- Found PCL_OCTREE: /usr/lib/aarch64-linux-gnu/libpcl_octree.so  
[6.717s] -- Found PCL_SEARCH: /usr/lib/aarch64-linux-gnu/libpcl_search.so  
[6.719s] -- Found PCL_SAMPLE_CONSENSUS: /usr/lib/aarch64-linux-gnu/libpcl_sample_consensus.so  
[6.721s] -- Found PCL_FILTERS: /usr/lib/aarch64-linux-gnu/libpcl_filters.so  
[6.722s] -- Found PCL_2D: /usr/include/pcl-1.12  
[6.722s] -- Found PCL_GEOMETRY: /usr/include/pcl-1.12  
[6.724s] -- Found PCL_IO: /usr/lib/aarch64-linux-gnu/libpcl_io.so  
[6.725s] -- Found PCL_FEATURES: /usr/lib/aarch64-linux-gnu/libpcl_features.so  
[6.727s] -- Found PCL_ML: /usr/lib/aarch64-linux-gnu/libpcl_ml.so  
[6.729s] -- Found PCL_SEGMENTATION: /usr/lib/aarch64-linux-gnu/libpcl_segmentation.so  
[6.731s] -- Found PCL_VISUALIZATION: /usr/lib/aarch64-linux-gnu/libpcl_visualization.so  
[6.733s] -- Found PCL_SURFACE: /usr/lib/aarch64-linux-gnu/libpcl_surface.so  
[6.734s] -- Found PCL_REGISTRATION: /usr/lib/aarch64-linux-gnu/libpcl_registration.so  
[6.736s] -- Found PCL_KEYPOINTS: /usr/lib/aarch64-linux-gnu/libpcl_keypoints.so  
[6.738s] -- Found PCL_TRACKING: /usr/lib/aarch64-linux-gnu/libpcl_tracking.so  
[6.739s] -- Found PCL_RECOGNITION: /usr/lib/aarch64-linux-gnu/libpcl_recognition.so  
[6.741s] -- Found PCL_STEREO: /usr/lib/aarch64-linux-gnu/libpcl_stereo.so  
[6.743s] -- Found PCL_APPS: /usr/lib/aarch64-linux-gnu/libpcl_apps.so  
[6.745s] -- Found PCL_IN_HAND_SCANNER: /usr/include/pcl-1.12  
[6.745s] -- Found PCL_MODELER: /usr/include/pcl-1.12  
[6.746s] -- Found PCL_POINT_CLOUD_EDITOR: /usr/include/pcl-1.12  
[6.748s] -- Found PCL_OUTOFCORE: /usr/lib/aarch64-linux-gnu/libpcl_outofcore.so  
[6.749s] -- Found PCL_PEOPLE: /usr/lib/aarch64-linux-gnu/libpcl_people.so  
[6.803s] -- Found eigen3_cmake_module: 0.1.1 (/opt/ros/humble/share/eigen3_cmake_module/cmake)
[6.806s] -- Found Eigen3: TRUE (found version "3.4.0") 
[6.806s] -- Ensuring Eigen3 include directory is part of orocos-kdl CMake target
[6.937s] -- Found livox_ros_driver2: 1.0.0 (/home/user/fast_lio2_ws/fast_lio2_ws/install/livox_ros_driver2/share/livox_ros_driver2/cmake)
[6.977s] -- Found rosidl_default_generators: 1.2.1 (/opt/ros/humble/share/rosidl_default_generators/cmake)
[7.003s] CMake Warning (dev) at CMakeLists.txt:81 (find_package):
[7.003s]   Policy CMP0074 is not set: find_package uses <PackageName>_ROOT variables.
[7.003s]   Run "cmake --help-policy CMP0074" for policy details.  Use the cmake_policy
[7.003s]   command to set the policy and suppress this warning.
[7.003s] 
[7.003s]   CMake variable PCL_ROOT is set to:
[7.004s] 
[7.004s]     /usr
[7.004s] 
[7.004s]   For compatibility, CMake is ignoring the variable.
[7.004s] This warning is for project developers.  Use -Wno-dev to suppress it.
[7.004s] 
[7.019s] Eigen:/usr/include/eigen3
[7.019s] -- PCL: /usr/include/pcl-1.12
[7.571s] -- Found ament_cmake_ros: 0.10.0 (/opt/ros/humble/share/ament_cmake_ros/cmake)
[8.248s] -- Using all available rosidl_typesupport_c: rosidl_typesupport_fastrtps_c;rosidl_typesupport_introspection_c
[8.521s] -- Using all available rosidl_typesupport_cpp: rosidl_typesupport_fastrtps_cpp;rosidl_typesupport_introspection_cpp
[8.576s] -- Found PythonInterp: /usr/bin/python3 (found suitable version "3.10.12", minimum required is "3.6") 
[8.582s] -- Found python_cmake_module: 0.10.0 (/opt/ros/humble/share/python_cmake_module/cmake)
[8.634s] -- Found PythonLibs: /usr/lib/aarch64-linux-gnu/libpython3.10.so (found suitable version "3.10.12", minimum required is "3.5") 
[8.634s] -- Using PYTHON_EXECUTABLE: /usr/bin/python3
[8.634s] -- Using PYTHON_INCLUDE_DIRS: /usr/include/python3.10
[8.635s] -- Using PYTHON_LIBRARIES: /usr/lib/aarch64-linux-gnu/libpython3.10.so
[8.679s] -- Found PythonExtra: .so  
[8.986s] -- Configuring done
[9.146s] -- Generating done
[9.192s] -- Build files have been written to: /home/user/fast_lio2_ws/fast_lio2_ws/build/fast_lio
[9.247s] Invoked command in '/home/user/fast_lio2_ws/fast_lio2_ws/build/fast_lio' returned '0': AMENT_PREFIX_PATH=/home/user/fast_lio2_ws/fast_lio2_ws/install/livox_ros_driver2:${AMENT_PREFIX_PATH} CMAKE_PREFIX_PATH=/home/user/fast_lio2_ws/fast_lio2_ws/install/livox_ros_driver2:/opt/ros/humble LD_LIBRARY_PATH=/home/user/fast_lio2_ws/fast_lio2_ws/install/livox_ros_driver2/lib:/opt/ros/humble/opt/rviz_ogre_vendor/lib:/opt/ros/humble/lib/aarch64-linux-gnu:/opt/ros/humble/lib:/usr/local/cuda-12.6/lib64 PYTHONPATH=/home/user/fast_lio2_ws/fast_lio2_ws/install/livox_ros_driver2/local/lib/python3.10/dist-packages:${PYTHONPATH} /usr/bin/cmake /home/user/fast_lio2_ws/fast_lio2_ws/src/FAST_LIO_ROS2/FAST_LIO -DAMENT_CMAKE_SYMLINK_INSTALL=1 -DCMAKE_INSTALL_PREFIX=/home/user/fast_lio2_ws/fast_lio2_ws/install/fast_lio
[9.252s] Invoking command in '/home/user/fast_lio2_ws/fast_lio2_ws/build/fast_lio': AMENT_PREFIX_PATH=/home/user/fast_lio2_ws/fast_lio2_ws/install/livox_ros_driver2:${AMENT_PREFIX_PATH} CMAKE_PREFIX_PATH=/home/user/fast_lio2_ws/fast_lio2_ws/install/livox_ros_driver2:/opt/ros/humble LD_LIBRARY_PATH=/home/user/fast_lio2_ws/fast_lio2_ws/install/livox_ros_driver2/lib:/opt/ros/humble/opt/rviz_ogre_vendor/lib:/opt/ros/humble/lib/aarch64-linux-gnu:/opt/ros/humble/lib:/usr/local/cuda-12.6/lib64 PYTHONPATH=/home/user/fast_lio2_ws/fast_lio2_ws/install/livox_ros_driver2/local/lib/python3.10/dist-packages:${PYTHONPATH} /usr/bin/cmake --build /home/user/fast_lio2_ws/fast_lio2_ws/build/fast_lio -- -j8 -l8
[9.337s] [  2%] Generating C code for ROS interfaces
[9.355s] [  5%] Generating Rust code for ROS interfaces
[9.357s] [  8%] Generating C++ code for ROS interfaces
[9.371s] [  8%] Built target ament_cmake_python_symlink_fast_lio
[9.884s] running egg_info
[9.885s] creating fast_lio.egg-info
[9.886s] writing fast_lio.egg-info/PKG-INFO
[9.886s] writing dependency_links to fast_lio.egg-info/dependency_links.txt
[9.887s] writing top-level names to fast_lio.egg-info/top_level.txt
[9.887s] writing manifest file 'fast_lio.egg-info/SOURCES.txt'
[9.892s] reading manifest file 'fast_lio.egg-info/SOURCES.txt'
[9.893s] writing manifest file 'fast_lio.egg-info/SOURCES.txt'
[9.968s] [  8%] Built target ament_cmake_python_build_fast_lio_egg
[9.972s] [  8%] Built target fast_lio__rs
[10.002s] [  8%] Built target fast_lio__cpp
[10.021s] [ 16%] Generating C++ type support dispatch for ROS interfaces
[10.021s] [ 16%] Generating C++ type support for eProsima Fast-RTPS
[10.021s] [ 16%] Generating C++ introspection for ROS interfaces
[10.041s] [ 19%] Building C object CMakeFiles/fast_lio__rosidl_generator_c.dir/rosidl_generator_c/fast_lio/msg/detail/pose6_d__functions.c.o
[10.267s] [ 22%] Linking C shared library libfast_lio__rosidl_generator_c.so
[10.335s] [ 22%] Built target fast_lio__rosidl_generator_c
[10.354s] [ 30%] Generating C type support dispatch for ROS interfaces
[10.354s] [ 30%] Generating C type support for eProsima Fast-RTPS
[10.354s] [ 30%] Generating C introspection for ROS interfaces
[10.618s] [ 33%] Building CXX object CMakeFiles/fast_lio__rosidl_typesupport_cpp.dir/rosidl_typesupport_cpp/fast_lio/msg/pose6_d__type_support.cpp.o
[10.659s] [ 36%] Building CXX object CMakeFiles/fast_lio__rosidl_typesupport_introspection_cpp.dir/rosidl_typesupport_introspection_cpp/fast_lio/msg/detail/pose6_d__type_support.cpp.o
[10.672s] [ 38%] Building CXX object CMakeFiles/fast_lio__rosidl_typesupport_fastrtps_cpp.dir/rosidl_typesupport_fastrtps_cpp/fast_lio/msg/detail/dds_fastrtps/pose6_d__type_support.cpp.o
[10.964s] [ 41%] Building CXX object CMakeFiles/fast_lio__rosidl_typesupport_c.dir/rosidl_typesupport_c/fast_lio/msg/pose6_d__type_support.cpp.o
[11.030s] [ 44%] Building CXX object CMakeFiles/fast_lio__rosidl_typesupport_fastrtps_c.dir/rosidl_typesupport_fastrtps_c/fast_lio/msg/detail/pose6_d__type_support_c.cpp.o
[11.047s] [ 47%] Linking CXX shared library libfast_lio__rosidl_typesupport_c.so
[11.117s] [ 50%] Building C object CMakeFiles/fast_lio__rosidl_typesupport_introspection_c.dir/rosidl_typesupport_introspection_c/fast_lio/msg/detail/pose6_d__type_support.c.o
[11.167s] [ 50%] Built target fast_lio__rosidl_typesupport_c
[11.242s] [ 52%] Linking CXX shared library libfast_lio__rosidl_typesupport_cpp.so
[11.261s] [ 55%] Linking C shared library libfast_lio__rosidl_typesupport_introspection_c.so
[11.326s] [ 55%] Built target fast_lio__rosidl_typesupport_cpp
[11.332s] [ 55%] Built target fast_lio__rosidl_typesupport_introspection_c
[11.371s] [ 58%] Building CXX object CMakeFiles/fastlio_mapping.dir/src/preprocess.cpp.o
[11.374s] [ 61%] Building CXX object CMakeFiles/fastlio_mapping.dir/src/laserMapping.cpp.o
[11.376s] [ 63%] Building CXX object CMakeFiles/fastlio_mapping.dir/include/ikd-Tree/ikd_Tree.cpp.o
[11.621s] [ 66%] Linking CXX shared library libfast_lio__rosidl_typesupport_introspection_cpp.so
[11.631s] [ 69%] Linking CXX shared library libfast_lio__rosidl_typesupport_fastrtps_cpp.so
[11.717s] [ 69%] Built target fast_lio__rosidl_typesupport_introspection_cpp
[11.805s] [ 69%] Built target fast_lio__rosidl_typesupport_fastrtps_cpp
[11.843s] [ 72%] Linking CXX shared library libfast_lio__rosidl_typesupport_fastrtps_c.so
[11.992s] [ 72%] Built target fast_lio__rosidl_typesupport_fastrtps_c
[12.030s] [ 72%] Built target fast_lio
[12.067s] [ 75%] Generating Python code for ROS interfaces
[12.969s] [ 75%] Built target fast_lio__py
[13.006s] [ 77%] Building C object CMakeFiles/fast_lio__rosidl_generator_py.dir/rosidl_generator_py/fast_lio/msg/_pose6_d_s.c.o
[13.317s] [ 80%] Linking C shared library rosidl_generator_py/fast_lio/libfast_lio__rosidl_generator_py.so
[13.392s] [ 80%] Built target fast_lio__rosidl_generator_py
[13.431s] [ 86%] Building C object CMakeFiles/fast_lio__rosidl_typesupport_c__pyext.dir/rosidl_generator_py/fast_lio/_fast_lio_s.ep.rosidl_typesupport_c.c.o
[13.431s] [ 86%] Building C object CMakeFiles/fast_lio__rosidl_typesupport_fastrtps_c__pyext.dir/rosidl_generator_py/fast_lio/_fast_lio_s.ep.rosidl_typesupport_fastrtps_c.c.o
[13.431s] [ 88%] Building C object CMakeFiles/fast_lio__rosidl_typesupport_introspection_c__pyext.dir/rosidl_generator_py/fast_lio/_fast_lio_s.ep.rosidl_typesupport_introspection_c.c.o
[13.674s] [ 94%] Linking C shared library rosidl_generator_py/fast_lio/fast_lio_s__rosidl_typesupport_introspection_c.cpython-310-aarch64-linux-gnu.so
[13.674s] [ 94%] Linking C shared library rosidl_generator_py/fast_lio/fast_lio_s__rosidl_typesupport_fastrtps_c.cpython-310-aarch64-linux-gnu.so
[13.685s] [ 97%] Linking C shared library rosidl_generator_py/fast_lio/fast_lio_s__rosidl_typesupport_c.cpython-310-aarch64-linux-gnu.so
[13.737s] [ 97%] Built target fast_lio__rosidl_typesupport_introspection_c__pyext
[13.738s] [ 97%] Built target fast_lio__rosidl_typesupport_fastrtps_c__pyext
[13.767s] [ 97%] Built target fast_lio__rosidl_typesupport_c__pyext
[25.703s] In file included from /usr/include/boost/smart_ptr/detail/sp_thread_sleep.hpp:22,
[25.704s]                  from /usr/include/boost/smart_ptr/detail/yield_k.hpp:23,
[25.704s]                  from /usr/include/boost/smart_ptr/detail/spinlock_gcc_atomic.hpp:14,
[25.704s]                  from /usr/include/boost/smart_ptr/detail/spinlock.hpp:42,
[25.704s]                  from /usr/include/boost/smart_ptr/detail/spinlock_pool.hpp:25,
[25.704s]                  from /usr/include/boost/smart_ptr/shared_ptr.hpp:29,
[25.704s]                  from /usr/include/boost/shared_ptr.hpp:17,
[25.704s]                  from /usr/include/boost/date_time/microsec_time_clock.hpp:18,
[25.705s]                  from /usr/include/boost/interprocess/detail/posix_time_types_wrk.hpp:31,
[25.705s]                  from /usr/include/boost/interprocess/detail/os_thread_functions.hpp:36,
[25.705s]                  from /usr/include/boost/interprocess/sync/file_lock.hpp:26,
[25.705s]                  from /usr/include/pcl-1.12/pcl/io/pcd_io.h:46,
[25.705s]                  from /opt/ros/humble/include/pcl_conversions/pcl_conversions/pcl_conversions.h:73,
[25.705s]                  from /home/user/fast_lio2_ws/fast_lio2_ws/src/FAST_LIO_ROS2/FAST_LIO/src/IMU_Processing.hpp:18,
[25.705s]                  from /home/user/fast_lio2_ws/fast_lio2_ws/src/FAST_LIO_ROS2/FAST_LIO/src/laserMapping.cpp:47:
[25.705s] /usr/include/boost/bind.hpp:36:1: note: ‘#pragma message: The practice of declaring the Bind placeholders (_1, _2, ...) in the global namespace is deprecated. Please use <boost/bind/bind.hpp> + using namespace boost::placeholders, or define BOOST_BIND_GLOBAL_PLACEHOLDERS to retain the current behavior.’
[25.706s]    36 | BOOST_PRAGMA_MESSAGE(
[25.706s]       | ^~~~~~~~~~~~~~~~~~~~
[38.294s] In file included from /home/user/fast_lio2_ws/fast_lio2_ws/src/FAST_LIO_ROS2/FAST_LIO/include/IKFoM_toolkit/esekfom/../mtk/types/SOn.hpp:83,
[38.294s]                  from /home/user/fast_lio2_ws/fast_lio2_ws/src/FAST_LIO_ROS2/FAST_LIO/include/IKFoM_toolkit/esekfom/esekfom.hpp:49,
[38.295s]                  from /home/user/fast_lio2_ws/fast_lio2_ws/src/FAST_LIO_ROS2/FAST_LIO/include/use-ikfom.hpp:4,
[38.295s]                  from /home/user/fast_lio2_ws/fast_lio2_ws/src/FAST_LIO_ROS2/FAST_LIO/src/IMU_Processing.hpp:22,
[38.295s]                  from /home/user/fast_lio2_ws/fast_lio2_ws/src/FAST_LIO_ROS2/FAST_LIO/src/laserMapping.cpp:47:
[38.295s] /home/user/fast_lio2_ws/fast_lio2_ws/src/FAST_LIO_ROS2/FAST_LIO/include/IKFoM_toolkit/esekfom/../mtk/types/../src/mtkmath.hpp: In instantiation of ‘std::pair<_FIter, _FIter> MTK::cos_sinc_sqrt(const scalar&) [with scalar = double]’:
[38.295s] /home/user/fast_lio2_ws/fast_lio2_ws/src/FAST_LIO_ROS2/FAST_LIO/include/IKFoM_toolkit/esekfom/../mtk/types/../src/mtkmath.hpp:252:52:   required from ‘scalar MTK::exp(MTK::vectview<scalar, dim>, MTK::vectview<const scalar, dim>, const scalar&) [with scalar = double; int n = 3]’
[38.295s] /home/user/fast_lio2_ws/fast_lio2_ws/src/FAST_LIO_ROS2/FAST_LIO/include/IKFoM_toolkit/esekfom/../mtk/types/S2.hpp:140:32:   required from ‘void MTK::S2<_scalar, den, num, S2_typ>::boxplus(MTK::vectview<const _scalar, 2>, MTK::S2<_scalar, den, num, S2_typ>::scalar) [with _scalar = double; int den = 98090; int num = 10000; int S2_typ = 1; MTK::S2<_scalar, den, num, S2_typ>::scalar = double]’
[38.296s] /home/user/fast_lio2_ws/fast_lio2_ws/src/FAST_LIO_ROS2/FAST_LIO/include/use-ikfom.hpp:12:1:   required from here
[38.296s] /home/user/fast_lio2_ws/fast_lio2_ws/src/FAST_LIO_ROS2/FAST_LIO/include/IKFoM_toolkit/esekfom/../mtk/types/../src/mtkmath.hpp:143:27: note: parameter passing for argument of type ‘std::pair<double, double>’ when C++17 is enabled changed to match C++14 in GCC 10.1
[38.296s]   143 | std::pair<scalar, scalar> cos_sinc_sqrt(const scalar &x2){
[38.296s]       |                           ^~~~~~~~~~~~~
[163.854s] [100%] Linking CXX executable fastlio_mapping
[166.387s] [100%] Built target fastlio_mapping
[166.409s] Invoked command in '/home/user/fast_lio2_ws/fast_lio2_ws/build/fast_lio' returned '0': AMENT_PREFIX_PATH=/home/user/fast_lio2_ws/fast_lio2_ws/install/livox_ros_driver2:${AMENT_PREFIX_PATH} CMAKE_PREFIX_PATH=/home/user/fast_lio2_ws/fast_lio2_ws/install/livox_ros_driver2:/opt/ros/humble LD_LIBRARY_PATH=/home/user/fast_lio2_ws/fast_lio2_ws/install/livox_ros_driver2/lib:/opt/ros/humble/opt/rviz_ogre_vendor/lib:/opt/ros/humble/lib/aarch64-linux-gnu:/opt/ros/humble/lib:/usr/local/cuda-12.6/lib64 PYTHONPATH=/home/user/fast_lio2_ws/fast_lio2_ws/install/livox_ros_driver2/local/lib/python3.10/dist-packages:${PYTHONPATH} /usr/bin/cmake --build /home/user/fast_lio2_ws/fast_lio2_ws/build/fast_lio -- -j8 -l8
[166.413s] Invoking command in '/home/user/fast_lio2_ws/fast_lio2_ws/build/fast_lio': AMENT_PREFIX_PATH=/home/user/fast_lio2_ws/fast_lio2_ws/install/livox_ros_driver2:${AMENT_PREFIX_PATH} CMAKE_PREFIX_PATH=/home/user/fast_lio2_ws/fast_lio2_ws/install/livox_ros_driver2:/opt/ros/humble LD_LIBRARY_PATH=/home/user/fast_lio2_ws/fast_lio2_ws/install/livox_ros_driver2/lib:/opt/ros/humble/opt/rviz_ogre_vendor/lib:/opt/ros/humble/lib/aarch64-linux-gnu:/opt/ros/humble/lib:/usr/local/cuda-12.6/lib64 PYTHONPATH=/home/user/fast_lio2_ws/fast_lio2_ws/install/livox_ros_driver2/local/lib/python3.10/dist-packages:${PYTHONPATH} /usr/bin/cmake --install /home/user/fast_lio2_ws/fast_lio2_ws/build/fast_lio
[166.428s] -- Install configuration: "Release"
[166.428s] -- Execute custom install script
[166.429s] -- Symlinking: /home/user/fast_lio2_ws/fast_lio2_ws/install/fast_lio/share/ament_index/resource_index/rosidl_interfaces/fast_lio
[166.446s] -- Symlinking: /home/user/fast_lio2_ws/fast_lio2_ws/install/fast_lio/include/fast_lio/fast_lio/msg/detail/pose6_d__functions.h
[166.462s] -- Symlinking: /home/user/fast_lio2_ws/fast_lio2_ws/install/fast_lio/include/fast_lio/fast_lio/msg/detail/pose6_d__struct.h
[166.477s] -- Symlinking: /home/user/fast_lio2_ws/fast_lio2_ws/install/fast_lio/include/fast_lio/fast_lio/msg/detail/pose6_d__type_support.h
[166.493s] -- Symlinking: /home/user/fast_lio2_ws/fast_lio2_ws/install/fast_lio/include/fast_lio/fast_lio/msg/pose6_d.h
[166.509s] -- Symlinking: /home/user/fast_lio2_ws/fast_lio2_ws/install/fast_lio/include/fast_lio/fast_lio/msg/rosidl_generator_c__visibility_control.h
[166.526s] -- Symlinking: /home/user/fast_lio2_ws/fast_lio2_ws/install/fast_lio/share/fast_lio/environment/library_path.sh
[166.542s] -- Symlinking: /home/user/fast_lio2_ws/fast_lio2_ws/install/fast_lio/share/fast_lio/environment/library_path.dsv
[166.563s] -- Symlinking: /home/user/fast_lio2_ws/fast_lio2_ws/install/fast_lio/include/fast_lio/fast_lio/msg/detail/pose6_d__rosidl_typesupport_fastrtps_c.h
[166.579s] -- Symlinking: /home/user/fast_lio2_ws/fast_lio2_ws/install/fast_lio/include/fast_lio/fast_lio/msg/rosidl_typesupport_fastrtps_c__visibility_control.h
[166.595s] -- Symlinking: /home/user/fast_lio2_ws/fast_lio2_ws/install/fast_lio/include/fast_lio/fast_lio/msg/detail/pose6_d__builder.hpp
[166.611s] -- Symlinking: /home/user/fast_lio2_ws/fast_lio2_ws/install/fast_lio/include/fast_lio/fast_lio/msg/detail/pose6_d__struct.hpp
[166.627s] -- Symlinking: /home/user/fast_lio2_ws/fast_lio2_ws/install/fast_lio/include/fast_lio/fast_lio/msg/detail/pose6_d__traits.hpp
[166.644s] -- Symlinking: /home/user/fast_lio2_ws/fast_lio2_ws/install/fast_lio/include/fast_lio/fast_lio/msg/detail/pose6_d__type_support.hpp
[166.660s] -- Symlinking: /home/user/fast_lio2_ws/fast_lio2_ws/install/fast_lio/include/fast_lio/fast_lio/msg/pose6_d.hpp
[166.676s] -- Symlinking: /home/user/fast_lio2_ws/fast_lio2_ws/install/fast_lio/include/fast_lio/fast_lio/msg/rosidl_generator_cpp__visibility_control.hpp
[166.693s] -- Symlinking: /home/user/fast_lio2_ws/fast_lio2_ws/install/fast_lio/include/fast_lio/fast_lio/msg/detail/pose6_d__rosidl_typesupport_fastrtps_cpp.hpp
[166.709s] -- Symlinking: /home/user/fast_lio2_ws/fast_lio2_ws/install/fast_lio/include/fast_lio/fast_lio/msg/rosidl_typesupport_fastrtps_cpp__visibility_control.h
[166.726s] -- Symlinking: /home/user/fast_lio2_ws/fast_lio2_ws/install/fast_lio/include/fast_lio/fast_lio/msg/detail/pose6_d__rosidl_typesupport_introspection_c.h
[166.749s] -- Symlinking: /home/user/fast_lio2_ws/fast_lio2_ws/install/fast_lio/include/fast_lio/fast_lio/msg/rosidl_typesupport_introspection_c__visibility_control.h
[166.767s] -- Symlinking: /home/user/fast_lio2_ws/fast_lio2_ws/install/fast_lio/include/fast_lio/fast_lio/msg/detail/pose6_d__rosidl_typesupport_introspection_cpp.hpp
[166.783s] -- Symlinking: /home/user/fast_lio2_ws/fast_lio2_ws/install/fast_lio/share/fast_lio/environment/pythonpath.sh
[166.800s] -- Symlinking: /home/user/fast_lio2_ws/fast_lio2_ws/install/fast_lio/share/fast_lio/environment/pythonpath.dsv
[166.817s] -- Symlinking: /home/user/fast_lio2_ws/fast_lio2_ws/install/fast_lio/local/lib/python3.10/dist-packages/fast_lio-0.0.0-py3.10.egg-info/PKG-INFO
[166.838s] -- Symlinking: /home/user/fast_lio2_ws/fast_lio2_ws/install/fast_lio/local/lib/python3.10/dist-packages/fast_lio-0.0.0-py3.10.egg-info/SOURCES.txt
[166.856s] -- Symlinking: /home/user/fast_lio2_ws/fast_lio2_ws/install/fast_lio/local/lib/python3.10/dist-packages/fast_lio-0.0.0-py3.10.egg-info/dependency_links.txt
[166.873s] -- Symlinking: /home/user/fast_lio2_ws/fast_lio2_ws/install/fast_lio/local/lib/python3.10/dist-packages/fast_lio-0.0.0-py3.10.egg-info/top_level.txt
[166.891s] -- Symlinking: /home/user/fast_lio2_ws/fast_lio2_ws/install/fast_lio/local/lib/python3.10/dist-packages/fast_lio/__init__.py
[166.908s] -- Symlinking: /home/user/fast_lio2_ws/fast_lio2_ws/install/fast_lio/local/lib/python3.10/dist-packages/fast_lio/_fast_lio_s.ep.rosidl_typesupport_c.c
[166.926s] -- Symlinking: /home/user/fast_lio2_ws/fast_lio2_ws/install/fast_lio/local/lib/python3.10/dist-packages/fast_lio/_fast_lio_s.ep.rosidl_typesupport_fastrtps_c.c
[166.945s] -- Symlinking: /home/user/fast_lio2_ws/fast_lio2_ws/install/fast_lio/local/lib/python3.10/dist-packages/fast_lio/_fast_lio_s.ep.rosidl_typesupport_introspection_c.c
[166.961s] -- Symlinking: /home/user/fast_lio2_ws/fast_lio2_ws/install/fast_lio/local/lib/python3.10/dist-packages/fast_lio/fast_lio_s__rosidl_typesupport_c.cpython-310-aarch64-linux-gnu.so
[166.978s] -- Symlinking: /home/user/fast_lio2_ws/fast_lio2_ws/install/fast_lio/local/lib/python3.10/dist-packages/fast_lio/fast_lio_s__rosidl_typesupport_fastrtps_c.cpython-310-aarch64-linux-gnu.so
[166.995s] -- Symlinking: /home/user/fast_lio2_ws/fast_lio2_ws/install/fast_lio/local/lib/python3.10/dist-packages/fast_lio/fast_lio_s__rosidl_typesupport_introspection_c.cpython-310-aarch64-linux-gnu.so
[167.013s] -- Symlinking: /home/user/fast_lio2_ws/fast_lio2_ws/install/fast_lio/local/lib/python3.10/dist-packages/fast_lio/libfast_lio__rosidl_generator_py.so
[167.030s] -- Symlinking: /home/user/fast_lio2_ws/fast_lio2_ws/install/fast_lio/local/lib/python3.10/dist-packages/fast_lio/msg/__init__.py
[167.047s] -- Symlinking: /home/user/fast_lio2_ws/fast_lio2_ws/install/fast_lio/local/lib/python3.10/dist-packages/fast_lio/msg/_pose6_d.py
[167.064s] -- Symlinking: /home/user/fast_lio2_ws/fast_lio2_ws/install/fast_lio/local/lib/python3.10/dist-packages/fast_lio/msg/_pose6_d_s.c
[167.083s] -- Up-to-date symlink: /home/user/fast_lio2_ws/fast_lio2_ws/install/fast_lio/local/lib/python3.10/dist-packages/fast_lio/fast_lio_s__rosidl_typesupport_fastrtps_c.cpython-310-aarch64-linux-gnu.so
[167.083s] -- Up-to-date symlink: /home/user/fast_lio2_ws/fast_lio2_ws/install/fast_lio/local/lib/python3.10/dist-packages/fast_lio/fast_lio_s__rosidl_typesupport_introspection_c.cpython-310-aarch64-linux-gnu.so
[167.084s] -- Up-to-date symlink: /home/user/fast_lio2_ws/fast_lio2_ws/install/fast_lio/local/lib/python3.10/dist-packages/fast_lio/fast_lio_s__rosidl_typesupport_c.cpython-310-aarch64-linux-gnu.so
[167.085s] -- Symlinking: /home/user/fast_lio2_ws/fast_lio2_ws/install/fast_lio/share/ament_index/resource_index/rust_packages/fast_lio
[167.102s] -- Symlinking: /home/user/fast_lio2_ws/fast_lio2_ws/install/fast_lio/share/fast_lio/rust/Cargo.toml
[167.118s] -- Symlinking: /home/user/fast_lio2_ws/fast_lio2_ws/install/fast_lio/share/fast_lio/rust/build.rs
[167.134s] -- Symlinking: /home/user/fast_lio2_ws/fast_lio2_ws/install/fast_lio/share/fast_lio/rust/src/lib.rs
[167.150s] -- Symlinking: /home/user/fast_lio2_ws/fast_lio2_ws/install/fast_lio/share/fast_lio/rust/src/msg.rs
[167.166s] -- Symlinking: /home/user/fast_lio2_ws/fast_lio2_ws/install/fast_lio/share/fast_lio/rust/src/msg/rmw.rs
[167.182s] -- Symlinking: /home/user/fast_lio2_ws/fast_lio2_ws/install/fast_lio/share/fast_lio/msg/Pose6D.idl
[167.199s] -- Symlinking: /home/user/fast_lio2_ws/fast_lio2_ws/install/fast_lio/share/fast_lio/msg/Pose6D.msg
[167.215s] -- Symlinking: /home/user/fast_lio2_ws/fast_lio2_ws/install/fast_lio/lib/fast_lio/fastlio_mapping
[167.234s] -- Symlinking: /home/user/fast_lio2_ws/fast_lio2_ws/install/fast_lio/share/fast_lio/config/avia.yaml
[167.251s] -- Symlinking: /home/user/fast_lio2_ws/fast_lio2_ws/install/fast_lio/share/fast_lio/config/horizon.yaml
[167.266s] -- Symlinking: /home/user/fast_lio2_ws/fast_lio2_ws/install/fast_lio/share/fast_lio/config/m2dgr.yaml
[167.282s] -- Symlinking: /home/user/fast_lio2_ws/fast_lio2_ws/install/fast_lio/share/fast_lio/config/mid360.yaml
[167.302s] -- Symlinking: /home/user/fast_lio2_ws/fast_lio2_ws/install/fast_lio/share/fast_lio/config/ouster64.yaml
[167.323s] -- Symlinking: /home/user/fast_lio2_ws/fast_lio2_ws/install/fast_lio/share/fast_lio/config/velodyne.yaml
[167.345s] -- Symlinking: /home/user/fast_lio2_ws/fast_lio2_ws/install/fast_lio/share/fast_lio/launch/gdb_debug_example.launch
[167.361s] -- Symlinking: /home/user/fast_lio2_ws/fast_lio2_ws/install/fast_lio/share/fast_lio/launch/mapping_avia.launch.py
[167.381s] -- Symlinking: /home/user/fast_lio2_ws/fast_lio2_ws/install/fast_lio/share/fast_lio/launch/mapping_horizon.launch.py
[167.399s] -- Symlinking: /home/user/fast_lio2_ws/fast_lio2_ws/install/fast_lio/share/fast_lio/launch/mapping_m2dgr.launch.py
[167.415s] -- Symlinking: /home/user/fast_lio2_ws/fast_lio2_ws/install/fast_lio/share/fast_lio/launch/mapping_mid360.launch.py
[167.431s] -- Symlinking: /home/user/fast_lio2_ws/fast_lio2_ws/install/fast_lio/share/fast_lio/launch/mapping_ouster64.launch.py
[167.448s] -- Symlinking: /home/user/fast_lio2_ws/fast_lio2_ws/install/fast_lio/share/fast_lio/launch/mapping_velodyne.launch.py
[167.465s] -- Symlinking: /home/user/fast_lio2_ws/fast_lio2_ws/install/fast_lio/share/fast_lio/rviz_cfg/.gitignore
[167.482s] -- Symlinking: /home/user/fast_lio2_ws/fast_lio2_ws/install/fast_lio/share/fast_lio/rviz_cfg/fastlio.rviz
[167.500s] -- Symlinking: /home/user/fast_lio2_ws/fast_lio2_ws/install/fast_lio/share/fast_lio/rviz_cfg/m2dgr.rviz
[167.518s] -- Symlinking: /home/user/fast_lio2_ws/fast_lio2_ws/install/fast_lio/share/ament_index/resource_index/package_run_dependencies/fast_lio
[167.538s] -- Symlinking: /home/user/fast_lio2_ws/fast_lio2_ws/install/fast_lio/share/ament_index/resource_index/parent_prefix_path/fast_lio
[167.558s] -- Symlinking: /home/user/fast_lio2_ws/fast_lio2_ws/install/fast_lio/share/fast_lio/environment/ament_prefix_path.sh
[167.575s] -- Symlinking: /home/user/fast_lio2_ws/fast_lio2_ws/install/fast_lio/share/fast_lio/environment/ament_prefix_path.dsv
[167.594s] -- Symlinking: /home/user/fast_lio2_ws/fast_lio2_ws/install/fast_lio/share/fast_lio/environment/path.sh
[167.611s] -- Symlinking: /home/user/fast_lio2_ws/fast_lio2_ws/install/fast_lio/share/fast_lio/environment/path.dsv
[167.631s] -- Symlinking: /home/user/fast_lio2_ws/fast_lio2_ws/install/fast_lio/share/fast_lio/local_setup.bash
[167.647s] -- Symlinking: /home/user/fast_lio2_ws/fast_lio2_ws/install/fast_lio/share/fast_lio/local_setup.sh
[167.663s] -- Symlinking: /home/user/fast_lio2_ws/fast_lio2_ws/install/fast_lio/share/fast_lio/local_setup.zsh
[167.682s] -- Symlinking: /home/user/fast_lio2_ws/fast_lio2_ws/install/fast_lio/share/fast_lio/local_setup.dsv
[167.698s] -- Symlinking: /home/user/fast_lio2_ws/fast_lio2_ws/install/fast_lio/share/fast_lio/package.dsv
[167.715s] -- Symlinking: /home/user/fast_lio2_ws/fast_lio2_ws/install/fast_lio/share/ament_index/resource_index/packages/fast_lio
[167.731s] -- Symlinking: /home/user/fast_lio2_ws/fast_lio2_ws/install/fast_lio/share/fast_lio/cmake/rosidl_cmake-extras.cmake
[167.749s] -- Symlinking: /home/user/fast_lio2_ws/fast_lio2_ws/install/fast_lio/share/fast_lio/cmake/ament_cmake_export_include_directories-extras.cmake
[167.765s] -- Symlinking: /home/user/fast_lio2_ws/fast_lio2_ws/install/fast_lio/share/fast_lio/cmake/ament_cmake_export_libraries-extras.cmake
[167.781s] -- Symlinking: /home/user/fast_lio2_ws/fast_lio2_ws/install/fast_lio/share/fast_lio/cmake/ament_cmake_export_targets-extras.cmake
[167.797s] -- Symlinking: /home/user/fast_lio2_ws/fast_lio2_ws/install/fast_lio/share/fast_lio/cmake/rosidl_cmake_export_typesupport_targets-extras.cmake
[167.817s] -- Symlinking: /home/user/fast_lio2_ws/fast_lio2_ws/install/fast_lio/share/fast_lio/cmake/ament_cmake_export_dependencies-extras.cmake
[167.836s] -- Symlinking: /home/user/fast_lio2_ws/fast_lio2_ws/install/fast_lio/share/fast_lio/cmake/rosidl_cmake_export_typesupport_libraries-extras.cmake
[167.854s] -- Symlinking: /home/user/fast_lio2_ws/fast_lio2_ws/install/fast_lio/share/fast_lio/cmake/fast_lioConfig.cmake
[167.872s] -- Symlinking: /home/user/fast_lio2_ws/fast_lio2_ws/install/fast_lio/share/fast_lio/cmake/fast_lioConfig-version.cmake
[167.891s] -- Symlinking: /home/user/fast_lio2_ws/fast_lio2_ws/install/fast_lio/share/fast_lio/package.xml
[167.908s] -- Installing: /home/user/fast_lio2_ws/fast_lio2_ws/install/fast_lio/lib/libfast_lio__rosidl_generator_c.so
[167.910s] -- Set runtime path of "/home/user/fast_lio2_ws/fast_lio2_ws/install/fast_lio/lib/libfast_lio__rosidl_generator_c.so" to ""
[167.910s] -- Installing: /home/user/fast_lio2_ws/fast_lio2_ws/install/fast_lio/lib/libfast_lio__rosidl_typesupport_fastrtps_c.so
[167.911s] -- Set runtime path of "/home/user/fast_lio2_ws/fast_lio2_ws/install/fast_lio/lib/libfast_lio__rosidl_typesupport_fastrtps_c.so" to ""
[167.911s] -- Installing: /home/user/fast_lio2_ws/fast_lio2_ws/install/fast_lio/lib/libfast_lio__rosidl_typesupport_fastrtps_cpp.so
[167.912s] -- Set runtime path of "/home/user/fast_lio2_ws/fast_lio2_ws/install/fast_lio/lib/libfast_lio__rosidl_typesupport_fastrtps_cpp.so" to ""
[167.912s] -- Installing: /home/user/fast_lio2_ws/fast_lio2_ws/install/fast_lio/lib/libfast_lio__rosidl_typesupport_introspection_c.so
[167.913s] -- Set runtime path of "/home/user/fast_lio2_ws/fast_lio2_ws/install/fast_lio/lib/libfast_lio__rosidl_typesupport_introspection_c.so" to ""
[167.913s] -- Installing: /home/user/fast_lio2_ws/fast_lio2_ws/install/fast_lio/lib/libfast_lio__rosidl_typesupport_c.so
[167.913s] -- Set runtime path of "/home/user/fast_lio2_ws/fast_lio2_ws/install/fast_lio/lib/libfast_lio__rosidl_typesupport_c.so" to ""
[167.914s] -- Installing: /home/user/fast_lio2_ws/fast_lio2_ws/install/fast_lio/lib/libfast_lio__rosidl_typesupport_introspection_cpp.so
[167.914s] -- Set runtime path of "/home/user/fast_lio2_ws/fast_lio2_ws/install/fast_lio/lib/libfast_lio__rosidl_typesupport_introspection_cpp.so" to ""
[167.914s] -- Installing: /home/user/fast_lio2_ws/fast_lio2_ws/install/fast_lio/lib/libfast_lio__rosidl_typesupport_cpp.so
[167.916s] -- Set runtime path of "/home/user/fast_lio2_ws/fast_lio2_ws/install/fast_lio/lib/libfast_lio__rosidl_typesupport_cpp.so" to ""
[167.990s] Listing '/home/user/fast_lio2_ws/fast_lio2_ws/install/fast_lio/local/lib/python3.10/dist-packages/fast_lio'...
[167.990s] Compiling '/home/user/fast_lio2_ws/fast_lio2_ws/install/fast_lio/local/lib/python3.10/dist-packages/fast_lio/__init__.py'...
[167.990s] Listing '/home/user/fast_lio2_ws/fast_lio2_ws/install/fast_lio/local/lib/python3.10/dist-packages/fast_lio/msg'...
[167.990s] Compiling '/home/user/fast_lio2_ws/fast_lio2_ws/install/fast_lio/local/lib/python3.10/dist-packages/fast_lio/msg/__init__.py'...
[167.990s] Compiling '/home/user/fast_lio2_ws/fast_lio2_ws/install/fast_lio/local/lib/python3.10/dist-packages/fast_lio/msg/_pose6_d.py'...
[168.001s] -- Installing: /home/user/fast_lio2_ws/fast_lio2_ws/install/fast_lio/lib/libfast_lio__rosidl_generator_py.so
[168.002s] -- Set runtime path of "/home/user/fast_lio2_ws/fast_lio2_ws/install/fast_lio/lib/libfast_lio__rosidl_generator_py.so" to ""
[168.002s] -- Installing: /home/user/fast_lio2_ws/fast_lio2_ws/install/fast_lio/share/fast_lio/cmake/export_fast_lio__rosidl_generator_cExport.cmake
[168.003s] -- Installing: /home/user/fast_lio2_ws/fast_lio2_ws/install/fast_lio/share/fast_lio/cmake/export_fast_lio__rosidl_generator_cExport-release.cmake
[168.003s] -- Installing: /home/user/fast_lio2_ws/fast_lio2_ws/install/fast_lio/share/fast_lio/cmake/export_fast_lio__rosidl_typesupport_fastrtps_cExport.cmake
[168.004s] -- Installing: /home/user/fast_lio2_ws/fast_lio2_ws/install/fast_lio/share/fast_lio/cmake/export_fast_lio__rosidl_typesupport_fastrtps_cExport-release.cmake
[168.004s] -- Installing: /home/user/fast_lio2_ws/fast_lio2_ws/install/fast_lio/share/fast_lio/cmake/export_fast_lio__rosidl_generator_cppExport.cmake
[168.005s] -- Installing: /home/user/fast_lio2_ws/fast_lio2_ws/install/fast_lio/share/fast_lio/cmake/export_fast_lio__rosidl_typesupport_fastrtps_cppExport.cmake
[168.005s] -- Installing: /home/user/fast_lio2_ws/fast_lio2_ws/install/fast_lio/share/fast_lio/cmake/export_fast_lio__rosidl_typesupport_fastrtps_cppExport-release.cmake
[168.006s] -- Installing: /home/user/fast_lio2_ws/fast_lio2_ws/install/fast_lio/share/fast_lio/cmake/fast_lio__rosidl_typesupport_introspection_cExport.cmake
[168.007s] -- Installing: /home/user/fast_lio2_ws/fast_lio2_ws/install/fast_lio/share/fast_lio/cmake/fast_lio__rosidl_typesupport_introspection_cExport-release.cmake
[168.007s] -- Installing: /home/user/fast_lio2_ws/fast_lio2_ws/install/fast_lio/share/fast_lio/cmake/fast_lio__rosidl_typesupport_cExport.cmake
[168.008s] -- Installing: /home/user/fast_lio2_ws/fast_lio2_ws/install/fast_lio/share/fast_lio/cmake/fast_lio__rosidl_typesupport_cExport-release.cmake
[168.008s] -- Installing: /home/user/fast_lio2_ws/fast_lio2_ws/install/fast_lio/share/fast_lio/cmake/fast_lio__rosidl_typesupport_introspection_cppExport.cmake
[168.009s] -- Installing: /home/user/fast_lio2_ws/fast_lio2_ws/install/fast_lio/share/fast_lio/cmake/fast_lio__rosidl_typesupport_introspection_cppExport-release.cmake
[168.009s] -- Installing: /home/user/fast_lio2_ws/fast_lio2_ws/install/fast_lio/share/fast_lio/cmake/fast_lio__rosidl_typesupport_cppExport.cmake
[168.010s] -- Installing: /home/user/fast_lio2_ws/fast_lio2_ws/install/fast_lio/share/fast_lio/cmake/fast_lio__rosidl_typesupport_cppExport-release.cmake
[168.010s] -- Installing: /home/user/fast_lio2_ws/fast_lio2_ws/install/fast_lio/share/fast_lio/cmake/export_fast_lio__rosidl_generator_pyExport.cmake
[168.011s] -- Installing: /home/user/fast_lio2_ws/fast_lio2_ws/install/fast_lio/share/fast_lio/cmake/export_fast_lio__rosidl_generator_pyExport-release.cmake
[168.019s] Invoked command in '/home/user/fast_lio2_ws/fast_lio2_ws/build/fast_lio' returned '0': AMENT_PREFIX_PATH=/home/user/fast_lio2_ws/fast_lio2_ws/install/livox_ros_driver2:${AMENT_PREFIX_PATH} CMAKE_PREFIX_PATH=/home/user/fast_lio2_ws/fast_lio2_ws/install/livox_ros_driver2:/opt/ros/humble LD_LIBRARY_PATH=/home/user/fast_lio2_ws/fast_lio2_ws/install/livox_ros_driver2/lib:/opt/ros/humble/opt/rviz_ogre_vendor/lib:/opt/ros/humble/lib/aarch64-linux-gnu:/opt/ros/humble/lib:/usr/local/cuda-12.6/lib64 PYTHONPATH=/home/user/fast_lio2_ws/fast_lio2_ws/install/livox_ros_driver2/local/lib/python3.10/dist-packages:${PYTHONPATH} /usr/bin/cmake --install /home/user/fast_lio2_ws/fast_lio2_ws/build/fast_lio
